?   	github.com/vmware-tanzu/crash-diagnostics	[no test files]
?   	github.com/vmware-tanzu/crash-diagnostics/archiver	[no test files]
?   	github.com/vmware-tanzu/crash-diagnostics/buildinfo	[no test files]
=== RUN   TestCmd
Running Suite: Cmd Suite
========================
Random Seed: [1m1686105559[0m
Will run [1m6[0m of [1m6[0m specs

[32m•[0m[32m•[0m[32m•[0m[32m•[0m[32m•[0m[32m•[0m
[1m[32mRan 6 of 6 Specs in 0.004 seconds[0m
[1m[32mSUCCESS![0m -- [32m[1m6 Passed[0m | [91m[1m0 Failed[0m | [33m[1m0 Pending[0m | [36m[1m0 Skipped[0m
--- PASS: TestCmd (0.01s)
PASS
ok  	github.com/vmware-tanzu/crash-diagnostics/cmd	(cached)
time="2023-06-07T12:41:21+10:00" level=info msg="Created testing root dir: /Users/pegrant/.crashd-testing/crashd-test-8b8733df59ccc577"
time="2023-06-07T12:41:21+10:00" level=info msg="Created testing work dir: /Users/pegrant/.crashd-testing/crashd-test-8b8733df59ccc577/work"
time="2023-06-07T12:41:21+10:00" level=info msg="Writing private key file: /Users/pegrant/.crashd-testing/crashd-test-8b8733df59ccc577/work/id_rsa"
time="2023-06-07T12:41:21+10:00" level=info msg="Writing private key file: /Users/pegrant/.crashd-testing/crashd-test-8b8733df59ccc577/work/id_rsa.pub"
time="2023-06-07T12:41:21+10:00" level=info msg="Created testing temp root dir: /Users/pegrant/.crashd-testing/crashd-test-8b8733df59ccc577/tmp"
time="2023-06-07T12:41:21+10:00" level=info msg="Starting SSH server: docker run --rm --detach --name=crashd-test-8b8733df59ccc577 -p 2222:2222 -e PUBLIC_KEY_FILE=/config/id_rsa.pub -e USER_NAME=pegrant -e DOCKER_MODS=linuxserver/mods:openssh-server-openssh-client -e SUDO_ACCESS=true -v /Users/pegrant/.crashd-testing/crashd-test-8b8733df59ccc577/work:/config linuxserver/openssh-server"
time="2023-06-07T12:41:30+10:00" level=info msg="SSH server container started: name=crashd-test-8b8733df59ccc577, port=2222 (docker id - Unable to find image 'linuxserver/openssh-server:latest' locally\nlatest: Pulling from linuxserver/openssh-server\ndfaaf774851f: Pulling fs layer\n8bc286c87514: Pulling fs layer\nc7f0bece78a2: Pulling fs layer\nb500a0456507: Pulling fs layer\n08900da404ed: Pulling fs layer\nfe4074d163b2: Pulling fs layer\n9248249551a9: Pulling fs layer\nb500a0456507: Waiting\n9248249551a9: Waiting\n08900da404ed: Waiting\nfe4074d163b2: Waiting\n8bc286c87514: Download complete\nc7f0bece78a2: Verifying Checksum\nc7f0bece78a2: Download complete\ndfaaf774851f: Verifying Checksum\ndfaaf774851f: Download complete\ndfaaf774851f: Pull complete\n8bc286c87514: Pull complete\n08900da404ed: Verifying Checksum\n08900da404ed: Download complete\nc7f0bece78a2: Pull complete\nb500a0456507: Verifying Checksum\nb500a0456507: Download complete\nb500a0456507: Pull complete\n08900da404ed: Pull complete\nfe4074d163b2: Verifying Checksum\nfe4074d163b2: Download complete\n9248249551a9: Verifying Checksum\n9248249551a9: Download complete\nfe4074d163b2: Pull complete\n9248249551a9: Pull complete\nDigest: sha256:f5e1a51c5888fa8a367cd994d575aaea04c0cb4de3ba2cb9e6b54c4c2b0d62b7\nStatus: Downloaded newer image for linuxserver/openssh-server:latest\n6347c8f2938977bdad41acf599d33edb9845691afee1bf9c02248a9a59bd3035)"
time="2023-06-07T12:41:30+10:00" level=info msg="Waiting for SSH server to be ready ..."
time="2023-06-07T12:41:41+10:00" level=info msg="Creating kind cluster crashd-test-8b8733df59ccc577"
time="2023-06-07T12:41:42+10:00" level=info msg="launching: kind create cluster --config /Users/pegrant/crash-diagnostics-parallel/testing/kind-cluster-docker.yaml --name crashd-test-8b8733df59ccc577"
time="2023-06-07T12:42:13+10:00" level=info msg="kind clusters available: crashd-test-8b8733df59ccc577\nkind\nprod01\npsa-wo-cluster-pss\nsc\ntest"
time="2023-06-07T12:42:13+10:00" level=info msg="kind cluster created"
time="2023-06-07T12:42:23+10:00" level=info msg="Creating kind kubeconfig file: /Users/pegrant/.crashd-testing/crashd-test-8b8733df59ccc577/tmp/kubeconfig"
time="2023-06-07T12:42:23+10:00" level=info msg="Retrieving kind kubeconfig for cluster: kind get kubeconfig --name crashd-test-8b8733df59ccc577"
time="2023-06-07T12:42:25+10:00" level=info msg="kind kubeconfig file created: /Users/pegrant/.crashd-testing/crashd-test-8b8733df59ccc577/tmp/kubeconfig"
=== RUN   TestExampleScripts
=== RUN   TestExampleScripts/api_objects
=== RUN   TestExampleScripts/pod_logs
=== RUN   TestExampleScripts/script_with_args
=== RUN   TestExampleScripts/host-list_provider
proc: out: failed to wait: exit status 255
proc: out: failed to wait: exit status 255
=== RUN   TestExampleScripts/kind-capi-bootstrap
--- PASS: TestExampleScripts (9.71s)
    --- PASS: TestExampleScripts/api_objects (2.62s)
    --- PASS: TestExampleScripts/pod_logs (0.05s)
    --- PASS: TestExampleScripts/script_with_args (0.04s)
    --- PASS: TestExampleScripts/host-list_provider (0.33s)
    --- PASS: TestExampleScripts/kind-capi-bootstrap (6.67s)
=== RUN   TestExecute
=== RUN   TestExecute/execute_single_script
=== RUN   TestExecute/execute_with_modules
time="2023-06-07T12:42:35+10:00" level=info msg="2 * 3 = 6"
--- PASS: TestExecute (0.01s)
    --- PASS: TestExecute/execute_single_script (0.01s)
    --- PASS: TestExecute/execute_with_modules (0.00s)
PASS
time="2023-06-07T12:42:35+10:00" level=info msg="Destroying kind cluster..."
time="2023-06-07T12:42:35+10:00" level=info msg="Destroying kind cluster crashd-test-8b8733df59ccc577"
time="2023-06-07T12:42:36+10:00" level=info msg="Kind cluster destroyed"
time="2023-06-07T12:42:37+10:00" level=info msg="Available kind clusters: kind\nprod01\npsa-wo-cluster-pss\nsc\ntest"
time="2023-06-07T12:42:37+10:00" level=info msg="Stopping SSH server container...."
ok  	github.com/vmware-tanzu/crash-diagnostics/exec	(cached)
time="2023-06-07T12:42:46+10:00" level=info msg="Created testing root dir: /Users/pegrant/.crashd-testing/crashd-test-bf64193f76a07703"
time="2023-06-07T12:42:46+10:00" level=info msg="Created testing work dir: /Users/pegrant/.crashd-testing/crashd-test-bf64193f76a07703/work"
time="2023-06-07T12:42:46+10:00" level=info msg="Writing private key file: /Users/pegrant/.crashd-testing/crashd-test-bf64193f76a07703/work/id_rsa"
time="2023-06-07T12:42:46+10:00" level=info msg="Writing private key file: /Users/pegrant/.crashd-testing/crashd-test-bf64193f76a07703/work/id_rsa.pub"
time="2023-06-07T12:42:46+10:00" level=info msg="Created testing temp root dir: /Users/pegrant/.crashd-testing/crashd-test-bf64193f76a07703/tmp"
time="2023-06-07T12:42:46+10:00" level=info msg="Creating kind cluster crashd-test-bf64193f76a07703"
time="2023-06-07T12:42:46+10:00" level=info msg="launching: kind create cluster --config /Users/pegrant/crash-diagnostics-parallel/testing/kind-cluster-docker.yaml --name crashd-test-bf64193f76a07703"
time="2023-06-07T12:43:15+10:00" level=info msg="kind clusters available: crashd-test-bf64193f76a07703\nkind\nprod01\npsa-wo-cluster-pss\nsc\ntest"
time="2023-06-07T12:43:15+10:00" level=info msg="kind cluster created"
time="2023-06-07T12:43:25+10:00" level=info msg="Creating kind kubeconfig file: /Users/pegrant/.crashd-testing/crashd-test-bf64193f76a07703/tmp/kubeconfig"
time="2023-06-07T12:43:25+10:00" level=info msg="Retrieving kind kubeconfig for cluster: kind get kubeconfig --name crashd-test-bf64193f76a07703"
time="2023-06-07T12:43:27+10:00" level=info msg="kind kubeconfig file created: /Users/pegrant/.crashd-testing/crashd-test-bf64193f76a07703/tmp/kubeconfig"
=== RUN   TestClientNew
=== RUN   TestClientNew/client_with_no_cluster_context
    client_test.go:31: found 9 objects
=== RUN   TestClientNew/client_with_cluster_context
    client_test.go:49: found 9 objects
--- PASS: TestClientNew (0.15s)
    --- PASS: TestClientNew/client_with_no_cluster_context (0.08s)
    --- PASS: TestClientNew/client_with_cluster_context (0.07s)
=== RUN   TestClient_Search
=== RUN   TestClient_Search/empty_params
=== RUN   TestClient_Search/groups_only
    client_test.go:84: found 8 objects
=== RUN   TestClient_Search/kinds_(resources)_only
    client_test.go:98: found 9 objects
--- PASS: TestClient_Search (10.30s)
    --- PASS: TestClient_Search/empty_params (0.01s)
    --- PASS: TestClient_Search/groups_only (10.22s)
    --- PASS: TestClient_Search/kinds_(resources)_only (0.07s)
=== RUN   TestK8s
Running Suite: K8s Suite
========================
Random Seed: [1m1686105766[0m
Will run [1m19[0m of [1m19[0m specs

[32m•[0m[32m•[0m[32m•[0m[32m•[0m[32m•[0m[32m•[0m[32m•[0m[32m•[0m[32m•[0m[32m•[0m[32m•[0m[32m•[0m[32m•[0m[32m•[0m[32m•[0m[32m•[0m[32m•[0m[32m•[0m[32m•[0m
[1m[32mRan 19 of 19 Specs in 0.003 seconds[0m
[1m[32mSUCCESS![0m -- [32m[1m19 Passed[0m | [91m[1m0 Failed[0m | [33m[1m0 Pending[0m | [36m[1m0 Skipped[0m
--- PASS: TestK8s (0.01s)
PASS
time="2023-06-07T12:43:38+10:00" level=info msg="Destroying kind cluster..."
time="2023-06-07T12:43:38+10:00" level=info msg="Destroying kind cluster crashd-test-bf64193f76a07703"
time="2023-06-07T12:43:39+10:00" level=info msg="Kind cluster destroyed"
time="2023-06-07T12:43:39+10:00" level=info msg="Available kind clusters: kind\nprod01\npsa-wo-cluster-pss\nsc\ntest"
ok  	github.com/vmware-tanzu/crash-diagnostics/k8s	(cached)
?   	github.com/vmware-tanzu/crash-diagnostics/logging	[no test files]
?   	github.com/vmware-tanzu/crash-diagnostics/provider	[no test files]
time="2023-06-07T14:19:06+10:00" level=info msg="Created testing root dir: /Users/pegrant/.crashd-testing/crashd-test-3df1539a17a35c4"
time="2023-06-07T14:19:06+10:00" level=info msg="Created testing work dir: /Users/pegrant/.crashd-testing/crashd-test-3df1539a17a35c4/work"
time="2023-06-07T14:19:06+10:00" level=info msg="Writing private key file: /Users/pegrant/.crashd-testing/crashd-test-3df1539a17a35c4/work/id_rsa"
time="2023-06-07T14:19:06+10:00" level=info msg="Writing private key file: /Users/pegrant/.crashd-testing/crashd-test-3df1539a17a35c4/work/id_rsa.pub"
time="2023-06-07T14:19:06+10:00" level=info msg="Created testing temp root dir: /Users/pegrant/.crashd-testing/crashd-test-3df1539a17a35c4/tmp"
time="2023-06-07T14:19:07+10:00" level=info msg="Starting SSH server: docker run --rm --detach --name=crashd-test-3df1539a17a35c4 -p 2288:2222 -e PUBLIC_KEY_FILE=/config/id_rsa.pub -e USER_NAME=pegrant -e DOCKER_MODS=linuxserver/mods:openssh-server-openssh-client -e SUDO_ACCESS=true -v /Users/pegrant/.crashd-testing/crashd-test-3df1539a17a35c4/work:/config linuxserver/openssh-server"
time="2023-06-07T14:19:08+10:00" level=info msg="SSH server container started: name=crashd-test-3df1539a17a35c4, port=2288 (docker id - 6af6f3291a0095cdc51a27c4bafc0222593f51403812fe615c53e16a5d820dfe)"
time="2023-06-07T14:19:08+10:00" level=info msg="Waiting for SSH server to be ready ..."
=== RUN   TestParseAndValidateAgentInfo
=== RUN   TestParseAndValidateAgentInfo/valid_info
=== RUN   TestParseAndValidateAgentInfo/invalid_info
=== RUN   TestParseAndValidateAgentInfo/invalid_info#01
=== RUN   TestParseAndValidateAgentInfo/invalid_info#02
=== RUN   TestParseAndValidateAgentInfo/invalid_info#03
=== RUN   TestParseAndValidateAgentInfo/invalid_info#04
--- PASS: TestParseAndValidateAgentInfo (0.00s)
    --- PASS: TestParseAndValidateAgentInfo/valid_info (0.00s)
    --- PASS: TestParseAndValidateAgentInfo/invalid_info (0.00s)
    --- PASS: TestParseAndValidateAgentInfo/invalid_info#01 (0.00s)
    --- PASS: TestParseAndValidateAgentInfo/invalid_info#02 (0.00s)
    --- PASS: TestParseAndValidateAgentInfo/invalid_info#03 (0.00s)
    --- PASS: TestParseAndValidateAgentInfo/invalid_info#04 (0.00s)
=== RUN   TestStartAgent
--- PASS: TestStartAgent (0.14s)
=== RUN   TestAgent
=== RUN   TestAgent/GetEnvVariables
=== RUN   TestAgent/Stop
--- PASS: TestAgent (0.01s)
    --- PASS: TestAgent/GetEnvVariables (0.00s)
    --- PASS: TestAgent/Stop (0.01s)
=== RUN   TestCopyFrom
=== RUN   TestCopyFrom/copy_single_file
    test_support.go:66: creating test file over SSH: foo.txt
    test_support.go:73: file created: proc: out: failed to wait: exit status 255
time="2023-06-07T14:19:19+10:00" level=warning msg="scp: copyFrom: failed to connect to 127.0.0.1: 'exit status 255 exit status 255': retrying connection"
time="2023-06-07T14:19:19+10:00" level=warning msg="scp: copyFrom: failed to connect to 127.0.0.1: 'exit status 255 exit status 255': retrying connection"
time="2023-06-07T14:19:20+10:00" level=warning msg="scp: copyFrom: failed to connect to 127.0.0.1: 'exit status 255 exit status 255': retrying connection"
time="2023-06-07T14:19:20+10:00" level=warning msg="scp: copyFrom: failed to connect to 127.0.0.1: 'exit status 255 exit status 255': retrying connection"
time="2023-06-07T14:19:20+10:00" level=warning msg="scp: copyFrom: failed to connect to 127.0.0.1: 'exit status 255 exit status 255': retrying connection"
time="2023-06-07T14:19:20+10:00" level=warning msg="scp: copyFrom: failed to connect to 127.0.0.1: 'exit status 255 exit status 255': retrying connection"
time="2023-06-07T14:19:20+10:00" level=warning msg="scp: copyFrom: failed to connect to 127.0.0.1: 'exit status 255 exit status 255': retrying connection"
time="2023-06-07T14:19:21+10:00" level=warning msg="scp: copyFrom: failed to connect to 127.0.0.1: 'exit status 255 exit status 255': retrying connection"
time="2023-06-07T14:19:21+10:00" level=warning msg="scp: copyFrom: failed to connect to 127.0.0.1: 'exit status 255 exit status 255': retrying connection"
time="2023-06-07T14:19:21+10:00" level=warning msg="scp: copyFrom: failed to connect to 127.0.0.1: 'exit status 255 exit status 255': retrying connection"
time="2023-06-07T14:19:21+10:00" level=warning msg="scp: copyFrom: failed to connect to 127.0.0.1: 'exit status 255 exit status 255': retrying connection"
time="2023-06-07T14:19:22+10:00" level=warning msg="scp: copyFrom: failed to connect to 127.0.0.1: 'exit status 255 exit status 255': retrying connection"
time="2023-06-07T14:19:22+10:00" level=warning msg="scp: copyFrom: failed to connect to 127.0.0.1: 'exit status 255 exit status 255': retrying connection"
time="2023-06-07T14:19:22+10:00" level=warning msg="scp: copyFrom: failed to connect to 127.0.0.1: 'exit status 255 exit status 255': retrying connection"
time="2023-06-07T14:19:22+10:00" level=warning msg="scp: copyFrom: failed to connect to 127.0.0.1: 'exit status 255 exit status 255': retrying connection"
time="2023-06-07T14:19:22+10:00" level=warning msg="scp: copyFrom: failed to connect to 127.0.0.1: 'exit status 255 exit status 255': retrying connection"
time="2023-06-07T14:19:23+10:00" level=warning msg="scp: copyFrom: failed to connect to 127.0.0.1: 'exit status 255 exit status 255': retrying connection"
time="2023-06-07T14:19:23+10:00" level=warning msg="scp: copyFrom: failed to connect to 127.0.0.1: 'exit status 255 exit status 255': retrying connection"
time="2023-06-07T14:19:23+10:00" level=warning msg="scp: copyFrom: failed to connect to 127.0.0.1: 'exit status 255 exit status 255': retrying connection"
time="2023-06-07T14:19:23+10:00" level=warning msg="scp: copyFrom: failed to connect to 127.0.0.1: 'exit status 255 exit status 255': retrying connection"
time="2023-06-07T14:19:24+10:00" level=warning msg="scp: copyFrom: failed to connect to 127.0.0.1: 'exit status 255 exit status 255': retrying connection"
time="2023-06-07T14:19:24+10:00" level=warning msg="scp: copyFrom: failed to connect to 127.0.0.1: 'exit status 255 exit status 255': retrying connection"
time="2023-06-07T14:19:24+10:00" level=warning msg="scp: copyFrom: failed to connect to 127.0.0.1: 'exit status 255 exit status 255': retrying connection"
time="2023-06-07T14:19:24+10:00" level=warning msg="scp: copyFrom: failed to connect to 127.0.0.1: 'exit status 255 exit status 255': retrying connection"
time="2023-06-07T14:19:24+10:00" level=warning msg="scp: copyFrom: failed to connect to 127.0.0.1: 'exit status 255 exit status 255': retrying connection"
time="2023-06-07T14:19:25+10:00" level=warning msg="scp: copyFrom: failed to connect to 127.0.0.1: 'exit status 255 exit status 255': retrying connection"
time="2023-06-07T14:19:25+10:00" level=warning msg="scp: copyFrom: failed to connect to 127.0.0.1: 'exit status 255 exit status 255': retrying connection"
time="2023-06-07T14:19:25+10:00" level=warning msg="scp: copyFrom: failed to connect to 127.0.0.1: 'exit status 255 exit status 255': retrying connection"
time="2023-06-07T14:19:25+10:00" level=warning msg="scp: copyFrom: failed to connect to 127.0.0.1: 'exit status 255 exit status 255': retrying connection"
time="2023-06-07T14:19:25+10:00" level=warning msg="scp: copyFrom: failed to connect to 127.0.0.1: 'exit status 255 exit status 255': retrying connection"
time="2023-06-07T14:19:26+10:00" level=warning msg="scp: copyFrom: failed to connect to 127.0.0.1: 'exit status 255 exit status 255': retrying connection"
time="2023-06-07T14:19:26+10:00" level=warning msg="scp: copyFrom: failed to connect to 127.0.0.1: 'exit status 255 exit status 255': retrying connection"
time="2023-06-07T14:19:26+10:00" level=warning msg="scp: copyFrom: failed to connect to 127.0.0.1: 'exit status 255 exit status 255': retrying connection"
time="2023-06-07T14:19:26+10:00" level=warning msg="scp: copyFrom: failed to connect to 127.0.0.1: 'exit status 255 exit status 255': retrying connection"
time="2023-06-07T14:19:27+10:00" level=warning msg="scp: copyFrom: failed to connect to 127.0.0.1: 'exit status 255 exit status 255': retrying connection"
time="2023-06-07T14:19:27+10:00" level=warning msg="scp: copyFrom: failed to connect to 127.0.0.1: 'exit status 255 exit status 255': retrying connection"
time="2023-06-07T14:19:27+10:00" level=warning msg="scp: copyFrom: failed to connect to 127.0.0.1: 'exit status 255 exit status 255': retrying connection"
time="2023-06-07T14:19:27+10:00" level=warning msg="scp: copyFrom: failed to connect to 127.0.0.1: 'exit status 255 exit status 255': retrying connection"
time="2023-06-07T14:19:27+10:00" level=warning msg="scp: copyFrom: failed to connect to 127.0.0.1: 'exit status 255 exit status 255': retrying connection"
time="2023-06-07T14:19:28+10:00" level=warning msg="scp: copyFrom: failed to connect to 127.0.0.1: 'exit status 255 exit status 255': retrying connection"
time="2023-06-07T14:19:28+10:00" level=warning msg="scp: copyFrom: failed to connect to 127.0.0.1: 'exit status 255 exit status 255': retrying connection"
time="2023-06-07T14:19:28+10:00" level=warning msg="scp: copyFrom: failed to connect to 127.0.0.1: 'exit status 255 exit status 255': retrying connection"
time="2023-06-07T14:19:28+10:00" level=warning msg="scp: copyFrom: failed to connect to 127.0.0.1: 'exit status 255 exit status 255': retrying connection"
time="2023-06-07T14:19:29+10:00" level=warning msg="scp: copyFrom: failed to connect to 127.0.0.1: 'exit status 255 exit status 255': retrying connection"
time="2023-06-07T14:19:29+10:00" level=warning msg="scp: copyFrom: failed to connect to 127.0.0.1: 'exit status 255 exit status 255': retrying connection"
time="2023-06-07T14:19:29+10:00" level=warning msg="scp: copyFrom: failed to connect to 127.0.0.1: 'exit status 255 exit status 255': retrying connection"
time="2023-06-07T14:19:29+10:00" level=warning msg="scp: copyFrom: failed to connect to 127.0.0.1: 'exit status 255 exit status 255': retrying connection"
time="2023-06-07T14:19:29+10:00" level=warning msg="scp: copyFrom: failed to connect to 127.0.0.1: 'exit status 255 exit status 255': retrying connection"
time="2023-06-07T14:19:30+10:00" level=warning msg="scp: copyFrom: failed to connect to 127.0.0.1: 'exit status 255 exit status 255': retrying connection"
time="2023-06-07T14:19:30+10:00" level=warning msg="scp: copyFrom: failed to connect to 127.0.0.1: 'exit status 255 exit status 255': retrying connection"
time="2023-06-07T14:19:30+10:00" level=warning msg="scp: copyFrom: failed to connect to 127.0.0.1: 'exit status 255 exit status 255': retrying connection"
time="2023-06-07T14:19:30+10:00" level=warning msg="scp: copyFrom: failed to connect to 127.0.0.1: 'exit status 255 exit status 255': retrying connection"
time="2023-06-07T14:19:31+10:00" level=warning msg="scp: copyFrom: failed to connect to 127.0.0.1: 'exit status 255 exit status 255': retrying connection"
time="2023-06-07T14:19:31+10:00" level=warning msg="scp: copyFrom: failed to connect to 127.0.0.1: 'exit status 255 exit status 255': retrying connection"
time="2023-06-07T14:19:31+10:00" level=warning msg="scp: copyFrom: failed to connect to 127.0.0.1: 'exit status 255 exit status 255': retrying connection"
time="2023-06-07T14:19:31+10:00" level=warning msg="scp: copyFrom: failed to connect to 127.0.0.1: 'exit status 255 exit status 255': retrying connection"
time="2023-06-07T14:19:31+10:00" level=warning msg="scp: copyFrom: failed to connect to 127.0.0.1: 'exit status 255 exit status 255': retrying connection"
time="2023-06-07T14:19:32+10:00" level=warning msg="scp: copyFrom: failed to connect to 127.0.0.1: 'exit status 255 exit status 255': retrying connection"
time="2023-06-07T14:19:32+10:00" level=warning msg="scp: copyFrom: failed to connect to 127.0.0.1: 'exit status 255 exit status 255': retrying connection"
time="2023-06-07T14:19:32+10:00" level=warning msg="scp: copyFrom: failed to connect to 127.0.0.1: 'exit status 255 exit status 255': retrying connection"
time="2023-06-07T14:19:32+10:00" level=warning msg="scp: copyFrom: failed to connect to 127.0.0.1: 'exit status 255 exit status 255': retrying connection"
time="2023-06-07T14:19:32+10:00" level=warning msg="scp: copyFrom: failed to connect to 127.0.0.1: 'exit status 255 exit status 255': retrying connection"
time="2023-06-07T14:19:33+10:00" level=warning msg="scp: copyFrom: failed to connect to 127.0.0.1: 'exit status 255 exit status 255': retrying connection"
time="2023-06-07T14:19:33+10:00" level=warning msg="scp: copyFrom: failed to connect to 127.0.0.1: 'exit status 255 exit status 255': retrying connection"
time="2023-06-07T14:19:33+10:00" level=warning msg="scp: copyFrom: failed to connect to 127.0.0.1: 'exit status 255 exit status 255': retrying connection"
time="2023-06-07T14:19:33+10:00" level=warning msg="scp: copyFrom: failed to connect to 127.0.0.1: 'exit status 255 exit status 255': retrying connection"
time="2023-06-07T14:19:34+10:00" level=warning msg="scp: copyFrom: failed to connect to 127.0.0.1: 'exit status 255 exit status 255': retrying connection"
time="2023-06-07T14:19:34+10:00" level=warning msg="scp: copyFrom: failed to connect to 127.0.0.1: 'exit status 255 exit status 255': retrying connection"
time="2023-06-07T14:19:34+10:00" level=warning msg="scp: copyFrom: failed to connect to 127.0.0.1: 'exit status 255 exit status 255': retrying connection"
time="2023-06-07T14:19:34+10:00" level=warning msg="scp: copyFrom: failed to connect to 127.0.0.1: 'exit status 255 exit status 255': retrying connection"
time="2023-06-07T14:19:34+10:00" level=warning msg="scp: copyFrom: failed to connect to 127.0.0.1: 'exit status 255 exit status 255': retrying connection"
time="2023-06-07T14:19:35+10:00" level=warning msg="scp: copyFrom: failed to connect to 127.0.0.1: 'exit status 255 exit status 255': retrying connection"
time="2023-06-07T14:19:35+10:00" level=warning msg="scp: copyFrom: failed to connect to 127.0.0.1: 'exit status 255 exit status 255': retrying connection"
time="2023-06-07T14:19:35+10:00" level=warning msg="scp: copyFrom: failed to connect to 127.0.0.1: 'exit status 255 exit status 255': retrying connection"
time="2023-06-07T14:19:35+10:00" level=warning msg="scp: copyFrom: failed to connect to 127.0.0.1: 'exit status 255 exit status 255': retrying connection"
time="2023-06-07T14:19:36+10:00" level=warning msg="scp: copyFrom: failed to connect to 127.0.0.1: 'exit status 255 exit status 255': retrying connection"
time="2023-06-07T14:19:36+10:00" level=warning msg="scp: copyFrom: failed to connect to 127.0.0.1: 'exit status 255 exit status 255': retrying connection"
time="2023-06-07T14:19:36+10:00" level=warning msg="scp: copyFrom: failed to connect to 127.0.0.1: 'exit status 255 exit status 255': retrying connection"
time="2023-06-07T14:19:36+10:00" level=warning msg="scp: copyFrom: failed to connect to 127.0.0.1: 'exit status 255 exit status 255': retrying connection"
time="2023-06-07T14:19:36+10:00" level=warning msg="scp: copyFrom: failed to connect to 127.0.0.1: 'exit status 255 exit status 255': retrying connection"
time="2023-06-07T14:19:37+10:00" level=warning msg="scp: copyFrom: failed to connect to 127.0.0.1: 'exit status 255 exit status 255': retrying connection"
time="2023-06-07T14:19:37+10:00" level=warning msg="scp: copyFrom: failed to connect to 127.0.0.1: 'exit status 255 exit status 255': retrying connection"
time="2023-06-07T14:19:37+10:00" level=warning msg="scp: copyFrom: failed to connect to 127.0.0.1: 'exit status 255 exit status 255': retrying connection"
time="2023-06-07T14:19:37+10:00" level=warning msg="scp: copyFrom: failed to connect to 127.0.0.1: 'exit status 255 exit status 255': retrying connection"
time="2023-06-07T14:19:37+10:00" level=warning msg="scp: copyFrom: failed to connect to 127.0.0.1: 'exit status 255 exit status 255': retrying connection"
time="2023-06-07T14:19:38+10:00" level=warning msg="scp: copyFrom: failed to connect to 127.0.0.1: 'exit status 255 exit status 255': retrying connection"
time="2023-06-07T14:19:38+10:00" level=warning msg="scp: copyFrom: failed to connect to 127.0.0.1: 'exit status 255 exit status 255': retrying connection"
time="2023-06-07T14:19:38+10:00" level=warning msg="scp: copyFrom: failed to connect to 127.0.0.1: 'exit status 255 exit status 255': retrying connection"
time="2023-06-07T14:19:38+10:00" level=warning msg="scp: copyFrom: failed to connect to 127.0.0.1: 'exit status 255 exit status 255': retrying connection"
time="2023-06-07T14:19:39+10:00" level=warning msg="scp: copyFrom: failed to connect to 127.0.0.1: 'exit status 255 exit status 255': retrying connection"
time="2023-06-07T14:19:39+10:00" level=warning msg="scp: copyFrom: failed to connect to 127.0.0.1: 'exit status 255 exit status 255': retrying connection"
time="2023-06-07T14:19:39+10:00" level=warning msg="scp: copyFrom: failed to connect to 127.0.0.1: 'exit status 255 exit status 255': retrying connection"
time="2023-06-07T14:19:39+10:00" level=warning msg="scp: copyFrom: failed to connect to 127.0.0.1: 'exit status 255 exit status 255': retrying connection"
time="2023-06-07T14:19:39+10:00" level=warning msg="scp: copyFrom: failed to connect to 127.0.0.1: 'exit status 255 exit status 255': retrying connection"
time="2023-06-07T14:19:40+10:00" level=warning msg="scp: copyFrom: failed to connect to 127.0.0.1: 'exit status 255 exit status 255': retrying connection"
time="2023-06-07T14:19:40+10:00" level=warning msg="scp: copyFrom: failed to connect to 127.0.0.1: 'exit status 255 exit status 255': retrying connection"
time="2023-06-07T14:19:40+10:00" level=warning msg="scp: copyFrom: failed to connect to 127.0.0.1: 'exit status 255 exit status 255': retrying connection"
time="2023-06-07T14:19:40+10:00" level=warning msg="scp: copyFrom: failed to connect to 127.0.0.1: 'exit status 255 exit status 255': retrying connection"
time="2023-06-07T14:19:41+10:00" level=warning msg="scp: copyFrom: failed to connect to 127.0.0.1: 'exit status 255 exit status 255': retrying connection"
time="2023-06-07T14:19:41+10:00" level=warning msg="scp: copyFrom: failed to connect to 127.0.0.1: 'exit status 255 exit status 255': retrying connection"
    scp_test.go:58: scp: copyFrom: failed after 100 attempt(s): timed out waiting for the condition
    test_support.go:92: removing test file over SSH: foo.txt
=== RUN   TestCopyFrom/copy_single_file_in_dir
    test_support.go:50: creating remote test dir over SSH: foo
    test_support.go:60: dir created: proc: out: failed to wait: exit status 255
    test_support.go:66: creating test file over SSH: foo/bar.txt
    test_support.go:73: file created: proc: out: failed to wait: exit status 255
time="2023-06-07T14:19:42+10:00" level=warning msg="scp: copyFrom: failed to connect to 127.0.0.1: 'exit status 255 exit status 255': retrying connection"
time="2023-06-07T14:19:42+10:00" level=warning msg="scp: copyFrom: failed to connect to 127.0.0.1: 'exit status 255 exit status 255': retrying connection"
time="2023-06-07T14:19:42+10:00" level=warning msg="scp: copyFrom: failed to connect to 127.0.0.1: 'exit status 255 exit status 255': retrying connection"
time="2023-06-07T14:19:42+10:00" level=warning msg="scp: copyFrom: failed to connect to 127.0.0.1: 'exit status 255 exit status 255': retrying connection"
time="2023-06-07T14:19:42+10:00" level=warning msg="scp: copyFrom: failed to connect to 127.0.0.1: 'exit status 255 exit status 255': retrying connection"
time="2023-06-07T14:19:43+10:00" level=warning msg="scp: copyFrom: failed to connect to 127.0.0.1: 'exit status 255 exit status 255': retrying connection"
time="2023-06-07T14:19:43+10:00" level=warning msg="scp: copyFrom: failed to connect to 127.0.0.1: 'exit status 255 exit status 255': retrying connection"
time="2023-06-07T14:19:43+10:00" level=warning msg="scp: copyFrom: failed to connect to 127.0.0.1: 'exit status 255 exit status 255': retrying connection"
time="2023-06-07T14:19:43+10:00" level=warning msg="scp: copyFrom: failed to connect to 127.0.0.1: 'exit status 255 exit status 255': retrying connection"
time="2023-06-07T14:19:43+10:00" level=warning msg="scp: copyFrom: failed to connect to 127.0.0.1: 'exit status 255 exit status 255': retrying connection"
time="2023-06-07T14:19:44+10:00" level=warning msg="scp: copyFrom: failed to connect to 127.0.0.1: 'exit status 255 exit status 255': retrying connection"
time="2023-06-07T14:19:44+10:00" level=warning msg="scp: copyFrom: failed to connect to 127.0.0.1: 'exit status 255 exit status 255': retrying connection"
time="2023-06-07T14:19:44+10:00" level=warning msg="scp: copyFrom: failed to connect to 127.0.0.1: 'exit status 255 exit status 255': retrying connection"
time="2023-06-07T14:19:44+10:00" level=warning msg="scp: copyFrom: failed to connect to 127.0.0.1: 'exit status 255 exit status 255': retrying connection"
time="2023-06-07T14:19:45+10:00" level=warning msg="scp: copyFrom: failed to connect to 127.0.0.1: 'exit status 255 exit status 255': retrying connection"
time="2023-06-07T14:19:45+10:00" level=warning msg="scp: copyFrom: failed to connect to 127.0.0.1: 'exit status 255 exit status 255': retrying connection"
time="2023-06-07T14:19:45+10:00" level=warning msg="scp: copyFrom: failed to connect to 127.0.0.1: 'exit status 255 exit status 255': retrying connection"
time="2023-06-07T14:19:45+10:00" level=warning msg="scp: copyFrom: failed to connect to 127.0.0.1: 'exit status 255 exit status 255': retrying connection"
time="2023-06-07T14:19:45+10:00" level=warning msg="scp: copyFrom: failed to connect to 127.0.0.1: 'exit status 255 exit status 255': retrying connection"
time="2023-06-07T14:19:46+10:00" level=warning msg="scp: copyFrom: failed to connect to 127.0.0.1: 'exit status 255 exit status 255': retrying connection"
time="2023-06-07T14:19:46+10:00" level=warning msg="scp: copyFrom: failed to connect to 127.0.0.1: 'exit status 255 exit status 255': retrying connection"
time="2023-06-07T14:19:46+10:00" level=warning msg="scp: copyFrom: failed to connect to 127.0.0.1: 'exit status 255 exit status 255': retrying connection"
time="2023-06-07T14:19:46+10:00" level=warning msg="scp: copyFrom: failed to connect to 127.0.0.1: 'exit status 255 exit status 255': retrying connection"
time="2023-06-07T14:19:47+10:00" level=warning msg="scp: copyFrom: failed to connect to 127.0.0.1: 'exit status 255 exit status 255': retrying connection"
time="2023-06-07T14:19:47+10:00" level=warning msg="scp: copyFrom: failed to connect to 127.0.0.1: 'exit status 255 exit status 255': retrying connection"
time="2023-06-07T14:19:47+10:00" level=warning msg="scp: copyFrom: failed to connect to 127.0.0.1: 'exit status 255 exit status 255': retrying connection"
time="2023-06-07T14:19:47+10:00" level=warning msg="scp: copyFrom: failed to connect to 127.0.0.1: 'exit status 255 exit status 255': retrying connection"
time="2023-06-07T14:19:47+10:00" level=warning msg="scp: copyFrom: failed to connect to 127.0.0.1: 'exit status 255 exit status 255': retrying connection"
time="2023-06-07T14:19:48+10:00" level=warning msg="scp: copyFrom: failed to connect to 127.0.0.1: 'exit status 255 exit status 255': retrying connection"
time="2023-06-07T14:19:48+10:00" level=warning msg="scp: copyFrom: failed to connect to 127.0.0.1: 'exit status 255 exit status 255': retrying connection"
time="2023-06-07T14:19:48+10:00" level=warning msg="scp: copyFrom: failed to connect to 127.0.0.1: 'exit status 255 exit status 255': retrying connection"
time="2023-06-07T14:19:48+10:00" level=warning msg="scp: copyFrom: failed to connect to 127.0.0.1: 'exit status 255 exit status 255': retrying connection"
time="2023-06-07T14:19:49+10:00" level=warning msg="scp: copyFrom: failed to connect to 127.0.0.1: 'exit status 255 exit status 255': retrying connection"
time="2023-06-07T14:19:49+10:00" level=warning msg="scp: copyFrom: failed to connect to 127.0.0.1: 'exit status 255 exit status 255': retrying connection"
time="2023-06-07T14:19:49+10:00" level=warning msg="scp: copyFrom: failed to connect to 127.0.0.1: 'exit status 255 exit status 255': retrying connection"
time="2023-06-07T14:19:49+10:00" level=warning msg="scp: copyFrom: failed to connect to 127.0.0.1: 'exit status 255 exit status 255': retrying connection"
time="2023-06-07T14:19:49+10:00" level=warning msg="scp: copyFrom: failed to connect to 127.0.0.1: 'exit status 255 exit status 255': retrying connection"
time="2023-06-07T14:19:50+10:00" level=warning msg="scp: copyFrom: failed to connect to 127.0.0.1: 'exit status 255 exit status 255': retrying connection"
time="2023-06-07T14:19:50+10:00" level=warning msg="scp: copyFrom: failed to connect to 127.0.0.1: 'exit status 255 exit status 255': retrying connection"
time="2023-06-07T14:19:50+10:00" level=warning msg="scp: copyFrom: failed to connect to 127.0.0.1: 'exit status 255 exit status 255': retrying connection"
time="2023-06-07T14:19:50+10:00" level=warning msg="scp: copyFrom: failed to connect to 127.0.0.1: 'exit status 255 exit status 255': retrying connection"
time="2023-06-07T14:19:50+10:00" level=warning msg="scp: copyFrom: failed to connect to 127.0.0.1: 'exit status 255 exit status 255': retrying connection"
time="2023-06-07T14:19:51+10:00" level=warning msg="scp: copyFrom: failed to connect to 127.0.0.1: 'exit status 255 exit status 255': retrying connection"
time="2023-06-07T14:19:51+10:00" level=warning msg="scp: copyFrom: failed to connect to 127.0.0.1: 'exit status 255 exit status 255': retrying connection"
time="2023-06-07T14:19:51+10:00" level=warning msg="scp: copyFrom: failed to connect to 127.0.0.1: 'exit status 255 exit status 255': retrying connection"
time="2023-06-07T14:19:51+10:00" level=warning msg="scp: copyFrom: failed to connect to 127.0.0.1: 'exit status 255 exit status 255': retrying connection"
time="2023-06-07T14:19:52+10:00" level=warning msg="scp: copyFrom: failed to connect to 127.0.0.1: 'exit status 255 exit status 255': retrying connection"
time="2023-06-07T14:19:52+10:00" level=warning msg="scp: copyFrom: failed to connect to 127.0.0.1: 'exit status 255 exit status 255': retrying connection"
time="2023-06-07T14:19:52+10:00" level=warning msg="scp: copyFrom: failed to connect to 127.0.0.1: 'exit status 255 exit status 255': retrying connection"
time="2023-06-07T14:19:52+10:00" level=warning msg="scp: copyFrom: failed to connect to 127.0.0.1: 'exit status 255 exit status 255': retrying connection"
time="2023-06-07T14:19:52+10:00" level=warning msg="scp: copyFrom: failed to connect to 127.0.0.1: 'exit status 255 exit status 255': retrying connection"
time="2023-06-07T14:19:53+10:00" level=warning msg="scp: copyFrom: failed to connect to 127.0.0.1: 'exit status 255 exit status 255': retrying connection"
time="2023-06-07T14:19:53+10:00" level=warning msg="scp: copyFrom: failed to connect to 127.0.0.1: 'exit status 255 exit status 255': retrying connection"
time="2023-06-07T14:19:53+10:00" level=warning msg="scp: copyFrom: failed to connect to 127.0.0.1: 'exit status 255 exit status 255': retrying connection"
time="2023-06-07T14:19:53+10:00" level=warning msg="scp: copyFrom: failed to connect to 127.0.0.1: 'exit status 255 exit status 255': retrying connection"
time="2023-06-07T14:19:54+10:00" level=warning msg="scp: copyFrom: failed to connect to 127.0.0.1: 'exit status 255 exit status 255': retrying connection"
time="2023-06-07T14:19:54+10:00" level=warning msg="scp: copyFrom: failed to connect to 127.0.0.1: 'exit status 255 exit status 255': retrying connection"
time="2023-06-07T14:19:54+10:00" level=warning msg="scp: copyFrom: failed to connect to 127.0.0.1: 'exit status 255 exit status 255': retrying connection"
time="2023-06-07T14:19:54+10:00" level=warning msg="scp: copyFrom: failed to connect to 127.0.0.1: 'exit status 255 exit status 255': retrying connection"
time="2023-06-07T14:19:54+10:00" level=warning msg="scp: copyFrom: failed to connect to 127.0.0.1: 'exit status 255 exit status 255': retrying connection"
time="2023-06-07T14:19:55+10:00" level=warning msg="scp: copyFrom: failed to connect to 127.0.0.1: 'exit status 255 exit status 255': retrying connection"
time="2023-06-07T14:19:55+10:00" level=warning msg="scp: copyFrom: failed to connect to 127.0.0.1: 'exit status 255 exit status 255': retrying connection"
time="2023-06-07T14:19:55+10:00" level=warning msg="scp: copyFrom: failed to connect to 127.0.0.1: 'exit status 255 exit status 255': retrying connection"
time="2023-06-07T14:19:55+10:00" level=warning msg="scp: copyFrom: failed to connect to 127.0.0.1: 'exit status 255 exit status 255': retrying connection"
time="2023-06-07T14:19:55+10:00" level=warning msg="scp: copyFrom: failed to connect to 127.0.0.1: 'exit status 255 exit status 255': retrying connection"
time="2023-06-07T14:19:56+10:00" level=warning msg="scp: copyFrom: failed to connect to 127.0.0.1: 'exit status 255 exit status 255': retrying connection"
time="2023-06-07T14:19:56+10:00" level=warning msg="scp: copyFrom: failed to connect to 127.0.0.1: 'exit status 255 exit status 255': retrying connection"
time="2023-06-07T14:19:56+10:00" level=warning msg="scp: copyFrom: failed to connect to 127.0.0.1: 'exit status 255 exit status 255': retrying connection"
time="2023-06-07T14:19:56+10:00" level=warning msg="scp: copyFrom: failed to connect to 127.0.0.1: 'exit status 255 exit status 255': retrying connection"
time="2023-06-07T14:19:57+10:00" level=warning msg="scp: copyFrom: failed to connect to 127.0.0.1: 'exit status 255 exit status 255': retrying connection"
time="2023-06-07T14:19:57+10:00" level=warning msg="scp: copyFrom: failed to connect to 127.0.0.1: 'exit status 255 exit status 255': retrying connection"
time="2023-06-07T14:19:57+10:00" level=warning msg="scp: copyFrom: failed to connect to 127.0.0.1: 'exit status 255 exit status 255': retrying connection"
time="2023-06-07T14:19:57+10:00" level=warning msg="scp: copyFrom: failed to connect to 127.0.0.1: 'exit status 255 exit status 255': retrying connection"
time="2023-06-07T14:19:57+10:00" level=warning msg="scp: copyFrom: failed to connect to 127.0.0.1: 'exit status 255 exit status 255': retrying connection"
time="2023-06-07T14:19:58+10:00" level=warning msg="scp: copyFrom: failed to connect to 127.0.0.1: 'exit status 255 exit status 255': retrying connection"
time="2023-06-07T14:19:58+10:00" level=warning msg="scp: copyFrom: failed to connect to 127.0.0.1: 'exit status 255 exit status 255': retrying connection"
time="2023-06-07T14:19:58+10:00" level=warning msg="scp: copyFrom: failed to connect to 127.0.0.1: 'exit status 255 exit status 255': retrying connection"
time="2023-06-07T14:19:58+10:00" level=warning msg="scp: copyFrom: failed to connect to 127.0.0.1: 'exit status 255 exit status 255': retrying connection"
time="2023-06-07T14:19:59+10:00" level=warning msg="scp: copyFrom: failed to connect to 127.0.0.1: 'exit status 255 exit status 255': retrying connection"
time="2023-06-07T14:19:59+10:00" level=warning msg="scp: copyFrom: failed to connect to 127.0.0.1: 'exit status 255 exit status 255': retrying connection"
time="2023-06-07T14:19:59+10:00" level=warning msg="scp: copyFrom: failed to connect to 127.0.0.1: 'exit status 255 exit status 255': retrying connection"
time="2023-06-07T14:19:59+10:00" level=warning msg="scp: copyFrom: failed to connect to 127.0.0.1: 'exit status 255 exit status 255': retrying connection"
time="2023-06-07T14:19:59+10:00" level=warning msg="scp: copyFrom: failed to connect to 127.0.0.1: 'exit status 255 exit status 255': retrying connection"
time="2023-06-07T14:20:00+10:00" level=warning msg="scp: copyFrom: failed to connect to 127.0.0.1: 'exit status 255 exit status 255': retrying connection"
time="2023-06-07T14:20:00+10:00" level=warning msg="scp: copyFrom: failed to connect to 127.0.0.1: 'exit status 255 exit status 255': retrying connection"
time="2023-06-07T14:20:00+10:00" level=warning msg="scp: copyFrom: failed to connect to 127.0.0.1: 'exit status 255 exit status 255': retrying connection"
time="2023-06-07T14:20:00+10:00" level=warning msg="scp: copyFrom: failed to connect to 127.0.0.1: 'exit status 255 exit status 255': retrying connection"
time="2023-06-07T14:20:01+10:00" level=warning msg="scp: copyFrom: failed to connect to 127.0.0.1: 'exit status 255 exit status 255': retrying connection"
time="2023-06-07T14:20:01+10:00" level=warning msg="scp: copyFrom: failed to connect to 127.0.0.1: 'exit status 255 exit status 255': retrying connection"
time="2023-06-07T14:20:01+10:00" level=warning msg="scp: copyFrom: failed to connect to 127.0.0.1: 'exit status 255 exit status 255': retrying connection"
time="2023-06-07T14:20:01+10:00" level=warning msg="scp: copyFrom: failed to connect to 127.0.0.1: 'exit status 255 exit status 255': retrying connection"
time="2023-06-07T14:20:01+10:00" level=warning msg="scp: copyFrom: failed to connect to 127.0.0.1: 'exit status 255 exit status 255': retrying connection"
time="2023-06-07T14:20:02+10:00" level=warning msg="scp: copyFrom: failed to connect to 127.0.0.1: 'exit status 255 exit status 255': retrying connection"
time="2023-06-07T14:20:02+10:00" level=warning msg="scp: copyFrom: failed to connect to 127.0.0.1: 'exit status 255 exit status 255': retrying connection"
time="2023-06-07T14:20:02+10:00" level=warning msg="scp: copyFrom: failed to connect to 127.0.0.1: 'exit status 255 exit status 255': retrying connection"
time="2023-06-07T14:20:02+10:00" level=warning msg="scp: copyFrom: failed to connect to 127.0.0.1: 'exit status 255 exit status 255': retrying connection"
time="2023-06-07T14:20:02+10:00" level=warning msg="scp: copyFrom: failed to connect to 127.0.0.1: 'exit status 255 exit status 255': retrying connection"
time="2023-06-07T14:20:03+10:00" level=warning msg="scp: copyFrom: failed to connect to 127.0.0.1: 'exit status 255 exit status 255': retrying connection"
time="2023-06-07T14:20:03+10:00" level=warning msg="scp: copyFrom: failed to connect to 127.0.0.1: 'exit status 255 exit status 255': retrying connection"
time="2023-06-07T14:20:03+10:00" level=warning msg="scp: copyFrom: failed to connect to 127.0.0.1: 'exit status 255 exit status 255': retrying connection"
    scp_test.go:58: scp: copyFrom: failed after 100 attempt(s): timed out waiting for the condition
    test_support.go:92: removing test file over SSH: foo/bar.txt
=== RUN   TestCopyFrom/copy_dir
    test_support.go:50: creating remote test dir over SSH: bar
    test_support.go:60: dir created: proc: out: failed to wait: exit status 255
    test_support.go:66: creating test file over SSH: bar/foo.csv
    test_support.go:73: file created: proc: out: failed to wait: exit status 255
    test_support.go:50: creating remote test dir over SSH: bar
    test_support.go:60: dir created: proc: out: failed to wait: exit status 255
    test_support.go:66: creating test file over SSH: bar/bar.txt
    test_support.go:73: file created: proc: out: failed to wait: exit status 255
time="2023-06-07T14:20:04+10:00" level=warning msg="scp: copyFrom: failed to connect to 127.0.0.1: 'exit status 255 exit status 255': retrying connection"
time="2023-06-07T14:20:05+10:00" level=warning msg="scp: copyFrom: failed to connect to 127.0.0.1: 'exit status 255 exit status 255': retrying connection"
time="2023-06-07T14:20:05+10:00" level=warning msg="scp: copyFrom: failed to connect to 127.0.0.1: 'exit status 255 exit status 255': retrying connection"
time="2023-06-07T14:20:05+10:00" level=warning msg="scp: copyFrom: failed to connect to 127.0.0.1: 'exit status 255 exit status 255': retrying connection"
time="2023-06-07T14:20:05+10:00" level=warning msg="scp: copyFrom: failed to connect to 127.0.0.1: 'exit status 255 exit status 255': retrying connection"
time="2023-06-07T14:20:05+10:00" level=warning msg="scp: copyFrom: failed to connect to 127.0.0.1: 'exit status 255 exit status 255': retrying connection"
time="2023-06-07T14:20:06+10:00" level=warning msg="scp: copyFrom: failed to connect to 127.0.0.1: 'exit status 255 exit status 255': retrying connection"
time="2023-06-07T14:20:06+10:00" level=warning msg="scp: copyFrom: failed to connect to 127.0.0.1: 'exit status 255 exit status 255': retrying connection"
time="2023-06-07T14:20:06+10:00" level=warning msg="scp: copyFrom: failed to connect to 127.0.0.1: 'exit status 255 exit status 255': retrying connection"
time="2023-06-07T14:20:06+10:00" level=warning msg="scp: copyFrom: failed to connect to 127.0.0.1: 'exit status 255 exit status 255': retrying connection"
time="2023-06-07T14:20:07+10:00" level=warning msg="scp: copyFrom: failed to connect to 127.0.0.1: 'exit status 255 exit status 255': retrying connection"
time="2023-06-07T14:20:07+10:00" level=warning msg="scp: copyFrom: failed to connect to 127.0.0.1: 'exit status 255 exit status 255': retrying connection"
time="2023-06-07T14:20:07+10:00" level=warning msg="scp: copyFrom: failed to connect to 127.0.0.1: 'exit status 255 exit status 255': retrying connection"
time="2023-06-07T14:20:07+10:00" level=warning msg="scp: copyFrom: failed to connect to 127.0.0.1: 'exit status 255 exit status 255': retrying connection"
time="2023-06-07T14:20:07+10:00" level=warning msg="scp: copyFrom: failed to connect to 127.0.0.1: 'exit status 255 exit status 255': retrying connection"
time="2023-06-07T14:20:08+10:00" level=warning msg="scp: copyFrom: failed to connect to 127.0.0.1: 'exit status 255 exit status 255': retrying connection"
time="2023-06-07T14:20:08+10:00" level=warning msg="scp: copyFrom: failed to connect to 127.0.0.1: 'exit status 255 exit status 255': retrying connection"
time="2023-06-07T14:20:08+10:00" level=warning msg="scp: copyFrom: failed to connect to 127.0.0.1: 'exit status 255 exit status 255': retrying connection"
time="2023-06-07T14:20:08+10:00" level=warning msg="scp: copyFrom: failed to connect to 127.0.0.1: 'exit status 255 exit status 255': retrying connection"
time="2023-06-07T14:20:09+10:00" level=warning msg="scp: copyFrom: failed to connect to 127.0.0.1: 'exit status 255 exit status 255': retrying connection"
time="2023-06-07T14:20:09+10:00" level=warning msg="scp: copyFrom: failed to connect to 127.0.0.1: 'exit status 255 exit status 255': retrying connection"
time="2023-06-07T14:20:09+10:00" level=warning msg="scp: copyFrom: failed to connect to 127.0.0.1: 'exit status 255 exit status 255': retrying connection"
time="2023-06-07T14:20:09+10:00" level=warning msg="scp: copyFrom: failed to connect to 127.0.0.1: 'exit status 255 exit status 255': retrying connection"
time="2023-06-07T14:20:09+10:00" level=warning msg="scp: copyFrom: failed to connect to 127.0.0.1: 'exit status 255 exit status 255': retrying connection"
time="2023-06-07T14:20:10+10:00" level=warning msg="scp: copyFrom: failed to connect to 127.0.0.1: 'exit status 255 exit status 255': retrying connection"
time="2023-06-07T14:20:10+10:00" level=warning msg="scp: copyFrom: failed to connect to 127.0.0.1: 'exit status 255 exit status 255': retrying connection"
time="2023-06-07T14:20:10+10:00" level=warning msg="scp: copyFrom: failed to connect to 127.0.0.1: 'exit status 255 exit status 255': retrying connection"
time="2023-06-07T14:20:10+10:00" level=warning msg="scp: copyFrom: failed to connect to 127.0.0.1: 'exit status 255 exit status 255': retrying connection"
time="2023-06-07T14:20:11+10:00" level=warning msg="scp: copyFrom: failed to connect to 127.0.0.1: 'exit status 255 exit status 255': retrying connection"
time="2023-06-07T14:20:11+10:00" level=warning msg="scp: copyFrom: failed to connect to 127.0.0.1: 'exit status 255 exit status 255': retrying connection"
time="2023-06-07T14:20:11+10:00" level=warning msg="scp: copyFrom: failed to connect to 127.0.0.1: 'exit status 255 exit status 255': retrying connection"
time="2023-06-07T14:20:11+10:00" level=warning msg="scp: copyFrom: failed to connect to 127.0.0.1: 'exit status 255 exit status 255': retrying connection"
time="2023-06-07T14:20:11+10:00" level=warning msg="scp: copyFrom: failed to connect to 127.0.0.1: 'exit status 255 exit status 255': retrying connection"
time="2023-06-07T14:20:12+10:00" level=warning msg="scp: copyFrom: failed to connect to 127.0.0.1: 'exit status 255 exit status 255': retrying connection"
time="2023-06-07T14:20:12+10:00" level=warning msg="scp: copyFrom: failed to connect to 127.0.0.1: 'exit status 255 exit status 255': retrying connection"
time="2023-06-07T14:20:12+10:00" level=warning msg="scp: copyFrom: failed to connect to 127.0.0.1: 'exit status 255 exit status 255': retrying connection"
time="2023-06-07T14:20:12+10:00" level=warning msg="scp: copyFrom: failed to connect to 127.0.0.1: 'exit status 255 exit status 255': retrying connection"
time="2023-06-07T14:20:13+10:00" level=warning msg="scp: copyFrom: failed to connect to 127.0.0.1: 'exit status 255 exit status 255': retrying connection"
time="2023-06-07T14:20:13+10:00" level=warning msg="scp: copyFrom: failed to connect to 127.0.0.1: 'exit status 255 exit status 255': retrying connection"
time="2023-06-07T14:20:13+10:00" level=warning msg="scp: copyFrom: failed to connect to 127.0.0.1: 'exit status 255 exit status 255': retrying connection"
time="2023-06-07T14:20:13+10:00" level=warning msg="scp: copyFrom: failed to connect to 127.0.0.1: 'exit status 255 exit status 255': retrying connection"
time="2023-06-07T14:20:13+10:00" level=warning msg="scp: copyFrom: failed to connect to 127.0.0.1: 'exit status 255 exit status 255': retrying connection"
time="2023-06-07T14:20:14+10:00" level=warning msg="scp: copyFrom: failed to connect to 127.0.0.1: 'exit status 255 exit status 255': retrying connection"
time="2023-06-07T14:20:14+10:00" level=warning msg="scp: copyFrom: failed to connect to 127.0.0.1: 'exit status 255 exit status 255': retrying connection"
time="2023-06-07T14:20:14+10:00" level=warning msg="scp: copyFrom: failed to connect to 127.0.0.1: 'exit status 255 exit status 255': retrying connection"
time="2023-06-07T14:20:14+10:00" level=warning msg="scp: copyFrom: failed to connect to 127.0.0.1: 'exit status 255 exit status 255': retrying connection"
time="2023-06-07T14:20:15+10:00" level=warning msg="scp: copyFrom: failed to connect to 127.0.0.1: 'exit status 255 exit status 255': retrying connection"
time="2023-06-07T14:20:15+10:00" level=warning msg="scp: copyFrom: failed to connect to 127.0.0.1: 'exit status 255 exit status 255': retrying connection"
time="2023-06-07T14:20:15+10:00" level=warning msg="scp: copyFrom: failed to connect to 127.0.0.1: 'exit status 255 exit status 255': retrying connection"
time="2023-06-07T14:20:15+10:00" level=warning msg="scp: copyFrom: failed to connect to 127.0.0.1: 'exit status 255 exit status 255': retrying connection"
time="2023-06-07T14:20:15+10:00" level=warning msg="scp: copyFrom: failed to connect to 127.0.0.1: 'exit status 255 exit status 255': retrying connection"
time="2023-06-07T14:20:16+10:00" level=warning msg="scp: copyFrom: failed to connect to 127.0.0.1: 'exit status 255 exit status 255': retrying connection"
time="2023-06-07T14:20:16+10:00" level=warning msg="scp: copyFrom: failed to connect to 127.0.0.1: 'exit status 255 exit status 255': retrying connection"
time="2023-06-07T14:20:16+10:00" level=warning msg="scp: copyFrom: failed to connect to 127.0.0.1: 'exit status 255 exit status 255': retrying connection"
time="2023-06-07T14:20:16+10:00" level=warning msg="scp: copyFrom: failed to connect to 127.0.0.1: 'exit status 255 exit status 255': retrying connection"
time="2023-06-07T14:20:17+10:00" level=warning msg="scp: copyFrom: failed to connect to 127.0.0.1: 'exit status 255 exit status 255': retrying connection"
time="2023-06-07T14:20:17+10:00" level=warning msg="scp: copyFrom: failed to connect to 127.0.0.1: 'exit status 255 exit status 255': retrying connection"
time="2023-06-07T14:20:17+10:00" level=warning msg="scp: copyFrom: failed to connect to 127.0.0.1: 'exit status 255 exit status 255': retrying connection"
time="2023-06-07T14:20:17+10:00" level=warning msg="scp: copyFrom: failed to connect to 127.0.0.1: 'exit status 255 exit status 255': retrying connection"
time="2023-06-07T14:20:17+10:00" level=warning msg="scp: copyFrom: failed to connect to 127.0.0.1: 'exit status 255 exit status 255': retrying connection"
time="2023-06-07T14:20:18+10:00" level=warning msg="scp: copyFrom: failed to connect to 127.0.0.1: 'exit status 255 exit status 255': retrying connection"
time="2023-06-07T14:20:18+10:00" level=warning msg="scp: copyFrom: failed to connect to 127.0.0.1: 'exit status 255 exit status 255': retrying connection"
time="2023-06-07T14:20:18+10:00" level=warning msg="scp: copyFrom: failed to connect to 127.0.0.1: 'exit status 255 exit status 255': retrying connection"
time="2023-06-07T14:20:18+10:00" level=warning msg="scp: copyFrom: failed to connect to 127.0.0.1: 'exit status 255 exit status 255': retrying connection"
time="2023-06-07T14:20:19+10:00" level=warning msg="scp: copyFrom: failed to connect to 127.0.0.1: 'exit status 255 exit status 255': retrying connection"
time="2023-06-07T14:20:19+10:00" level=warning msg="scp: copyFrom: failed to connect to 127.0.0.1: 'exit status 255 exit status 255': retrying connection"
time="2023-06-07T14:20:19+10:00" level=warning msg="scp: copyFrom: failed to connect to 127.0.0.1: 'exit status 255 exit status 255': retrying connection"
time="2023-06-07T14:20:19+10:00" level=warning msg="scp: copyFrom: failed to connect to 127.0.0.1: 'exit status 255 exit status 255': retrying connection"
time="2023-06-07T14:20:19+10:00" level=warning msg="scp: copyFrom: failed to connect to 127.0.0.1: 'exit status 255 exit status 255': retrying connection"
time="2023-06-07T14:20:20+10:00" level=warning msg="scp: copyFrom: failed to connect to 127.0.0.1: 'exit status 255 exit status 255': retrying connection"
time="2023-06-07T14:20:20+10:00" level=warning msg="scp: copyFrom: failed to connect to 127.0.0.1: 'exit status 255 exit status 255': retrying connection"
time="2023-06-07T14:20:20+10:00" level=warning msg="scp: copyFrom: failed to connect to 127.0.0.1: 'exit status 255 exit status 255': retrying connection"
time="2023-06-07T14:20:20+10:00" level=warning msg="scp: copyFrom: failed to connect to 127.0.0.1: 'exit status 255 exit status 255': retrying connection"
time="2023-06-07T14:20:20+10:00" level=warning msg="scp: copyFrom: failed to connect to 127.0.0.1: 'exit status 255 exit status 255': retrying connection"
time="2023-06-07T14:20:21+10:00" level=warning msg="scp: copyFrom: failed to connect to 127.0.0.1: 'exit status 255 exit status 255': retrying connection"
time="2023-06-07T14:20:21+10:00" level=warning msg="scp: copyFrom: failed to connect to 127.0.0.1: 'exit status 255 exit status 255': retrying connection"
time="2023-06-07T14:20:21+10:00" level=warning msg="scp: copyFrom: failed to connect to 127.0.0.1: 'exit status 255 exit status 255': retrying connection"
time="2023-06-07T14:20:21+10:00" level=warning msg="scp: copyFrom: failed to connect to 127.0.0.1: 'exit status 255 exit status 255': retrying connection"
time="2023-06-07T14:20:22+10:00" level=warning msg="scp: copyFrom: failed to connect to 127.0.0.1: 'exit status 255 exit status 255': retrying connection"
time="2023-06-07T14:20:22+10:00" level=warning msg="scp: copyFrom: failed to connect to 127.0.0.1: 'exit status 255 exit status 255': retrying connection"
time="2023-06-07T14:20:22+10:00" level=warning msg="scp: copyFrom: failed to connect to 127.0.0.1: 'exit status 255 exit status 255': retrying connection"
time="2023-06-07T14:20:22+10:00" level=warning msg="scp: copyFrom: failed to connect to 127.0.0.1: 'exit status 255 exit status 255': retrying connection"
time="2023-06-07T14:20:22+10:00" level=warning msg="scp: copyFrom: failed to connect to 127.0.0.1: 'exit status 255 exit status 255': retrying connection"
time="2023-06-07T14:20:23+10:00" level=warning msg="scp: copyFrom: failed to connect to 127.0.0.1: 'exit status 255 exit status 255': retrying connection"
time="2023-06-07T14:20:23+10:00" level=warning msg="scp: copyFrom: failed to connect to 127.0.0.1: 'exit status 255 exit status 255': retrying connection"
time="2023-06-07T14:20:23+10:00" level=warning msg="scp: copyFrom: failed to connect to 127.0.0.1: 'exit status 255 exit status 255': retrying connection"
time="2023-06-07T14:20:23+10:00" level=warning msg="scp: copyFrom: failed to connect to 127.0.0.1: 'exit status 255 exit status 255': retrying connection"
time="2023-06-07T14:20:24+10:00" level=warning msg="scp: copyFrom: failed to connect to 127.0.0.1: 'exit status 255 exit status 255': retrying connection"
time="2023-06-07T14:20:24+10:00" level=warning msg="scp: copyFrom: failed to connect to 127.0.0.1: 'exit status 255 exit status 255': retrying connection"
time="2023-06-07T14:20:24+10:00" level=warning msg="scp: copyFrom: failed to connect to 127.0.0.1: 'exit status 255 exit status 255': retrying connection"
time="2023-06-07T14:20:24+10:00" level=warning msg="scp: copyFrom: failed to connect to 127.0.0.1: 'exit status 255 exit status 255': retrying connection"
time="2023-06-07T14:20:24+10:00" level=warning msg="scp: copyFrom: failed to connect to 127.0.0.1: 'exit status 255 exit status 255': retrying connection"
time="2023-06-07T14:20:25+10:00" level=warning msg="scp: copyFrom: failed to connect to 127.0.0.1: 'exit status 255 exit status 255': retrying connection"
time="2023-06-07T14:20:25+10:00" level=warning msg="scp: copyFrom: failed to connect to 127.0.0.1: 'exit status 255 exit status 255': retrying connection"
time="2023-06-07T14:20:25+10:00" level=warning msg="scp: copyFrom: failed to connect to 127.0.0.1: 'exit status 255 exit status 255': retrying connection"
time="2023-06-07T14:20:25+10:00" level=warning msg="scp: copyFrom: failed to connect to 127.0.0.1: 'exit status 255 exit status 255': retrying connection"
time="2023-06-07T14:20:26+10:00" level=warning msg="scp: copyFrom: failed to connect to 127.0.0.1: 'exit status 255 exit status 255': retrying connection"
time="2023-06-07T14:20:26+10:00" level=warning msg="scp: copyFrom: failed to connect to 127.0.0.1: 'exit status 255 exit status 255': retrying connection"
time="2023-06-07T14:20:26+10:00" level=warning msg="scp: copyFrom: failed to connect to 127.0.0.1: 'exit status 255 exit status 255': retrying connection"
time="2023-06-07T14:20:26+10:00" level=warning msg="scp: copyFrom: failed to connect to 127.0.0.1: 'exit status 255 exit status 255': retrying connection"
    scp_test.go:58: scp: copyFrom: failed after 100 attempt(s): timed out waiting for the condition
    test_support.go:92: removing test file over SSH: bar/foo.csv
    test_support.go:92: removing test file over SSH: bar/bar.txt
--- FAIL: TestCopyFrom (67.73s)
    --- FAIL: TestCopyFrom/copy_single_file (22.15s)
    --- FAIL: TestCopyFrom/copy_single_file_in_dir (22.37s)
    --- FAIL: TestCopyFrom/copy_dir (23.21s)
=== RUN   TestCopyTo
=== RUN   TestCopyTo/copy_single_file_to_remote
    test_support.go:16: creating local test dir: /Users/pegrant/.crashd-testing/crashd-test-3df1539a17a35c4/tmp
    test_support.go:20: dir created: /Users/pegrant/.crashd-testing/crashd-test-3df1539a17a35c4/tmp
    test_support.go:29: creating local test file: /Users/pegrant/.crashd-testing/crashd-test-3df1539a17a35c4/tmp/local-foo.txt
    test_support.go:39: local test file created: /Users/pegrant/.crashd-testing/crashd-test-3df1539a17a35c4/tmp/local-foo.txt
    scp_test.go:135: copyTo: copying /Users/pegrant/.crashd-testing/crashd-test-3df1539a17a35c4/tmp/local-foo.txt -to-> local-foo.txt
time="2023-06-07T14:20:27+10:00" level=warning msg="scp: failed to connect to 127.0.0.1: 'exit status 255 exit status 255': retrying connection"
time="2023-06-07T14:20:27+10:00" level=warning msg="scp: failed to connect to 127.0.0.1: 'exit status 255 exit status 255': retrying connection"
time="2023-06-07T14:20:27+10:00" level=warning msg="scp: failed to connect to 127.0.0.1: 'exit status 255 exit status 255': retrying connection"
time="2023-06-07T14:20:27+10:00" level=warning msg="scp: failed to connect to 127.0.0.1: 'exit status 255 exit status 255': retrying connection"
time="2023-06-07T14:20:28+10:00" level=warning msg="scp: failed to connect to 127.0.0.1: 'exit status 255 exit status 255': retrying connection"
time="2023-06-07T14:20:28+10:00" level=warning msg="scp: failed to connect to 127.0.0.1: 'exit status 255 exit status 255': retrying connection"
time="2023-06-07T14:20:28+10:00" level=warning msg="scp: failed to connect to 127.0.0.1: 'exit status 255 exit status 255': retrying connection"
time="2023-06-07T14:20:28+10:00" level=warning msg="scp: failed to connect to 127.0.0.1: 'exit status 255 exit status 255': retrying connection"
time="2023-06-07T14:20:28+10:00" level=warning msg="scp: failed to connect to 127.0.0.1: 'exit status 255 exit status 255': retrying connection"
time="2023-06-07T14:20:29+10:00" level=warning msg="scp: failed to connect to 127.0.0.1: 'exit status 255 exit status 255': retrying connection"
time="2023-06-07T14:20:29+10:00" level=warning msg="scp: failed to connect to 127.0.0.1: 'exit status 255 exit status 255': retrying connection"
time="2023-06-07T14:20:29+10:00" level=warning msg="scp: failed to connect to 127.0.0.1: 'exit status 255 exit status 255': retrying connection"
time="2023-06-07T14:20:29+10:00" level=warning msg="scp: failed to connect to 127.0.0.1: 'exit status 255 exit status 255': retrying connection"
time="2023-06-07T14:20:30+10:00" level=warning msg="scp: failed to connect to 127.0.0.1: 'exit status 255 exit status 255': retrying connection"
time="2023-06-07T14:20:30+10:00" level=warning msg="scp: failed to connect to 127.0.0.1: 'exit status 255 exit status 255': retrying connection"
time="2023-06-07T14:20:30+10:00" level=warning msg="scp: failed to connect to 127.0.0.1: 'exit status 255 exit status 255': retrying connection"
time="2023-06-07T14:20:30+10:00" level=warning msg="scp: failed to connect to 127.0.0.1: 'exit status 255 exit status 255': retrying connection"
time="2023-06-07T14:20:30+10:00" level=warning msg="scp: failed to connect to 127.0.0.1: 'exit status 255 exit status 255': retrying connection"
time="2023-06-07T14:20:31+10:00" level=warning msg="scp: failed to connect to 127.0.0.1: 'exit status 255 exit status 255': retrying connection"
time="2023-06-07T14:20:31+10:00" level=warning msg="scp: failed to connect to 127.0.0.1: 'exit status 255 exit status 255': retrying connection"
time="2023-06-07T14:20:31+10:00" level=warning msg="scp: failed to connect to 127.0.0.1: 'exit status 255 exit status 255': retrying connection"
time="2023-06-07T14:20:31+10:00" level=warning msg="scp: failed to connect to 127.0.0.1: 'exit status 255 exit status 255': retrying connection"
time="2023-06-07T14:20:32+10:00" level=warning msg="scp: failed to connect to 127.0.0.1: 'exit status 255 exit status 255': retrying connection"
time="2023-06-07T14:20:32+10:00" level=warning msg="scp: failed to connect to 127.0.0.1: 'exit status 255 exit status 255': retrying connection"
time="2023-06-07T14:20:32+10:00" level=warning msg="scp: failed to connect to 127.0.0.1: 'exit status 255 exit status 255': retrying connection"
time="2023-06-07T14:20:32+10:00" level=warning msg="scp: failed to connect to 127.0.0.1: 'exit status 255 exit status 255': retrying connection"
time="2023-06-07T14:20:32+10:00" level=warning msg="scp: failed to connect to 127.0.0.1: 'exit status 255 exit status 255': retrying connection"
time="2023-06-07T14:20:33+10:00" level=warning msg="scp: failed to connect to 127.0.0.1: 'exit status 255 exit status 255': retrying connection"
time="2023-06-07T14:20:33+10:00" level=warning msg="scp: failed to connect to 127.0.0.1: 'exit status 255 exit status 255': retrying connection"
time="2023-06-07T14:20:33+10:00" level=warning msg="scp: failed to connect to 127.0.0.1: 'exit status 255 exit status 255': retrying connection"
time="2023-06-07T14:20:33+10:00" level=warning msg="scp: failed to connect to 127.0.0.1: 'exit status 255 exit status 255': retrying connection"
time="2023-06-07T14:20:34+10:00" level=warning msg="scp: failed to connect to 127.0.0.1: 'exit status 255 exit status 255': retrying connection"
time="2023-06-07T14:20:34+10:00" level=warning msg="scp: failed to connect to 127.0.0.1: 'exit status 255 exit status 255': retrying connection"
time="2023-06-07T14:20:34+10:00" level=warning msg="scp: failed to connect to 127.0.0.1: 'exit status 255 exit status 255': retrying connection"
time="2023-06-07T14:20:34+10:00" level=warning msg="scp: failed to connect to 127.0.0.1: 'exit status 255 exit status 255': retrying connection"
time="2023-06-07T14:20:34+10:00" level=warning msg="scp: failed to connect to 127.0.0.1: 'exit status 255 exit status 255': retrying connection"
time="2023-06-07T14:20:35+10:00" level=warning msg="scp: failed to connect to 127.0.0.1: 'exit status 255 exit status 255': retrying connection"
time="2023-06-07T14:20:35+10:00" level=warning msg="scp: failed to connect to 127.0.0.1: 'exit status 255 exit status 255': retrying connection"
time="2023-06-07T14:20:35+10:00" level=warning msg="scp: failed to connect to 127.0.0.1: 'exit status 255 exit status 255': retrying connection"
time="2023-06-07T14:20:35+10:00" level=warning msg="scp: failed to connect to 127.0.0.1: 'exit status 255 exit status 255': retrying connection"
time="2023-06-07T14:20:36+10:00" level=warning msg="scp: failed to connect to 127.0.0.1: 'exit status 255 exit status 255': retrying connection"
time="2023-06-07T14:20:36+10:00" level=warning msg="scp: failed to connect to 127.0.0.1: 'exit status 255 exit status 255': retrying connection"
time="2023-06-07T14:20:36+10:00" level=warning msg="scp: failed to connect to 127.0.0.1: 'exit status 255 exit status 255': retrying connection"
time="2023-06-07T14:20:36+10:00" level=warning msg="scp: failed to connect to 127.0.0.1: 'exit status 255 exit status 255': retrying connection"
time="2023-06-07T14:20:36+10:00" level=warning msg="scp: failed to connect to 127.0.0.1: 'exit status 255 exit status 255': retrying connection"
time="2023-06-07T14:20:37+10:00" level=warning msg="scp: failed to connect to 127.0.0.1: 'exit status 255 exit status 255': retrying connection"
time="2023-06-07T14:20:37+10:00" level=warning msg="scp: failed to connect to 127.0.0.1: 'exit status 255 exit status 255': retrying connection"
time="2023-06-07T14:20:37+10:00" level=warning msg="scp: failed to connect to 127.0.0.1: 'exit status 255 exit status 255': retrying connection"
time="2023-06-07T14:20:37+10:00" level=warning msg="scp: failed to connect to 127.0.0.1: 'exit status 255 exit status 255': retrying connection"
time="2023-06-07T14:20:37+10:00" level=warning msg="scp: failed to connect to 127.0.0.1: 'exit status 255 exit status 255': retrying connection"
time="2023-06-07T14:20:38+10:00" level=warning msg="scp: failed to connect to 127.0.0.1: 'exit status 255 exit status 255': retrying connection"
time="2023-06-07T14:20:38+10:00" level=warning msg="scp: failed to connect to 127.0.0.1: 'exit status 255 exit status 255': retrying connection"
time="2023-06-07T14:20:38+10:00" level=warning msg="scp: failed to connect to 127.0.0.1: 'exit status 255 exit status 255': retrying connection"
time="2023-06-07T14:20:38+10:00" level=warning msg="scp: failed to connect to 127.0.0.1: 'exit status 255 exit status 255': retrying connection"
time="2023-06-07T14:20:39+10:00" level=warning msg="scp: failed to connect to 127.0.0.1: 'exit status 255 exit status 255': retrying connection"
time="2023-06-07T14:20:39+10:00" level=warning msg="scp: failed to connect to 127.0.0.1: 'exit status 255 exit status 255': retrying connection"
time="2023-06-07T14:20:39+10:00" level=warning msg="scp: failed to connect to 127.0.0.1: 'exit status 255 exit status 255': retrying connection"
time="2023-06-07T14:20:39+10:00" level=warning msg="scp: failed to connect to 127.0.0.1: 'exit status 255 exit status 255': retrying connection"
time="2023-06-07T14:20:39+10:00" level=warning msg="scp: failed to connect to 127.0.0.1: 'exit status 255 exit status 255': retrying connection"
time="2023-06-07T14:20:40+10:00" level=warning msg="scp: failed to connect to 127.0.0.1: 'exit status 255 exit status 255': retrying connection"
time="2023-06-07T14:20:40+10:00" level=warning msg="scp: failed to connect to 127.0.0.1: 'exit status 255 exit status 255': retrying connection"
time="2023-06-07T14:20:40+10:00" level=warning msg="scp: failed to connect to 127.0.0.1: 'exit status 255 exit status 255': retrying connection"
time="2023-06-07T14:20:40+10:00" level=warning msg="scp: failed to connect to 127.0.0.1: 'exit status 255 exit status 255': retrying connection"
time="2023-06-07T14:20:41+10:00" level=warning msg="scp: failed to connect to 127.0.0.1: 'exit status 255 exit status 255': retrying connection"
time="2023-06-07T14:20:41+10:00" level=warning msg="scp: failed to connect to 127.0.0.1: 'exit status 255 exit status 255': retrying connection"
time="2023-06-07T14:20:41+10:00" level=warning msg="scp: failed to connect to 127.0.0.1: 'exit status 255 exit status 255': retrying connection"
time="2023-06-07T14:20:41+10:00" level=warning msg="scp: failed to connect to 127.0.0.1: 'exit status 255 exit status 255': retrying connection"
time="2023-06-07T14:20:41+10:00" level=warning msg="scp: failed to connect to 127.0.0.1: 'exit status 255 exit status 255': retrying connection"
time="2023-06-07T14:20:42+10:00" level=warning msg="scp: failed to connect to 127.0.0.1: 'exit status 255 exit status 255': retrying connection"
time="2023-06-07T14:20:42+10:00" level=warning msg="scp: failed to connect to 127.0.0.1: 'exit status 255 exit status 255': retrying connection"
time="2023-06-07T14:20:42+10:00" level=warning msg="scp: failed to connect to 127.0.0.1: 'exit status 255 exit status 255': retrying connection"
time="2023-06-07T14:20:42+10:00" level=warning msg="scp: failed to connect to 127.0.0.1: 'exit status 255 exit status 255': retrying connection"
time="2023-06-07T14:20:43+10:00" level=warning msg="scp: failed to connect to 127.0.0.1: 'exit status 255 exit status 255': retrying connection"
time="2023-06-07T14:20:43+10:00" level=warning msg="scp: failed to connect to 127.0.0.1: 'exit status 255 exit status 255': retrying connection"
time="2023-06-07T14:20:43+10:00" level=warning msg="scp: failed to connect to 127.0.0.1: 'exit status 255 exit status 255': retrying connection"
time="2023-06-07T14:20:43+10:00" level=warning msg="scp: failed to connect to 127.0.0.1: 'exit status 255 exit status 255': retrying connection"
time="2023-06-07T14:20:43+10:00" level=warning msg="scp: failed to connect to 127.0.0.1: 'exit status 255 exit status 255': retrying connection"
time="2023-06-07T14:20:44+10:00" level=warning msg="scp: failed to connect to 127.0.0.1: 'exit status 255 exit status 255': retrying connection"
time="2023-06-07T14:20:44+10:00" level=warning msg="scp: failed to connect to 127.0.0.1: 'exit status 255 exit status 255': retrying connection"
time="2023-06-07T14:20:44+10:00" level=warning msg="scp: failed to connect to 127.0.0.1: 'exit status 255 exit status 255': retrying connection"
time="2023-06-07T14:20:44+10:00" level=warning msg="scp: failed to connect to 127.0.0.1: 'exit status 255 exit status 255': retrying connection"
time="2023-06-07T14:20:45+10:00" level=warning msg="scp: failed to connect to 127.0.0.1: 'exit status 255 exit status 255': retrying connection"
time="2023-06-07T14:20:45+10:00" level=warning msg="scp: failed to connect to 127.0.0.1: 'exit status 255 exit status 255': retrying connection"
time="2023-06-07T14:20:45+10:00" level=warning msg="scp: failed to connect to 127.0.0.1: 'exit status 255 exit status 255': retrying connection"
time="2023-06-07T14:20:45+10:00" level=warning msg="scp: failed to connect to 127.0.0.1: 'exit status 255 exit status 255': retrying connection"
time="2023-06-07T14:20:45+10:00" level=warning msg="scp: failed to connect to 127.0.0.1: 'exit status 255 exit status 255': retrying connection"
time="2023-06-07T14:20:46+10:00" level=warning msg="scp: failed to connect to 127.0.0.1: 'exit status 255 exit status 255': retrying connection"
time="2023-06-07T14:20:46+10:00" level=warning msg="scp: failed to connect to 127.0.0.1: 'exit status 255 exit status 255': retrying connection"
time="2023-06-07T14:20:46+10:00" level=warning msg="scp: failed to connect to 127.0.0.1: 'exit status 255 exit status 255': retrying connection"
time="2023-06-07T14:20:46+10:00" level=warning msg="scp: failed to connect to 127.0.0.1: 'exit status 255 exit status 255': retrying connection"
time="2023-06-07T14:20:47+10:00" level=warning msg="scp: failed to connect to 127.0.0.1: 'exit status 255 exit status 255': retrying connection"
time="2023-06-07T14:20:47+10:00" level=warning msg="scp: failed to connect to 127.0.0.1: 'exit status 255 exit status 255': retrying connection"
time="2023-06-07T14:20:47+10:00" level=warning msg="scp: failed to connect to 127.0.0.1: 'exit status 255 exit status 255': retrying connection"
time="2023-06-07T14:20:47+10:00" level=warning msg="scp: failed to connect to 127.0.0.1: 'exit status 255 exit status 255': retrying connection"
time="2023-06-07T14:20:47+10:00" level=warning msg="scp: failed to connect to 127.0.0.1: 'exit status 255 exit status 255': retrying connection"
time="2023-06-07T14:20:48+10:00" level=warning msg="scp: failed to connect to 127.0.0.1: 'exit status 255 exit status 255': retrying connection"
time="2023-06-07T14:20:48+10:00" level=warning msg="scp: failed to connect to 127.0.0.1: 'exit status 255 exit status 255': retrying connection"
time="2023-06-07T14:20:48+10:00" level=warning msg="scp: failed to connect to 127.0.0.1: 'exit status 255 exit status 255': retrying connection"
time="2023-06-07T14:20:48+10:00" level=warning msg="scp: failed to connect to 127.0.0.1: 'exit status 255 exit status 255': retrying connection"
time="2023-06-07T14:20:49+10:00" level=warning msg="scp: failed to connect to 127.0.0.1: 'exit status 255 exit status 255': retrying connection"
    scp_test.go:137: scp: copyTo: failed after 100 attempt(s): timed out waiting for the condition
    test_support.go:43: removing local test path: /Users/pegrant/.crashd-testing/crashd-test-3df1539a17a35c4/tmp/local-foo.txt
    test_support.go:92: removing test file over SSH: local-foo.txt
=== RUN   TestCopyTo/copy_single_file_in_dir_to_remote
    test_support.go:16: creating local test dir: /Users/pegrant/.crashd-testing/crashd-test-3df1539a17a35c4/tmp/local-foo
    test_support.go:20: dir created: /Users/pegrant/.crashd-testing/crashd-test-3df1539a17a35c4/tmp/local-foo
    test_support.go:29: creating local test file: /Users/pegrant/.crashd-testing/crashd-test-3df1539a17a35c4/tmp/local-foo/local-bar.txt
    test_support.go:39: local test file created: /Users/pegrant/.crashd-testing/crashd-test-3df1539a17a35c4/tmp/local-foo/local-bar.txt
    test_support.go:50: creating remote test dir over SSH: local-foo
    test_support.go:60: dir created: proc: out: failed to wait: exit status 255
    scp_test.go:135: copyTo: copying /Users/pegrant/.crashd-testing/crashd-test-3df1539a17a35c4/tmp/local-foo/local-bar.txt -to-> local-foo/local-bar.txt
time="2023-06-07T14:20:49+10:00" level=warning msg="scp: failed to connect to 127.0.0.1: 'exit status 255 exit status 255': retrying connection"
time="2023-06-07T14:20:49+10:00" level=warning msg="scp: failed to connect to 127.0.0.1: 'exit status 255 exit status 255': retrying connection"
time="2023-06-07T14:20:50+10:00" level=warning msg="scp: failed to connect to 127.0.0.1: 'exit status 255 exit status 255': retrying connection"
time="2023-06-07T14:20:50+10:00" level=warning msg="scp: failed to connect to 127.0.0.1: 'exit status 255 exit status 255': retrying connection"
time="2023-06-07T14:20:50+10:00" level=warning msg="scp: failed to connect to 127.0.0.1: 'exit status 255 exit status 255': retrying connection"
time="2023-06-07T14:20:50+10:00" level=warning msg="scp: failed to connect to 127.0.0.1: 'exit status 255 exit status 255': retrying connection"
time="2023-06-07T14:20:50+10:00" level=warning msg="scp: failed to connect to 127.0.0.1: 'exit status 255 exit status 255': retrying connection"
time="2023-06-07T14:20:51+10:00" level=warning msg="scp: failed to connect to 127.0.0.1: 'exit status 255 exit status 255': retrying connection"
time="2023-06-07T14:20:51+10:00" level=warning msg="scp: failed to connect to 127.0.0.1: 'exit status 255 exit status 255': retrying connection"
time="2023-06-07T14:20:51+10:00" level=warning msg="scp: failed to connect to 127.0.0.1: 'exit status 255 exit status 255': retrying connection"
time="2023-06-07T14:20:51+10:00" level=warning msg="scp: failed to connect to 127.0.0.1: 'exit status 255 exit status 255': retrying connection"
time="2023-06-07T14:20:52+10:00" level=warning msg="scp: failed to connect to 127.0.0.1: 'exit status 255 exit status 255': retrying connection"
time="2023-06-07T14:20:52+10:00" level=warning msg="scp: failed to connect to 127.0.0.1: 'exit status 255 exit status 255': retrying connection"
time="2023-06-07T14:20:52+10:00" level=warning msg="scp: failed to connect to 127.0.0.1: 'exit status 255 exit status 255': retrying connection"
time="2023-06-07T14:20:52+10:00" level=warning msg="scp: failed to connect to 127.0.0.1: 'exit status 255 exit status 255': retrying connection"
time="2023-06-07T14:20:52+10:00" level=warning msg="scp: failed to connect to 127.0.0.1: 'exit status 255 exit status 255': retrying connection"
time="2023-06-07T14:20:53+10:00" level=warning msg="scp: failed to connect to 127.0.0.1: 'exit status 255 exit status 255': retrying connection"
time="2023-06-07T14:20:53+10:00" level=warning msg="scp: failed to connect to 127.0.0.1: 'exit status 255 exit status 255': retrying connection"
time="2023-06-07T14:20:53+10:00" level=warning msg="scp: failed to connect to 127.0.0.1: 'exit status 255 exit status 255': retrying connection"
time="2023-06-07T14:20:53+10:00" level=warning msg="scp: failed to connect to 127.0.0.1: 'exit status 255 exit status 255': retrying connection"
time="2023-06-07T14:20:54+10:00" level=warning msg="scp: failed to connect to 127.0.0.1: 'exit status 255 exit status 255': retrying connection"
time="2023-06-07T14:20:54+10:00" level=warning msg="scp: failed to connect to 127.0.0.1: 'exit status 255 exit status 255': retrying connection"
time="2023-06-07T14:20:54+10:00" level=warning msg="scp: failed to connect to 127.0.0.1: 'exit status 255 exit status 255': retrying connection"
time="2023-06-07T14:20:54+10:00" level=warning msg="scp: failed to connect to 127.0.0.1: 'exit status 255 exit status 255': retrying connection"
time="2023-06-07T14:20:54+10:00" level=warning msg="scp: failed to connect to 127.0.0.1: 'exit status 255 exit status 255': retrying connection"
time="2023-06-07T14:20:55+10:00" level=warning msg="scp: failed to connect to 127.0.0.1: 'exit status 255 exit status 255': retrying connection"
time="2023-06-07T14:20:55+10:00" level=warning msg="scp: failed to connect to 127.0.0.1: 'exit status 255 exit status 255': retrying connection"
time="2023-06-07T14:20:55+10:00" level=warning msg="scp: failed to connect to 127.0.0.1: 'exit status 255 exit status 255': retrying connection"
time="2023-06-07T14:20:55+10:00" level=warning msg="scp: failed to connect to 127.0.0.1: 'exit status 255 exit status 255': retrying connection"
time="2023-06-07T14:20:56+10:00" level=warning msg="scp: failed to connect to 127.0.0.1: 'exit status 255 exit status 255': retrying connection"
time="2023-06-07T14:20:56+10:00" level=warning msg="scp: failed to connect to 127.0.0.1: 'exit status 255 exit status 255': retrying connection"
time="2023-06-07T14:20:56+10:00" level=warning msg="scp: failed to connect to 127.0.0.1: 'exit status 255 exit status 255': retrying connection"
time="2023-06-07T14:20:56+10:00" level=warning msg="scp: failed to connect to 127.0.0.1: 'exit status 255 exit status 255': retrying connection"
time="2023-06-07T14:20:56+10:00" level=warning msg="scp: failed to connect to 127.0.0.1: 'exit status 255 exit status 255': retrying connection"
time="2023-06-07T14:20:57+10:00" level=warning msg="scp: failed to connect to 127.0.0.1: 'exit status 255 exit status 255': retrying connection"
time="2023-06-07T14:20:57+10:00" level=warning msg="scp: failed to connect to 127.0.0.1: 'exit status 255 exit status 255': retrying connection"
time="2023-06-07T14:20:57+10:00" level=warning msg="scp: failed to connect to 127.0.0.1: 'exit status 255 exit status 255': retrying connection"
time="2023-06-07T14:20:57+10:00" level=warning msg="scp: failed to connect to 127.0.0.1: 'exit status 255 exit status 255': retrying connection"
time="2023-06-07T14:20:58+10:00" level=warning msg="scp: failed to connect to 127.0.0.1: 'exit status 255 exit status 255': retrying connection"
time="2023-06-07T14:20:58+10:00" level=warning msg="scp: failed to connect to 127.0.0.1: 'exit status 255 exit status 255': retrying connection"
time="2023-06-07T14:20:58+10:00" level=warning msg="scp: failed to connect to 127.0.0.1: 'exit status 255 exit status 255': retrying connection"
time="2023-06-07T14:20:58+10:00" level=warning msg="scp: failed to connect to 127.0.0.1: 'exit status 255 exit status 255': retrying connection"
time="2023-06-07T14:20:58+10:00" level=warning msg="scp: failed to connect to 127.0.0.1: 'exit status 255 exit status 255': retrying connection"
time="2023-06-07T14:20:59+10:00" level=warning msg="scp: failed to connect to 127.0.0.1: 'exit status 255 exit status 255': retrying connection"
time="2023-06-07T14:20:59+10:00" level=warning msg="scp: failed to connect to 127.0.0.1: 'exit status 255 exit status 255': retrying connection"
time="2023-06-07T14:20:59+10:00" level=warning msg="scp: failed to connect to 127.0.0.1: 'exit status 255 exit status 255': retrying connection"
time="2023-06-07T14:20:59+10:00" level=warning msg="scp: failed to connect to 127.0.0.1: 'exit status 255 exit status 255': retrying connection"
time="2023-06-07T14:21:00+10:00" level=warning msg="scp: failed to connect to 127.0.0.1: 'exit status 255 exit status 255': retrying connection"
time="2023-06-07T14:21:00+10:00" level=warning msg="scp: failed to connect to 127.0.0.1: 'exit status 255 exit status 255': retrying connection"
time="2023-06-07T14:21:00+10:00" level=warning msg="scp: failed to connect to 127.0.0.1: 'exit status 255 exit status 255': retrying connection"
time="2023-06-07T14:21:00+10:00" level=warning msg="scp: failed to connect to 127.0.0.1: 'exit status 255 exit status 255': retrying connection"
time="2023-06-07T14:21:00+10:00" level=warning msg="scp: failed to connect to 127.0.0.1: 'exit status 255 exit status 255': retrying connection"
time="2023-06-07T14:21:01+10:00" level=warning msg="scp: failed to connect to 127.0.0.1: 'exit status 255 exit status 255': retrying connection"
time="2023-06-07T14:21:01+10:00" level=warning msg="scp: failed to connect to 127.0.0.1: 'exit status 255 exit status 255': retrying connection"
time="2023-06-07T14:21:01+10:00" level=warning msg="scp: failed to connect to 127.0.0.1: 'exit status 255 exit status 255': retrying connection"
time="2023-06-07T14:21:01+10:00" level=warning msg="scp: failed to connect to 127.0.0.1: 'exit status 255 exit status 255': retrying connection"
time="2023-06-07T14:21:02+10:00" level=warning msg="scp: failed to connect to 127.0.0.1: 'exit status 255 exit status 255': retrying connection"
time="2023-06-07T14:21:02+10:00" level=warning msg="scp: failed to connect to 127.0.0.1: 'exit status 255 exit status 255': retrying connection"
time="2023-06-07T14:21:02+10:00" level=warning msg="scp: failed to connect to 127.0.0.1: 'exit status 255 exit status 255': retrying connection"
time="2023-06-07T14:21:02+10:00" level=warning msg="scp: failed to connect to 127.0.0.1: 'exit status 255 exit status 255': retrying connection"
time="2023-06-07T14:21:02+10:00" level=warning msg="scp: failed to connect to 127.0.0.1: 'exit status 255 exit status 255': retrying connection"
time="2023-06-07T14:21:03+10:00" level=warning msg="scp: failed to connect to 127.0.0.1: 'exit status 255 exit status 255': retrying connection"
time="2023-06-07T14:21:03+10:00" level=warning msg="scp: failed to connect to 127.0.0.1: 'exit status 255 exit status 255': retrying connection"
time="2023-06-07T14:21:03+10:00" level=warning msg="scp: failed to connect to 127.0.0.1: 'exit status 255 exit status 255': retrying connection"
time="2023-06-07T14:21:03+10:00" level=warning msg="scp: failed to connect to 127.0.0.1: 'exit status 255 exit status 255': retrying connection"
time="2023-06-07T14:21:04+10:00" level=warning msg="scp: failed to connect to 127.0.0.1: 'exit status 255 exit status 255': retrying connection"
time="2023-06-07T14:21:04+10:00" level=warning msg="scp: failed to connect to 127.0.0.1: 'exit status 255 exit status 255': retrying connection"
time="2023-06-07T14:21:04+10:00" level=warning msg="scp: failed to connect to 127.0.0.1: 'exit status 255 exit status 255': retrying connection"
time="2023-06-07T14:21:04+10:00" level=warning msg="scp: failed to connect to 127.0.0.1: 'exit status 255 exit status 255': retrying connection"
time="2023-06-07T14:21:04+10:00" level=warning msg="scp: failed to connect to 127.0.0.1: 'exit status 255 exit status 255': retrying connection"
time="2023-06-07T14:21:05+10:00" level=warning msg="scp: failed to connect to 127.0.0.1: 'exit status 255 exit status 255': retrying connection"
time="2023-06-07T14:21:05+10:00" level=warning msg="scp: failed to connect to 127.0.0.1: 'exit status 255 exit status 255': retrying connection"
time="2023-06-07T14:21:05+10:00" level=warning msg="scp: failed to connect to 127.0.0.1: 'exit status 255 exit status 255': retrying connection"
time="2023-06-07T14:21:05+10:00" level=warning msg="scp: failed to connect to 127.0.0.1: 'exit status 255 exit status 255': retrying connection"
time="2023-06-07T14:21:06+10:00" level=warning msg="scp: failed to connect to 127.0.0.1: 'exit status 255 exit status 255': retrying connection"
time="2023-06-07T14:21:06+10:00" level=warning msg="scp: failed to connect to 127.0.0.1: 'exit status 255 exit status 255': retrying connection"
time="2023-06-07T14:21:06+10:00" level=warning msg="scp: failed to connect to 127.0.0.1: 'exit status 255 exit status 255': retrying connection"
time="2023-06-07T14:21:06+10:00" level=warning msg="scp: failed to connect to 127.0.0.1: 'exit status 255 exit status 255': retrying connection"
time="2023-06-07T14:21:06+10:00" level=warning msg="scp: failed to connect to 127.0.0.1: 'exit status 255 exit status 255': retrying connection"
time="2023-06-07T14:21:07+10:00" level=warning msg="scp: failed to connect to 127.0.0.1: 'exit status 255 exit status 255': retrying connection"
time="2023-06-07T14:21:07+10:00" level=warning msg="scp: failed to connect to 127.0.0.1: 'exit status 255 exit status 255': retrying connection"
time="2023-06-07T14:21:07+10:00" level=warning msg="scp: failed to connect to 127.0.0.1: 'exit status 255 exit status 255': retrying connection"
time="2023-06-07T14:21:07+10:00" level=warning msg="scp: failed to connect to 127.0.0.1: 'exit status 255 exit status 255': retrying connection"
time="2023-06-07T14:21:08+10:00" level=warning msg="scp: failed to connect to 127.0.0.1: 'exit status 255 exit status 255': retrying connection"
time="2023-06-07T14:21:08+10:00" level=warning msg="scp: failed to connect to 127.0.0.1: 'exit status 255 exit status 255': retrying connection"
time="2023-06-07T14:21:08+10:00" level=warning msg="scp: failed to connect to 127.0.0.1: 'exit status 255 exit status 255': retrying connection"
time="2023-06-07T14:21:08+10:00" level=warning msg="scp: failed to connect to 127.0.0.1: 'exit status 255 exit status 255': retrying connection"
time="2023-06-07T14:21:08+10:00" level=warning msg="scp: failed to connect to 127.0.0.1: 'exit status 255 exit status 255': retrying connection"
time="2023-06-07T14:21:09+10:00" level=warning msg="scp: failed to connect to 127.0.0.1: 'exit status 255 exit status 255': retrying connection"
time="2023-06-07T14:21:09+10:00" level=warning msg="scp: failed to connect to 127.0.0.1: 'exit status 255 exit status 255': retrying connection"
time="2023-06-07T14:21:09+10:00" level=warning msg="scp: failed to connect to 127.0.0.1: 'exit status 255 exit status 255': retrying connection"
time="2023-06-07T14:21:09+10:00" level=warning msg="scp: failed to connect to 127.0.0.1: 'exit status 255 exit status 255': retrying connection"
time="2023-06-07T14:21:10+10:00" level=warning msg="scp: failed to connect to 127.0.0.1: 'exit status 255 exit status 255': retrying connection"
time="2023-06-07T14:21:10+10:00" level=warning msg="scp: failed to connect to 127.0.0.1: 'exit status 255 exit status 255': retrying connection"
time="2023-06-07T14:21:10+10:00" level=warning msg="scp: failed to connect to 127.0.0.1: 'exit status 255 exit status 255': retrying connection"
time="2023-06-07T14:21:10+10:00" level=warning msg="scp: failed to connect to 127.0.0.1: 'exit status 255 exit status 255': retrying connection"
time="2023-06-07T14:21:10+10:00" level=warning msg="scp: failed to connect to 127.0.0.1: 'exit status 255 exit status 255': retrying connection"
time="2023-06-07T14:21:11+10:00" level=warning msg="scp: failed to connect to 127.0.0.1: 'exit status 255 exit status 255': retrying connection"
time="2023-06-07T14:21:11+10:00" level=warning msg="scp: failed to connect to 127.0.0.1: 'exit status 255 exit status 255': retrying connection"
time="2023-06-07T14:21:11+10:00" level=warning msg="scp: failed to connect to 127.0.0.1: 'exit status 255 exit status 255': retrying connection"
    scp_test.go:137: scp: copyTo: failed after 100 attempt(s): timed out waiting for the condition
    test_support.go:43: removing local test path: /Users/pegrant/.crashd-testing/crashd-test-3df1539a17a35c4/tmp/local-foo/local-bar.txt
    test_support.go:92: removing test file over SSH: local-foo/local-bar.txt
=== RUN   TestCopyTo/copy_dir_entire_dir_to_remote
    test_support.go:16: creating local test dir: /Users/pegrant/.crashd-testing/crashd-test-3df1539a17a35c4/tmp/local-bar
    test_support.go:20: dir created: /Users/pegrant/.crashd-testing/crashd-test-3df1539a17a35c4/tmp/local-bar
    test_support.go:29: creating local test file: /Users/pegrant/.crashd-testing/crashd-test-3df1539a17a35c4/tmp/local-bar/local-foo.csv
    test_support.go:39: local test file created: /Users/pegrant/.crashd-testing/crashd-test-3df1539a17a35c4/tmp/local-bar/local-foo.csv
    test_support.go:16: creating local test dir: /Users/pegrant/.crashd-testing/crashd-test-3df1539a17a35c4/tmp/local-bar
    test_support.go:20: dir created: /Users/pegrant/.crashd-testing/crashd-test-3df1539a17a35c4/tmp/local-bar
    test_support.go:29: creating local test file: /Users/pegrant/.crashd-testing/crashd-test-3df1539a17a35c4/tmp/local-bar/local-bar.txt
    test_support.go:39: local test file created: /Users/pegrant/.crashd-testing/crashd-test-3df1539a17a35c4/tmp/local-bar/local-bar.txt
    test_support.go:50: creating remote test dir over SSH: local-bar
    test_support.go:60: dir created: proc: out: failed to wait: exit status 255
    scp_test.go:135: copyTo: copying /Users/pegrant/.crashd-testing/crashd-test-3df1539a17a35c4/tmp/local-bar -to-> local-bar/
time="2023-06-07T14:21:12+10:00" level=warning msg="scp: failed to connect to 127.0.0.1: 'exit status 255 exit status 255': retrying connection"
time="2023-06-07T14:21:12+10:00" level=warning msg="scp: failed to connect to 127.0.0.1: 'exit status 255 exit status 255': retrying connection"
time="2023-06-07T14:21:12+10:00" level=warning msg="scp: failed to connect to 127.0.0.1: 'exit status 255 exit status 255': retrying connection"
time="2023-06-07T14:21:12+10:00" level=warning msg="scp: failed to connect to 127.0.0.1: 'exit status 255 exit status 255': retrying connection"
time="2023-06-07T14:21:13+10:00" level=warning msg="scp: failed to connect to 127.0.0.1: 'exit status 255 exit status 255': retrying connection"
time="2023-06-07T14:21:13+10:00" level=warning msg="scp: failed to connect to 127.0.0.1: 'exit status 255 exit status 255': retrying connection"
time="2023-06-07T14:21:13+10:00" level=warning msg="scp: failed to connect to 127.0.0.1: 'exit status 255 exit status 255': retrying connection"
time="2023-06-07T14:21:13+10:00" level=warning msg="scp: failed to connect to 127.0.0.1: 'exit status 255 exit status 255': retrying connection"
time="2023-06-07T14:21:13+10:00" level=warning msg="scp: failed to connect to 127.0.0.1: 'exit status 255 exit status 255': retrying connection"
time="2023-06-07T14:21:14+10:00" level=warning msg="scp: failed to connect to 127.0.0.1: 'exit status 255 exit status 255': retrying connection"
time="2023-06-07T14:21:14+10:00" level=warning msg="scp: failed to connect to 127.0.0.1: 'exit status 255 exit status 255': retrying connection"
time="2023-06-07T14:21:14+10:00" level=warning msg="scp: failed to connect to 127.0.0.1: 'exit status 255 exit status 255': retrying connection"
time="2023-06-07T14:21:14+10:00" level=warning msg="scp: failed to connect to 127.0.0.1: 'exit status 255 exit status 255': retrying connection"
time="2023-06-07T14:21:14+10:00" level=warning msg="scp: failed to connect to 127.0.0.1: 'exit status 255 exit status 255': retrying connection"
time="2023-06-07T14:21:15+10:00" level=warning msg="scp: failed to connect to 127.0.0.1: 'exit status 255 exit status 255': retrying connection"
time="2023-06-07T14:21:15+10:00" level=warning msg="scp: failed to connect to 127.0.0.1: 'exit status 255 exit status 255': retrying connection"
time="2023-06-07T14:21:15+10:00" level=warning msg="scp: failed to connect to 127.0.0.1: 'exit status 255 exit status 255': retrying connection"
time="2023-06-07T14:21:15+10:00" level=warning msg="scp: failed to connect to 127.0.0.1: 'exit status 255 exit status 255': retrying connection"
time="2023-06-07T14:21:16+10:00" level=warning msg="scp: failed to connect to 127.0.0.1: 'exit status 255 exit status 255': retrying connection"
time="2023-06-07T14:21:16+10:00" level=warning msg="scp: failed to connect to 127.0.0.1: 'exit status 255 exit status 255': retrying connection"
time="2023-06-07T14:21:16+10:00" level=warning msg="scp: failed to connect to 127.0.0.1: 'exit status 255 exit status 255': retrying connection"
time="2023-06-07T14:21:16+10:00" level=warning msg="scp: failed to connect to 127.0.0.1: 'exit status 255 exit status 255': retrying connection"
time="2023-06-07T14:21:16+10:00" level=warning msg="scp: failed to connect to 127.0.0.1: 'exit status 255 exit status 255': retrying connection"
time="2023-06-07T14:21:17+10:00" level=warning msg="scp: failed to connect to 127.0.0.1: 'exit status 255 exit status 255': retrying connection"
time="2023-06-07T14:21:17+10:00" level=warning msg="scp: failed to connect to 127.0.0.1: 'exit status 255 exit status 255': retrying connection"
time="2023-06-07T14:21:17+10:00" level=warning msg="scp: failed to connect to 127.0.0.1: 'exit status 255 exit status 255': retrying connection"
time="2023-06-07T14:21:17+10:00" level=warning msg="scp: failed to connect to 127.0.0.1: 'exit status 255 exit status 255': retrying connection"
time="2023-06-07T14:21:18+10:00" level=warning msg="scp: failed to connect to 127.0.0.1: 'exit status 255 exit status 255': retrying connection"
time="2023-06-07T14:21:18+10:00" level=warning msg="scp: failed to connect to 127.0.0.1: 'exit status 255 exit status 255': retrying connection"
time="2023-06-07T14:21:18+10:00" level=warning msg="scp: failed to connect to 127.0.0.1: 'exit status 255 exit status 255': retrying connection"
time="2023-06-07T14:21:18+10:00" level=warning msg="scp: failed to connect to 127.0.0.1: 'exit status 255 exit status 255': retrying connection"
time="2023-06-07T14:21:18+10:00" level=warning msg="scp: failed to connect to 127.0.0.1: 'exit status 255 exit status 255': retrying connection"
time="2023-06-07T14:21:19+10:00" level=warning msg="scp: failed to connect to 127.0.0.1: 'exit status 255 exit status 255': retrying connection"
time="2023-06-07T14:21:19+10:00" level=warning msg="scp: failed to connect to 127.0.0.1: 'exit status 255 exit status 255': retrying connection"
time="2023-06-07T14:21:19+10:00" level=warning msg="scp: failed to connect to 127.0.0.1: 'exit status 255 exit status 255': retrying connection"
time="2023-06-07T14:21:19+10:00" level=warning msg="scp: failed to connect to 127.0.0.1: 'exit status 255 exit status 255': retrying connection"
time="2023-06-07T14:21:20+10:00" level=warning msg="scp: failed to connect to 127.0.0.1: 'exit status 255 exit status 255': retrying connection"
time="2023-06-07T14:21:20+10:00" level=warning msg="scp: failed to connect to 127.0.0.1: 'exit status 255 exit status 255': retrying connection"
time="2023-06-07T14:21:20+10:00" level=warning msg="scp: failed to connect to 127.0.0.1: 'exit status 255 exit status 255': retrying connection"
time="2023-06-07T14:21:20+10:00" level=warning msg="scp: failed to connect to 127.0.0.1: 'exit status 255 exit status 255': retrying connection"
time="2023-06-07T14:21:20+10:00" level=warning msg="scp: failed to connect to 127.0.0.1: 'exit status 255 exit status 255': retrying connection"
time="2023-06-07T14:21:21+10:00" level=warning msg="scp: failed to connect to 127.0.0.1: 'exit status 255 exit status 255': retrying connection"
time="2023-06-07T14:21:21+10:00" level=warning msg="scp: failed to connect to 127.0.0.1: 'exit status 255 exit status 255': retrying connection"
time="2023-06-07T14:21:21+10:00" level=warning msg="scp: failed to connect to 127.0.0.1: 'exit status 255 exit status 255': retrying connection"
time="2023-06-07T14:21:21+10:00" level=warning msg="scp: failed to connect to 127.0.0.1: 'exit status 255 exit status 255': retrying connection"
time="2023-06-07T14:21:22+10:00" level=warning msg="scp: failed to connect to 127.0.0.1: 'exit status 255 exit status 255': retrying connection"
time="2023-06-07T14:21:22+10:00" level=warning msg="scp: failed to connect to 127.0.0.1: 'exit status 255 exit status 255': retrying connection"
time="2023-06-07T14:21:22+10:00" level=warning msg="scp: failed to connect to 127.0.0.1: 'exit status 255 exit status 255': retrying connection"
time="2023-06-07T14:21:22+10:00" level=warning msg="scp: failed to connect to 127.0.0.1: 'exit status 255 exit status 255': retrying connection"
time="2023-06-07T14:21:22+10:00" level=warning msg="scp: failed to connect to 127.0.0.1: 'exit status 255 exit status 255': retrying connection"
time="2023-06-07T14:21:23+10:00" level=warning msg="scp: failed to connect to 127.0.0.1: 'exit status 255 exit status 255': retrying connection"
time="2023-06-07T14:21:23+10:00" level=warning msg="scp: failed to connect to 127.0.0.1: 'exit status 255 exit status 255': retrying connection"
time="2023-06-07T14:21:23+10:00" level=warning msg="scp: failed to connect to 127.0.0.1: 'exit status 255 exit status 255': retrying connection"
time="2023-06-07T14:21:23+10:00" level=warning msg="scp: failed to connect to 127.0.0.1: 'exit status 255 exit status 255': retrying connection"
time="2023-06-07T14:21:24+10:00" level=warning msg="scp: failed to connect to 127.0.0.1: 'exit status 255 exit status 255': retrying connection"
time="2023-06-07T14:21:24+10:00" level=warning msg="scp: failed to connect to 127.0.0.1: 'exit status 255 exit status 255': retrying connection"
time="2023-06-07T14:21:24+10:00" level=warning msg="scp: failed to connect to 127.0.0.1: 'exit status 255 exit status 255': retrying connection"
time="2023-06-07T14:21:24+10:00" level=warning msg="scp: failed to connect to 127.0.0.1: 'exit status 255 exit status 255': retrying connection"
time="2023-06-07T14:21:25+10:00" level=warning msg="scp: failed to connect to 127.0.0.1: 'exit status 255 exit status 255': retrying connection"
time="2023-06-07T14:21:25+10:00" level=warning msg="scp: failed to connect to 127.0.0.1: 'exit status 255 exit status 255': retrying connection"
time="2023-06-07T14:21:25+10:00" level=warning msg="scp: failed to connect to 127.0.0.1: 'exit status 255 exit status 255': retrying connection"
time="2023-06-07T14:21:25+10:00" level=warning msg="scp: failed to connect to 127.0.0.1: 'exit status 255 exit status 255': retrying connection"
time="2023-06-07T14:21:25+10:00" level=warning msg="scp: failed to connect to 127.0.0.1: 'exit status 255 exit status 255': retrying connection"
time="2023-06-07T14:21:26+10:00" level=warning msg="scp: failed to connect to 127.0.0.1: 'exit status 255 exit status 255': retrying connection"
time="2023-06-07T14:21:26+10:00" level=warning msg="scp: failed to connect to 127.0.0.1: 'exit status 255 exit status 255': retrying connection"
time="2023-06-07T14:21:26+10:00" level=warning msg="scp: failed to connect to 127.0.0.1: 'exit status 255 exit status 255': retrying connection"
time="2023-06-07T14:21:26+10:00" level=warning msg="scp: failed to connect to 127.0.0.1: 'exit status 255 exit status 255': retrying connection"
time="2023-06-07T14:21:27+10:00" level=warning msg="scp: failed to connect to 127.0.0.1: 'exit status 255 exit status 255': retrying connection"
time="2023-06-07T14:21:27+10:00" level=warning msg="scp: failed to connect to 127.0.0.1: 'exit status 255 exit status 255': retrying connection"
time="2023-06-07T14:21:27+10:00" level=warning msg="scp: failed to connect to 127.0.0.1: 'exit status 255 exit status 255': retrying connection"
time="2023-06-07T14:21:27+10:00" level=warning msg="scp: failed to connect to 127.0.0.1: 'exit status 255 exit status 255': retrying connection"
time="2023-06-07T14:21:27+10:00" level=warning msg="scp: failed to connect to 127.0.0.1: 'exit status 255 exit status 255': retrying connection"
time="2023-06-07T14:21:28+10:00" level=warning msg="scp: failed to connect to 127.0.0.1: 'exit status 255 exit status 255': retrying connection"
time="2023-06-07T14:21:28+10:00" level=warning msg="scp: failed to connect to 127.0.0.1: 'exit status 255 exit status 255': retrying connection"
time="2023-06-07T14:21:28+10:00" level=warning msg="scp: failed to connect to 127.0.0.1: 'exit status 255 exit status 255': retrying connection"
time="2023-06-07T14:21:28+10:00" level=warning msg="scp: failed to connect to 127.0.0.1: 'exit status 255 exit status 255': retrying connection"
time="2023-06-07T14:21:29+10:00" level=warning msg="scp: failed to connect to 127.0.0.1: 'exit status 255 exit status 255': retrying connection"
time="2023-06-07T14:21:29+10:00" level=warning msg="scp: failed to connect to 127.0.0.1: 'exit status 255 exit status 255': retrying connection"
time="2023-06-07T14:21:29+10:00" level=warning msg="scp: failed to connect to 127.0.0.1: 'exit status 255 exit status 255': retrying connection"
time="2023-06-07T14:21:29+10:00" level=warning msg="scp: failed to connect to 127.0.0.1: 'exit status 255 exit status 255': retrying connection"
time="2023-06-07T14:21:29+10:00" level=warning msg="scp: failed to connect to 127.0.0.1: 'exit status 255 exit status 255': retrying connection"
time="2023-06-07T14:21:30+10:00" level=warning msg="scp: failed to connect to 127.0.0.1: 'exit status 255 exit status 255': retrying connection"
time="2023-06-07T14:21:30+10:00" level=warning msg="scp: failed to connect to 127.0.0.1: 'exit status 255 exit status 255': retrying connection"
time="2023-06-07T14:21:30+10:00" level=warning msg="scp: failed to connect to 127.0.0.1: 'exit status 255 exit status 255': retrying connection"
time="2023-06-07T14:21:30+10:00" level=warning msg="scp: failed to connect to 127.0.0.1: 'exit status 255 exit status 255': retrying connection"
time="2023-06-07T14:21:31+10:00" level=warning msg="scp: failed to connect to 127.0.0.1: 'exit status 255 exit status 255': retrying connection"
time="2023-06-07T14:21:31+10:00" level=warning msg="scp: failed to connect to 127.0.0.1: 'exit status 255 exit status 255': retrying connection"
time="2023-06-07T14:21:31+10:00" level=warning msg="scp: failed to connect to 127.0.0.1: 'exit status 255 exit status 255': retrying connection"
time="2023-06-07T14:21:31+10:00" level=warning msg="scp: failed to connect to 127.0.0.1: 'exit status 255 exit status 255': retrying connection"
time="2023-06-07T14:21:31+10:00" level=warning msg="scp: failed to connect to 127.0.0.1: 'exit status 255 exit status 255': retrying connection"
time="2023-06-07T14:21:32+10:00" level=warning msg="scp: failed to connect to 127.0.0.1: 'exit status 255 exit status 255': retrying connection"
time="2023-06-07T14:21:32+10:00" level=warning msg="scp: failed to connect to 127.0.0.1: 'exit status 255 exit status 255': retrying connection"
time="2023-06-07T14:21:32+10:00" level=warning msg="scp: failed to connect to 127.0.0.1: 'exit status 255 exit status 255': retrying connection"
time="2023-06-07T14:21:32+10:00" level=warning msg="scp: failed to connect to 127.0.0.1: 'exit status 255 exit status 255': retrying connection"
time="2023-06-07T14:21:33+10:00" level=warning msg="scp: failed to connect to 127.0.0.1: 'exit status 255 exit status 255': retrying connection"
time="2023-06-07T14:21:33+10:00" level=warning msg="scp: failed to connect to 127.0.0.1: 'exit status 255 exit status 255': retrying connection"
time="2023-06-07T14:21:33+10:00" level=warning msg="scp: failed to connect to 127.0.0.1: 'exit status 255 exit status 255': retrying connection"
time="2023-06-07T14:21:33+10:00" level=warning msg="scp: failed to connect to 127.0.0.1: 'exit status 255 exit status 255': retrying connection"
time="2023-06-07T14:21:33+10:00" level=warning msg="scp: failed to connect to 127.0.0.1: 'exit status 255 exit status 255': retrying connection"
time="2023-06-07T14:21:34+10:00" level=warning msg="scp: failed to connect to 127.0.0.1: 'exit status 255 exit status 255': retrying connection"
    scp_test.go:137: scp: copyTo: failed after 100 attempt(s): timed out waiting for the condition
    test_support.go:43: removing local test path: /Users/pegrant/.crashd-testing/crashd-test-3df1539a17a35c4/tmp/local-bar/local-foo.csv
    test_support.go:92: removing test file over SSH: local-bar/local-foo.csv
    test_support.go:43: removing local test path: /Users/pegrant/.crashd-testing/crashd-test-3df1539a17a35c4/tmp/local-bar/local-bar.txt
    test_support.go:92: removing test file over SSH: local-bar/local-bar.txt
--- FAIL: TestCopyTo (67.50s)
    --- FAIL: TestCopyTo/copy_single_file_to_remote (22.26s)
    --- FAIL: TestCopyTo/copy_single_file_in_dir_to_remote (22.49s)
    --- FAIL: TestCopyTo/copy_dir_entire_dir_to_remote (22.75s)
=== RUN   TestMakeSCPCmdStr
=== RUN   TestMakeSCPCmdStr/default
=== RUN   TestMakeSCPCmdStr/pkpath
=== RUN   TestMakeSCPCmdStr/pkpath_and_proxy
=== RUN   TestMakeSCPCmdStr/missing_host
--- PASS: TestMakeSCPCmdStr (0.00s)
    --- PASS: TestMakeSCPCmdStr/default (0.00s)
    --- PASS: TestMakeSCPCmdStr/pkpath (0.00s)
    --- PASS: TestMakeSCPCmdStr/pkpath_and_proxy (0.00s)
    --- PASS: TestMakeSCPCmdStr/missing_host (0.00s)
=== RUN   TestRun
=== RUN   TestRun/simple_cmd
    ssh_test.go:34: unexpected result proc: out: failed to wait: exit status 255
--- FAIL: TestRun (0.12s)
    --- FAIL: TestRun/simple_cmd (0.12s)
=== RUN   TestRunRead
=== RUN   TestRunRead/simple_cmd
    ssh_test.go:67: unexpected result proc: out: failed to wait: exit status 255
--- FAIL: TestRunRead (0.13s)
    --- FAIL: TestRunRead/simple_cmd (0.13s)
=== RUN   TestSSHRunMakeCmdStr
=== RUN   TestSSHRunMakeCmdStr/user_and_host
=== RUN   TestSSHRunMakeCmdStr/user_host_and_pkpath
=== RUN   TestSSHRunMakeCmdStr/user_host_pkpath_and_proxy
=== RUN   TestSSHRunMakeCmdStr/user_host_and_proxy
=== RUN   TestSSHRunMakeCmdStr/missing_host
--- PASS: TestSSHRunMakeCmdStr (0.00s)
    --- PASS: TestSSHRunMakeCmdStr/user_and_host (0.00s)
    --- PASS: TestSSHRunMakeCmdStr/user_host_and_pkpath (0.00s)
    --- PASS: TestSSHRunMakeCmdStr/user_host_pkpath_and_proxy (0.00s)
    --- PASS: TestSSHRunMakeCmdStr/user_host_and_proxy (0.00s)
    --- PASS: TestSSHRunMakeCmdStr/missing_host (0.00s)
FAIL
time="2023-06-07T14:21:34+10:00" level=info msg="Stopping SSH server container...."
FAIL	github.com/vmware-tanzu/crash-diagnostics/ssh	153.571s
time="2023-06-07T14:21:43+10:00" level=info msg="Created testing root dir: /Users/pegrant/.crashd-testing/crashd-test-cb814ebad5db05cb"
time="2023-06-07T14:21:43+10:00" level=info msg="Created testing work dir: /Users/pegrant/.crashd-testing/crashd-test-cb814ebad5db05cb/work"
time="2023-06-07T14:21:43+10:00" level=info msg="Writing private key file: /Users/pegrant/.crashd-testing/crashd-test-cb814ebad5db05cb/work/id_rsa"
time="2023-06-07T14:21:43+10:00" level=info msg="Writing private key file: /Users/pegrant/.crashd-testing/crashd-test-cb814ebad5db05cb/work/id_rsa.pub"
time="2023-06-07T14:21:43+10:00" level=info msg="Created testing temp root dir: /Users/pegrant/.crashd-testing/crashd-test-cb814ebad5db05cb/tmp"
time="2023-06-07T14:21:44+10:00" level=info msg="Starting SSH server: docker run --rm --detach --name=crashd-test-cb814ebad5db05cb -p 2280:2222 -e PUBLIC_KEY_FILE=/config/id_rsa.pub -e USER_NAME=pegrant -e DOCKER_MODS=linuxserver/mods:openssh-server-openssh-client -e SUDO_ACCESS=true -v /Users/pegrant/.crashd-testing/crashd-test-cb814ebad5db05cb/work:/config linuxserver/openssh-server"
time="2023-06-07T14:21:44+10:00" level=info msg="SSH server container started: name=crashd-test-cb814ebad5db05cb, port=2280 (docker id - fa9560daa464e387fffa744d9261d0f66dcbfc511605731242469f1e9c884543)"
time="2023-06-07T14:21:44+10:00" level=info msg="Waiting for SSH server to be ready ..."
time="2023-06-07T14:21:55+10:00" level=info msg="Creating kind cluster crashd-test-cb814ebad5db05cb"
time="2023-06-07T14:21:56+10:00" level=info msg="launching: kind create cluster --config /Users/pegrant/crash-diagnostics-parallel/testing/kind-cluster-docker.yaml --name crashd-test-cb814ebad5db05cb"
time="2023-06-07T14:22:26+10:00" level=info msg="kind clusters available: crashd-test-cb814ebad5db05cb\nkind\nprod01\npsa-wo-cluster-pss\nsc\ntest"
time="2023-06-07T14:22:26+10:00" level=info msg="kind cluster created"
time="2023-06-07T14:22:36+10:00" level=info msg="Creating kind kubeconfig file: /Users/pegrant/.crashd-testing/crashd-test-cb814ebad5db05cb/tmp/kubeconfig"
time="2023-06-07T14:22:36+10:00" level=info msg="Retrieving kind kubeconfig for cluster: kind get kubeconfig --name crashd-test-cb814ebad5db05cb"
time="2023-06-07T14:22:38+10:00" level=info msg="kind kubeconfig file created: /Users/pegrant/.crashd-testing/crashd-test-cb814ebad5db05cb/tmp/kubeconfig"
=== RUN   TestArchiveFunc
=== RUN   TestArchiveFunc/archive_single_file
--- PASS: TestArchiveFunc (0.00s)
    --- PASS: TestArchiveFunc/archive_single_file (0.00s)
=== RUN   TestArchiveScript
=== RUN   TestArchiveScript/archive_defaults
time="2023-06-07T14:22:38+10:00" level=error msg="failed to add test.star to archive /tmp/archive.tar.gz: lstat test.star: no such file or directory"
--- PASS: TestArchiveScript (0.00s)
    --- PASS: TestArchiveScript/archive_defaults (0.00s)
=== RUN   TestCaptureLocalFunc
=== RUN   TestCaptureLocalFunc/capture_with_defaults
=== RUN   TestCaptureLocalFunc/capture_with_args
=== RUN   TestCaptureLocalFunc/capture_with_error
--- PASS: TestCaptureLocalFunc (0.02s)
    --- PASS: TestCaptureLocalFunc/capture_with_defaults (0.01s)
    --- PASS: TestCaptureLocalFunc/capture_with_args (0.01s)
    --- PASS: TestCaptureLocalFunc/capture_with_error (0.00s)
=== RUN   TestCaptureLocalScript
=== RUN   TestCaptureLocalScript/capture_local_defaults
=== RUN   TestCaptureLocalScript/capture_local_with_args
--- PASS: TestCaptureLocalScript (0.01s)
    --- PASS: TestCaptureLocalScript/capture_local_defaults (0.01s)
    --- PASS: TestCaptureLocalScript/capture_local_with_args (0.01s)
=== RUN   TestCaptureFuncSSHAll
=== RUN   TestCaptureFuncSSHAll/capture_func_for_host_resources
=== RUN   TestCaptureFuncSSHAll/capture_func_for_host_resources/default_args_single_machine
    capture_test.go:50: unexpected file name captured: 
    capture_test.go:55: open : no such file or directory
=== RUN   TestCaptureFuncSSHAll/capture_func_for_host_resources/kwargs_single_machine
    capture_test.go:101: unexpected file name captured: 
    capture_test.go:106: open : no such file or directory
=== RUN   TestCaptureFuncSSHAll/capture_func_for_host_resources/multiple_machines
=== RUN   TestCaptureFuncSSHAll/capture_script_for_host_resources
=== RUN   TestCaptureFuncSSHAll/capture_script_for_host_resources/default_cmd_multiple_machines
=== RUN   TestCaptureFuncSSHAll/capture_script_for_host_resources/resource_loop
    capture_test.go:249: run(): expecting a starlark struct, got *starlark.List
--- FAIL: TestCaptureFuncSSHAll (0.86s)
    --- FAIL: TestCaptureFuncSSHAll/capture_func_for_host_resources (0.42s)
        --- FAIL: TestCaptureFuncSSHAll/capture_func_for_host_resources/default_args_single_machine (0.13s)
        --- FAIL: TestCaptureFuncSSHAll/capture_func_for_host_resources/kwargs_single_machine (0.13s)
        --- PASS: TestCaptureFuncSSHAll/capture_func_for_host_resources/multiple_machines (0.16s)
    --- FAIL: TestCaptureFuncSSHAll/capture_script_for_host_resources (0.44s)
        --- PASS: TestCaptureFuncSSHAll/capture_script_for_host_resources/default_cmd_multiple_machines (0.16s)
        --- FAIL: TestCaptureFuncSSHAll/capture_script_for_host_resources/resource_loop (0.27s)
=== RUN   TestCopyFromFuncSSHAll
=== RUN   TestCopyFromFuncSSHAll/copyFrom_func_for_host_resources
=== RUN   TestCopyFromFuncSSHAll/copyFrom_func_for_host_resources/single_machine_single_file
    test_support.go:66: creating test file over SSH: foo.txt
    test_support.go:73: file created: proc: out: failed to wait: exit status 255
time="2023-06-07T14:22:40+10:00" level=warning msg="scp: copyFrom: failed to connect to 127.0.0.1: 'exit status 255 exit status 255': retrying connection"
time="2023-06-07T14:22:40+10:00" level=warning msg="scp: copyFrom: failed to connect to 127.0.0.1: 'exit status 255 exit status 255': retrying connection"
time="2023-06-07T14:22:40+10:00" level=warning msg="scp: copyFrom: failed to connect to 127.0.0.1: 'exit status 255 exit status 255': retrying connection"
time="2023-06-07T14:22:40+10:00" level=warning msg="scp: copyFrom: failed to connect to 127.0.0.1: 'exit status 255 exit status 255': retrying connection"
time="2023-06-07T14:22:41+10:00" level=warning msg="scp: copyFrom: failed to connect to 127.0.0.1: 'exit status 255 exit status 255': retrying connection"
time="2023-06-07T14:22:41+10:00" level=warning msg="scp: copyFrom: failed to connect to 127.0.0.1: 'exit status 255 exit status 255': retrying connection"
time="2023-06-07T14:22:41+10:00" level=warning msg="scp: copyFrom: failed to connect to 127.0.0.1: 'exit status 255 exit status 255': retrying connection"
time="2023-06-07T14:22:41+10:00" level=warning msg="scp: copyFrom: failed to connect to 127.0.0.1: 'exit status 255 exit status 255': retrying connection"
time="2023-06-07T14:22:42+10:00" level=warning msg="scp: copyFrom: failed to connect to 127.0.0.1: 'exit status 255 exit status 255': retrying connection"
time="2023-06-07T14:22:42+10:00" level=warning msg="scp: copyFrom: failed to connect to 127.0.0.1: 'exit status 255 exit status 255': retrying connection"
time="2023-06-07T14:22:42+10:00" level=warning msg="scp: copyFrom: failed to connect to 127.0.0.1: 'exit status 255 exit status 255': retrying connection"
time="2023-06-07T14:22:42+10:00" level=warning msg="scp: copyFrom: failed to connect to 127.0.0.1: 'exit status 255 exit status 255': retrying connection"
time="2023-06-07T14:22:42+10:00" level=warning msg="scp: copyFrom: failed to connect to 127.0.0.1: 'exit status 255 exit status 255': retrying connection"
time="2023-06-07T14:22:43+10:00" level=warning msg="scp: copyFrom: failed to connect to 127.0.0.1: 'exit status 255 exit status 255': retrying connection"
time="2023-06-07T14:22:43+10:00" level=warning msg="scp: copyFrom: failed to connect to 127.0.0.1: 'exit status 255 exit status 255': retrying connection"
time="2023-06-07T14:22:43+10:00" level=warning msg="scp: copyFrom: failed to connect to 127.0.0.1: 'exit status 255 exit status 255': retrying connection"
time="2023-06-07T14:22:43+10:00" level=warning msg="scp: copyFrom: failed to connect to 127.0.0.1: 'exit status 255 exit status 255': retrying connection"
time="2023-06-07T14:22:44+10:00" level=warning msg="scp: copyFrom: failed to connect to 127.0.0.1: 'exit status 255 exit status 255': retrying connection"
time="2023-06-07T14:22:44+10:00" level=warning msg="scp: copyFrom: failed to connect to 127.0.0.1: 'exit status 255 exit status 255': retrying connection"
time="2023-06-07T14:22:44+10:00" level=warning msg="scp: copyFrom: failed to connect to 127.0.0.1: 'exit status 255 exit status 255': retrying connection"
time="2023-06-07T14:22:44+10:00" level=warning msg="scp: copyFrom: failed to connect to 127.0.0.1: 'exit status 255 exit status 255': retrying connection"
time="2023-06-07T14:22:45+10:00" level=warning msg="scp: copyFrom: failed to connect to 127.0.0.1: 'exit status 255 exit status 255': retrying connection"
time="2023-06-07T14:22:45+10:00" level=warning msg="scp: copyFrom: failed to connect to 127.0.0.1: 'exit status 255 exit status 255': retrying connection"
time="2023-06-07T14:22:45+10:00" level=warning msg="scp: copyFrom: failed to connect to 127.0.0.1: 'exit status 255 exit status 255': retrying connection"
time="2023-06-07T14:22:45+10:00" level=warning msg="scp: copyFrom: failed to connect to 127.0.0.1: 'exit status 255 exit status 255': retrying connection"
time="2023-06-07T14:22:45+10:00" level=warning msg="scp: copyFrom: failed to connect to 127.0.0.1: 'exit status 255 exit status 255': retrying connection"
time="2023-06-07T14:22:46+10:00" level=warning msg="scp: copyFrom: failed to connect to 127.0.0.1: 'exit status 255 exit status 255': retrying connection"
time="2023-06-07T14:22:46+10:00" level=warning msg="scp: copyFrom: failed to connect to 127.0.0.1: 'exit status 255 exit status 255': retrying connection"
time="2023-06-07T14:22:46+10:00" level=warning msg="scp: copyFrom: failed to connect to 127.0.0.1: 'exit status 255 exit status 255': retrying connection"
time="2023-06-07T14:22:46+10:00" level=warning msg="scp: copyFrom: failed to connect to 127.0.0.1: 'exit status 255 exit status 255': retrying connection"
time="2023-06-07T14:22:46+10:00" level=error msg="copy_from: failed to copyFrom foo.txt: scp: copyFrom: failed after 30 attempt(s): timed out waiting for the condition"
    copy_from_test.go:65: scp: copyFrom: failed after 30 attempt(s): timed out waiting for the condition
    test_support.go:92: removing test file over SSH: foo.txt
=== RUN   TestCopyFromFuncSSHAll/copyFrom_func_for_host_resources/multiple_machines_single_files
    test_support.go:50: creating remote test dir over SSH: bar
    test_support.go:60: dir created: proc: out: failed to wait: exit status 255
    test_support.go:66: creating test file over SSH: bar/foo.txt
    test_support.go:73: file created: proc: out: failed to wait: exit status 255
    test_support.go:66: creating test file over SSH: baz.txt
    test_support.go:73: file created: proc: out: failed to wait: exit status 255
    test_support.go:50: creating remote test dir over SSH: bar
    test_support.go:60: dir created: proc: out: failed to wait: exit status 255
    test_support.go:66: creating test file over SSH: bar/bar.txt
    test_support.go:73: file created: proc: out: failed to wait: exit status 255
time="2023-06-07T14:22:48+10:00" level=warning msg="scp: copyFrom: failed to connect to localhost: 'exit status 255 exit status 255': retrying connection"
time="2023-06-07T14:22:48+10:00" level=warning msg="scp: copyFrom: failed to connect to localhost: 'exit status 255 exit status 255': retrying connection"
time="2023-06-07T14:22:48+10:00" level=warning msg="scp: copyFrom: failed to connect to localhost: 'exit status 255 exit status 255': retrying connection"
time="2023-06-07T14:22:49+10:00" level=warning msg="scp: copyFrom: failed to connect to localhost: 'exit status 255 exit status 255': retrying connection"
time="2023-06-07T14:22:49+10:00" level=warning msg="scp: copyFrom: failed to connect to localhost: 'exit status 255 exit status 255': retrying connection"
time="2023-06-07T14:22:49+10:00" level=warning msg="scp: copyFrom: failed to connect to localhost: 'exit status 255 exit status 255': retrying connection"
time="2023-06-07T14:22:49+10:00" level=warning msg="scp: copyFrom: failed to connect to localhost: 'exit status 255 exit status 255': retrying connection"
time="2023-06-07T14:22:50+10:00" level=warning msg="scp: copyFrom: failed to connect to localhost: 'exit status 255 exit status 255': retrying connection"
time="2023-06-07T14:22:50+10:00" level=warning msg="scp: copyFrom: failed to connect to localhost: 'exit status 255 exit status 255': retrying connection"
time="2023-06-07T14:22:50+10:00" level=warning msg="scp: copyFrom: failed to connect to localhost: 'exit status 255 exit status 255': retrying connection"
time="2023-06-07T14:22:50+10:00" level=warning msg="scp: copyFrom: failed to connect to localhost: 'exit status 255 exit status 255': retrying connection"
time="2023-06-07T14:22:50+10:00" level=warning msg="scp: copyFrom: failed to connect to localhost: 'exit status 255 exit status 255': retrying connection"
time="2023-06-07T14:22:51+10:00" level=warning msg="scp: copyFrom: failed to connect to localhost: 'exit status 255 exit status 255': retrying connection"
time="2023-06-07T14:22:51+10:00" level=warning msg="scp: copyFrom: failed to connect to localhost: 'exit status 255 exit status 255': retrying connection"
time="2023-06-07T14:22:51+10:00" level=warning msg="scp: copyFrom: failed to connect to localhost: 'exit status 255 exit status 255': retrying connection"
time="2023-06-07T14:22:51+10:00" level=warning msg="scp: copyFrom: failed to connect to localhost: 'exit status 255 exit status 255': retrying connection"
time="2023-06-07T14:22:52+10:00" level=warning msg="scp: copyFrom: failed to connect to localhost: 'exit status 255 exit status 255': retrying connection"
time="2023-06-07T14:22:52+10:00" level=warning msg="scp: copyFrom: failed to connect to localhost: 'exit status 255 exit status 255': retrying connection"
time="2023-06-07T14:22:52+10:00" level=warning msg="scp: copyFrom: failed to connect to localhost: 'exit status 255 exit status 255': retrying connection"
time="2023-06-07T14:22:52+10:00" level=warning msg="scp: copyFrom: failed to connect to localhost: 'exit status 255 exit status 255': retrying connection"
time="2023-06-07T14:22:53+10:00" level=warning msg="scp: copyFrom: failed to connect to localhost: 'exit status 255 exit status 255': retrying connection"
time="2023-06-07T14:22:53+10:00" level=warning msg="scp: copyFrom: failed to connect to localhost: 'exit status 255 exit status 255': retrying connection"
time="2023-06-07T14:22:53+10:00" level=warning msg="scp: copyFrom: failed to connect to localhost: 'exit status 255 exit status 255': retrying connection"
time="2023-06-07T14:22:53+10:00" level=warning msg="scp: copyFrom: failed to connect to localhost: 'exit status 255 exit status 255': retrying connection"
time="2023-06-07T14:22:53+10:00" level=warning msg="scp: copyFrom: failed to connect to localhost: 'exit status 255 exit status 255': retrying connection"
time="2023-06-07T14:22:54+10:00" level=warning msg="scp: copyFrom: failed to connect to localhost: 'exit status 255 exit status 255': retrying connection"
time="2023-06-07T14:22:54+10:00" level=warning msg="scp: copyFrom: failed to connect to localhost: 'exit status 255 exit status 255': retrying connection"
time="2023-06-07T14:22:54+10:00" level=warning msg="scp: copyFrom: failed to connect to localhost: 'exit status 255 exit status 255': retrying connection"
time="2023-06-07T14:22:54+10:00" level=warning msg="scp: copyFrom: failed to connect to localhost: 'exit status 255 exit status 255': retrying connection"
time="2023-06-07T14:22:55+10:00" level=warning msg="scp: copyFrom: failed to connect to localhost: 'exit status 255 exit status 255': retrying connection"
time="2023-06-07T14:22:55+10:00" level=error msg="copy_from: failed to copyFrom bar/bar.txt: scp: copyFrom: failed after 30 attempt(s): timed out waiting for the condition"
time="2023-06-07T14:22:55+10:00" level=warning msg="scp: copyFrom: failed to connect to 127.0.0.1: 'exit status 255 exit status 255': retrying connection"
time="2023-06-07T14:22:55+10:00" level=warning msg="scp: copyFrom: failed to connect to 127.0.0.1: 'exit status 255 exit status 255': retrying connection"
time="2023-06-07T14:22:55+10:00" level=warning msg="scp: copyFrom: failed to connect to 127.0.0.1: 'exit status 255 exit status 255': retrying connection"
time="2023-06-07T14:22:55+10:00" level=warning msg="scp: copyFrom: failed to connect to 127.0.0.1: 'exit status 255 exit status 255': retrying connection"
time="2023-06-07T14:22:56+10:00" level=warning msg="scp: copyFrom: failed to connect to 127.0.0.1: 'exit status 255 exit status 255': retrying connection"
time="2023-06-07T14:22:56+10:00" level=warning msg="scp: copyFrom: failed to connect to 127.0.0.1: 'exit status 255 exit status 255': retrying connection"
time="2023-06-07T14:22:56+10:00" level=warning msg="scp: copyFrom: failed to connect to 127.0.0.1: 'exit status 255 exit status 255': retrying connection"
time="2023-06-07T14:22:56+10:00" level=warning msg="scp: copyFrom: failed to connect to 127.0.0.1: 'exit status 255 exit status 255': retrying connection"
time="2023-06-07T14:22:57+10:00" level=warning msg="scp: copyFrom: failed to connect to 127.0.0.1: 'exit status 255 exit status 255': retrying connection"
time="2023-06-07T14:22:57+10:00" level=warning msg="scp: copyFrom: failed to connect to 127.0.0.1: 'exit status 255 exit status 255': retrying connection"
time="2023-06-07T14:22:57+10:00" level=warning msg="scp: copyFrom: failed to connect to 127.0.0.1: 'exit status 255 exit status 255': retrying connection"
time="2023-06-07T14:22:57+10:00" level=warning msg="scp: copyFrom: failed to connect to 127.0.0.1: 'exit status 255 exit status 255': retrying connection"
time="2023-06-07T14:22:57+10:00" level=warning msg="scp: copyFrom: failed to connect to 127.0.0.1: 'exit status 255 exit status 255': retrying connection"
time="2023-06-07T14:22:58+10:00" level=warning msg="scp: copyFrom: failed to connect to 127.0.0.1: 'exit status 255 exit status 255': retrying connection"
time="2023-06-07T14:22:58+10:00" level=warning msg="scp: copyFrom: failed to connect to 127.0.0.1: 'exit status 255 exit status 255': retrying connection"
time="2023-06-07T14:22:58+10:00" level=warning msg="scp: copyFrom: failed to connect to 127.0.0.1: 'exit status 255 exit status 255': retrying connection"
time="2023-06-07T14:22:58+10:00" level=warning msg="scp: copyFrom: failed to connect to 127.0.0.1: 'exit status 255 exit status 255': retrying connection"
time="2023-06-07T14:22:59+10:00" level=warning msg="scp: copyFrom: failed to connect to 127.0.0.1: 'exit status 255 exit status 255': retrying connection"
time="2023-06-07T14:22:59+10:00" level=warning msg="scp: copyFrom: failed to connect to 127.0.0.1: 'exit status 255 exit status 255': retrying connection"
time="2023-06-07T14:22:59+10:00" level=warning msg="scp: copyFrom: failed to connect to 127.0.0.1: 'exit status 255 exit status 255': retrying connection"
time="2023-06-07T14:22:59+10:00" level=warning msg="scp: copyFrom: failed to connect to 127.0.0.1: 'exit status 255 exit status 255': retrying connection"
time="2023-06-07T14:22:59+10:00" level=warning msg="scp: copyFrom: failed to connect to 127.0.0.1: 'exit status 255 exit status 255': retrying connection"
time="2023-06-07T14:23:00+10:00" level=warning msg="scp: copyFrom: failed to connect to 127.0.0.1: 'exit status 255 exit status 255': retrying connection"
time="2023-06-07T14:23:00+10:00" level=warning msg="scp: copyFrom: failed to connect to 127.0.0.1: 'exit status 255 exit status 255': retrying connection"
time="2023-06-07T14:23:00+10:00" level=warning msg="scp: copyFrom: failed to connect to 127.0.0.1: 'exit status 255 exit status 255': retrying connection"
time="2023-06-07T14:23:00+10:00" level=warning msg="scp: copyFrom: failed to connect to 127.0.0.1: 'exit status 255 exit status 255': retrying connection"
time="2023-06-07T14:23:01+10:00" level=warning msg="scp: copyFrom: failed to connect to 127.0.0.1: 'exit status 255 exit status 255': retrying connection"
time="2023-06-07T14:23:01+10:00" level=warning msg="scp: copyFrom: failed to connect to 127.0.0.1: 'exit status 255 exit status 255': retrying connection"
time="2023-06-07T14:23:01+10:00" level=warning msg="scp: copyFrom: failed to connect to 127.0.0.1: 'exit status 255 exit status 255': retrying connection"
time="2023-06-07T14:23:01+10:00" level=warning msg="scp: copyFrom: failed to connect to 127.0.0.1: 'exit status 255 exit status 255': retrying connection"
time="2023-06-07T14:23:01+10:00" level=error msg="copy_from: failed to copyFrom bar/bar.txt: scp: copyFrom: failed after 30 attempt(s): timed out waiting for the condition"
    copy_from_test.go:126: scp: copyFrom: failed after 30 attempt(s): timed out waiting for the condition
    test_support.go:92: removing test file over SSH: bar/foo.txt
    test_support.go:92: removing test file over SSH: baz.txt
    test_support.go:92: removing test file over SSH: bar/bar.txt
=== RUN   TestCopyFromFuncSSHAll/copyFrom_func_for_host_resources/multiple_machines_files_glob
    test_support.go:50: creating remote test dir over SSH: bar
    test_support.go:60: dir created: proc: out: failed to wait: exit status 255
    test_support.go:66: creating test file over SSH: bar/foo.txt
    test_support.go:73: file created: proc: out: failed to wait: exit status 255
    test_support.go:50: creating remote test dir over SSH: bar
    test_support.go:60: dir created: proc: out: failed to wait: exit status 255
    test_support.go:66: creating test file over SSH: bar/baz.csv
    test_support.go:73: file created: proc: out: failed to wait: exit status 255
    test_support.go:50: creating remote test dir over SSH: bar
    test_support.go:60: dir created: proc: out: failed to wait: exit status 255
    test_support.go:66: creating test file over SSH: bar/bar.txt
    test_support.go:73: file created: proc: out: failed to wait: exit status 255
time="2023-06-07T14:23:03+10:00" level=warning msg="scp: copyFrom: failed to connect to localhost: 'exit status 255 exit status 255': retrying connection"
time="2023-06-07T14:23:04+10:00" level=warning msg="scp: copyFrom: failed to connect to localhost: 'exit status 255 exit status 255': retrying connection"
time="2023-06-07T14:23:04+10:00" level=warning msg="scp: copyFrom: failed to connect to localhost: 'exit status 255 exit status 255': retrying connection"
time="2023-06-07T14:23:04+10:00" level=warning msg="scp: copyFrom: failed to connect to localhost: 'exit status 255 exit status 255': retrying connection"
time="2023-06-07T14:23:04+10:00" level=warning msg="scp: copyFrom: failed to connect to localhost: 'exit status 255 exit status 255': retrying connection"
time="2023-06-07T14:23:05+10:00" level=warning msg="scp: copyFrom: failed to connect to localhost: 'exit status 255 exit status 255': retrying connection"
time="2023-06-07T14:23:05+10:00" level=warning msg="scp: copyFrom: failed to connect to localhost: 'exit status 255 exit status 255': retrying connection"
time="2023-06-07T14:23:05+10:00" level=warning msg="scp: copyFrom: failed to connect to localhost: 'exit status 255 exit status 255': retrying connection"
time="2023-06-07T14:23:05+10:00" level=warning msg="scp: copyFrom: failed to connect to localhost: 'exit status 255 exit status 255': retrying connection"
time="2023-06-07T14:23:05+10:00" level=warning msg="scp: copyFrom: failed to connect to localhost: 'exit status 255 exit status 255': retrying connection"
time="2023-06-07T14:23:06+10:00" level=warning msg="scp: copyFrom: failed to connect to localhost: 'exit status 255 exit status 255': retrying connection"
time="2023-06-07T14:23:06+10:00" level=warning msg="scp: copyFrom: failed to connect to localhost: 'exit status 255 exit status 255': retrying connection"
time="2023-06-07T14:23:06+10:00" level=warning msg="scp: copyFrom: failed to connect to localhost: 'exit status 255 exit status 255': retrying connection"
time="2023-06-07T14:23:06+10:00" level=warning msg="scp: copyFrom: failed to connect to localhost: 'exit status 255 exit status 255': retrying connection"
time="2023-06-07T14:23:07+10:00" level=warning msg="scp: copyFrom: failed to connect to localhost: 'exit status 255 exit status 255': retrying connection"
time="2023-06-07T14:23:07+10:00" level=warning msg="scp: copyFrom: failed to connect to localhost: 'exit status 255 exit status 255': retrying connection"
time="2023-06-07T14:23:07+10:00" level=warning msg="scp: copyFrom: failed to connect to localhost: 'exit status 255 exit status 255': retrying connection"
time="2023-06-07T14:23:07+10:00" level=warning msg="scp: copyFrom: failed to connect to localhost: 'exit status 255 exit status 255': retrying connection"
time="2023-06-07T14:23:07+10:00" level=warning msg="scp: copyFrom: failed to connect to localhost: 'exit status 255 exit status 255': retrying connection"
time="2023-06-07T14:23:08+10:00" level=warning msg="scp: copyFrom: failed to connect to localhost: 'exit status 255 exit status 255': retrying connection"
time="2023-06-07T14:23:08+10:00" level=warning msg="scp: copyFrom: failed to connect to localhost: 'exit status 255 exit status 255': retrying connection"
time="2023-06-07T14:23:08+10:00" level=warning msg="scp: copyFrom: failed to connect to localhost: 'exit status 255 exit status 255': retrying connection"
time="2023-06-07T14:23:08+10:00" level=warning msg="scp: copyFrom: failed to connect to localhost: 'exit status 255 exit status 255': retrying connection"
time="2023-06-07T14:23:09+10:00" level=warning msg="scp: copyFrom: failed to connect to localhost: 'exit status 255 exit status 255': retrying connection"
time="2023-06-07T14:23:09+10:00" level=warning msg="scp: copyFrom: failed to connect to localhost: 'exit status 255 exit status 255': retrying connection"
time="2023-06-07T14:23:09+10:00" level=warning msg="scp: copyFrom: failed to connect to localhost: 'exit status 255 exit status 255': retrying connection"
time="2023-06-07T14:23:09+10:00" level=warning msg="scp: copyFrom: failed to connect to localhost: 'exit status 255 exit status 255': retrying connection"
time="2023-06-07T14:23:10+10:00" level=warning msg="scp: copyFrom: failed to connect to localhost: 'exit status 255 exit status 255': retrying connection"
time="2023-06-07T14:23:10+10:00" level=warning msg="scp: copyFrom: failed to connect to localhost: 'exit status 255 exit status 255': retrying connection"
time="2023-06-07T14:23:10+10:00" level=warning msg="scp: copyFrom: failed to connect to localhost: 'exit status 255 exit status 255': retrying connection"
time="2023-06-07T14:23:10+10:00" level=error msg="copy_from: failed to copyFrom bar/*.txt: scp: copyFrom: failed after 30 attempt(s): timed out waiting for the condition"
time="2023-06-07T14:23:10+10:00" level=warning msg="scp: copyFrom: failed to connect to 127.0.0.1: 'exit status 255 exit status 255': retrying connection"
time="2023-06-07T14:23:10+10:00" level=warning msg="scp: copyFrom: failed to connect to 127.0.0.1: 'exit status 255 exit status 255': retrying connection"
time="2023-06-07T14:23:11+10:00" level=warning msg="scp: copyFrom: failed to connect to 127.0.0.1: 'exit status 255 exit status 255': retrying connection"
time="2023-06-07T14:23:11+10:00" level=warning msg="scp: copyFrom: failed to connect to 127.0.0.1: 'exit status 255 exit status 255': retrying connection"
time="2023-06-07T14:23:11+10:00" level=warning msg="scp: copyFrom: failed to connect to 127.0.0.1: 'exit status 255 exit status 255': retrying connection"
time="2023-06-07T14:23:11+10:00" level=warning msg="scp: copyFrom: failed to connect to 127.0.0.1: 'exit status 255 exit status 255': retrying connection"
time="2023-06-07T14:23:12+10:00" level=warning msg="scp: copyFrom: failed to connect to 127.0.0.1: 'exit status 255 exit status 255': retrying connection"
time="2023-06-07T14:23:12+10:00" level=warning msg="scp: copyFrom: failed to connect to 127.0.0.1: 'exit status 255 exit status 255': retrying connection"
time="2023-06-07T14:23:12+10:00" level=warning msg="scp: copyFrom: failed to connect to 127.0.0.1: 'exit status 255 exit status 255': retrying connection"
time="2023-06-07T14:23:12+10:00" level=warning msg="scp: copyFrom: failed to connect to 127.0.0.1: 'exit status 255 exit status 255': retrying connection"
time="2023-06-07T14:23:12+10:00" level=warning msg="scp: copyFrom: failed to connect to 127.0.0.1: 'exit status 255 exit status 255': retrying connection"
time="2023-06-07T14:23:13+10:00" level=warning msg="scp: copyFrom: failed to connect to 127.0.0.1: 'exit status 255 exit status 255': retrying connection"
time="2023-06-07T14:23:13+10:00" level=warning msg="scp: copyFrom: failed to connect to 127.0.0.1: 'exit status 255 exit status 255': retrying connection"
time="2023-06-07T14:23:13+10:00" level=warning msg="scp: copyFrom: failed to connect to 127.0.0.1: 'exit status 255 exit status 255': retrying connection"
time="2023-06-07T14:23:13+10:00" level=warning msg="scp: copyFrom: failed to connect to 127.0.0.1: 'exit status 255 exit status 255': retrying connection"
time="2023-06-07T14:23:14+10:00" level=warning msg="scp: copyFrom: failed to connect to 127.0.0.1: 'exit status 255 exit status 255': retrying connection"
time="2023-06-07T14:23:14+10:00" level=warning msg="scp: copyFrom: failed to connect to 127.0.0.1: 'exit status 255 exit status 255': retrying connection"
time="2023-06-07T14:23:14+10:00" level=warning msg="scp: copyFrom: failed to connect to 127.0.0.1: 'exit status 255 exit status 255': retrying connection"
time="2023-06-07T14:23:14+10:00" level=warning msg="scp: copyFrom: failed to connect to 127.0.0.1: 'exit status 255 exit status 255': retrying connection"
time="2023-06-07T14:23:15+10:00" level=warning msg="scp: copyFrom: failed to connect to 127.0.0.1: 'exit status 255 exit status 255': retrying connection"
time="2023-06-07T14:23:15+10:00" level=warning msg="scp: copyFrom: failed to connect to 127.0.0.1: 'exit status 255 exit status 255': retrying connection"
time="2023-06-07T14:23:15+10:00" level=warning msg="scp: copyFrom: failed to connect to 127.0.0.1: 'exit status 255 exit status 255': retrying connection"
time="2023-06-07T14:23:15+10:00" level=warning msg="scp: copyFrom: failed to connect to 127.0.0.1: 'exit status 255 exit status 255': retrying connection"
time="2023-06-07T14:23:15+10:00" level=warning msg="scp: copyFrom: failed to connect to 127.0.0.1: 'exit status 255 exit status 255': retrying connection"
time="2023-06-07T14:23:16+10:00" level=warning msg="scp: copyFrom: failed to connect to 127.0.0.1: 'exit status 255 exit status 255': retrying connection"
time="2023-06-07T14:23:16+10:00" level=warning msg="scp: copyFrom: failed to connect to 127.0.0.1: 'exit status 255 exit status 255': retrying connection"
time="2023-06-07T14:23:16+10:00" level=warning msg="scp: copyFrom: failed to connect to 127.0.0.1: 'exit status 255 exit status 255': retrying connection"
time="2023-06-07T14:23:16+10:00" level=warning msg="scp: copyFrom: failed to connect to 127.0.0.1: 'exit status 255 exit status 255': retrying connection"
time="2023-06-07T14:23:16+10:00" level=warning msg="scp: copyFrom: failed to connect to 127.0.0.1: 'exit status 255 exit status 255': retrying connection"
time="2023-06-07T14:23:17+10:00" level=warning msg="scp: copyFrom: failed to connect to 127.0.0.1: 'exit status 255 exit status 255': retrying connection"
time="2023-06-07T14:23:17+10:00" level=error msg="copy_from: failed to copyFrom bar/*.txt: scp: copyFrom: failed after 30 attempt(s): timed out waiting for the condition"
    copy_from_test.go:187: scp: copyFrom: failed after 30 attempt(s): timed out waiting for the condition
    test_support.go:92: removing test file over SSH: bar/bar.txt
    test_support.go:92: removing test file over SSH: bar/foo.txt
    test_support.go:92: removing test file over SSH: bar/baz.csv
=== RUN   TestCopyFromFuncSSHAll/copy_from_script_for_host_resources
    test_support.go:50: creating remote test dir over SSH: bar
    test_support.go:60: dir created: proc: out: failed to wait: exit status 255
    test_support.go:66: creating test file over SSH: bar/baz.csv
    test_support.go:73: file created: proc: out: failed to wait: exit status 255
    test_support.go:66: creating test file over SSH: foobar.c
    test_support.go:73: file created: proc: out: failed to wait: exit status 255
    test_support.go:50: creating remote test dir over SSH: bar
    test_support.go:60: dir created: proc: out: failed to wait: exit status 255
    test_support.go:66: creating test file over SSH: bar/bar.txt
    test_support.go:73: file created: proc: out: failed to wait: exit status 255
    test_support.go:50: creating remote test dir over SSH: bar
    test_support.go:60: dir created: proc: out: failed to wait: exit status 255
    test_support.go:66: creating test file over SSH: bar/foo.txt
    test_support.go:73: file created: proc: out: failed to wait: exit status 255
=== RUN   TestCopyFromFuncSSHAll/copy_from_script_for_host_resources/multiple_machines_single_copyFrom
time="2023-06-07T14:23:19+10:00" level=warning msg="scp: copyFrom: failed to connect to 127.0.0.1: 'exit status 255 exit status 255': retrying connection"
time="2023-06-07T14:23:19+10:00" level=warning msg="scp: copyFrom: failed to connect to 127.0.0.1: 'exit status 255 exit status 255': retrying connection"
time="2023-06-07T14:23:20+10:00" level=warning msg="scp: copyFrom: failed to connect to 127.0.0.1: 'exit status 255 exit status 255': retrying connection"
time="2023-06-07T14:23:20+10:00" level=warning msg="scp: copyFrom: failed to connect to 127.0.0.1: 'exit status 255 exit status 255': retrying connection"
time="2023-06-07T14:23:20+10:00" level=warning msg="scp: copyFrom: failed to connect to 127.0.0.1: 'exit status 255 exit status 255': retrying connection"
time="2023-06-07T14:23:20+10:00" level=warning msg="scp: copyFrom: failed to connect to 127.0.0.1: 'exit status 255 exit status 255': retrying connection"
time="2023-06-07T14:23:20+10:00" level=warning msg="scp: copyFrom: failed to connect to 127.0.0.1: 'exit status 255 exit status 255': retrying connection"
time="2023-06-07T14:23:21+10:00" level=warning msg="scp: copyFrom: failed to connect to 127.0.0.1: 'exit status 255 exit status 255': retrying connection"
time="2023-06-07T14:23:21+10:00" level=warning msg="scp: copyFrom: failed to connect to 127.0.0.1: 'exit status 255 exit status 255': retrying connection"
time="2023-06-07T14:23:21+10:00" level=warning msg="scp: copyFrom: failed to connect to 127.0.0.1: 'exit status 255 exit status 255': retrying connection"
time="2023-06-07T14:23:21+10:00" level=warning msg="scp: copyFrom: failed to connect to 127.0.0.1: 'exit status 255 exit status 255': retrying connection"
time="2023-06-07T14:23:22+10:00" level=warning msg="scp: copyFrom: failed to connect to 127.0.0.1: 'exit status 255 exit status 255': retrying connection"
time="2023-06-07T14:23:22+10:00" level=warning msg="scp: copyFrom: failed to connect to 127.0.0.1: 'exit status 255 exit status 255': retrying connection"
time="2023-06-07T14:23:22+10:00" level=warning msg="scp: copyFrom: failed to connect to 127.0.0.1: 'exit status 255 exit status 255': retrying connection"
time="2023-06-07T14:23:22+10:00" level=warning msg="scp: copyFrom: failed to connect to 127.0.0.1: 'exit status 255 exit status 255': retrying connection"
time="2023-06-07T14:23:22+10:00" level=warning msg="scp: copyFrom: failed to connect to 127.0.0.1: 'exit status 255 exit status 255': retrying connection"
time="2023-06-07T14:23:23+10:00" level=warning msg="scp: copyFrom: failed to connect to 127.0.0.1: 'exit status 255 exit status 255': retrying connection"
time="2023-06-07T14:23:23+10:00" level=warning msg="scp: copyFrom: failed to connect to 127.0.0.1: 'exit status 255 exit status 255': retrying connection"
time="2023-06-07T14:23:23+10:00" level=warning msg="scp: copyFrom: failed to connect to 127.0.0.1: 'exit status 255 exit status 255': retrying connection"
time="2023-06-07T14:23:23+10:00" level=warning msg="scp: copyFrom: failed to connect to 127.0.0.1: 'exit status 255 exit status 255': retrying connection"
time="2023-06-07T14:23:24+10:00" level=warning msg="scp: copyFrom: failed to connect to 127.0.0.1: 'exit status 255 exit status 255': retrying connection"
time="2023-06-07T14:23:24+10:00" level=warning msg="scp: copyFrom: failed to connect to 127.0.0.1: 'exit status 255 exit status 255': retrying connection"
time="2023-06-07T14:23:24+10:00" level=warning msg="scp: copyFrom: failed to connect to 127.0.0.1: 'exit status 255 exit status 255': retrying connection"
time="2023-06-07T14:23:24+10:00" level=warning msg="scp: copyFrom: failed to connect to 127.0.0.1: 'exit status 255 exit status 255': retrying connection"
time="2023-06-07T14:23:24+10:00" level=warning msg="scp: copyFrom: failed to connect to 127.0.0.1: 'exit status 255 exit status 255': retrying connection"
time="2023-06-07T14:23:25+10:00" level=warning msg="scp: copyFrom: failed to connect to 127.0.0.1: 'exit status 255 exit status 255': retrying connection"
time="2023-06-07T14:23:25+10:00" level=warning msg="scp: copyFrom: failed to connect to 127.0.0.1: 'exit status 255 exit status 255': retrying connection"
time="2023-06-07T14:23:25+10:00" level=warning msg="scp: copyFrom: failed to connect to 127.0.0.1: 'exit status 255 exit status 255': retrying connection"
time="2023-06-07T14:23:25+10:00" level=warning msg="scp: copyFrom: failed to connect to 127.0.0.1: 'exit status 255 exit status 255': retrying connection"
time="2023-06-07T14:23:26+10:00" level=warning msg="scp: copyFrom: failed to connect to 127.0.0.1: 'exit status 255 exit status 255': retrying connection"
time="2023-06-07T14:23:26+10:00" level=error msg="copy_from: failed to copyFrom bar/foo.txt: scp: copyFrom: failed after 30 attempt(s): timed out waiting for the condition"
time="2023-06-07T14:23:26+10:00" level=warning msg="scp: copyFrom: failed to connect to localhost: 'exit status 255 exit status 255': retrying connection"
time="2023-06-07T14:23:26+10:00" level=warning msg="scp: copyFrom: failed to connect to localhost: 'exit status 255 exit status 255': retrying connection"
time="2023-06-07T14:23:26+10:00" level=warning msg="scp: copyFrom: failed to connect to localhost: 'exit status 255 exit status 255': retrying connection"
time="2023-06-07T14:23:26+10:00" level=warning msg="scp: copyFrom: failed to connect to localhost: 'exit status 255 exit status 255': retrying connection"
time="2023-06-07T14:23:27+10:00" level=warning msg="scp: copyFrom: failed to connect to localhost: 'exit status 255 exit status 255': retrying connection"
time="2023-06-07T14:23:27+10:00" level=warning msg="scp: copyFrom: failed to connect to localhost: 'exit status 255 exit status 255': retrying connection"
time="2023-06-07T14:23:27+10:00" level=warning msg="scp: copyFrom: failed to connect to localhost: 'exit status 255 exit status 255': retrying connection"
time="2023-06-07T14:23:27+10:00" level=warning msg="scp: copyFrom: failed to connect to localhost: 'exit status 255 exit status 255': retrying connection"
time="2023-06-07T14:23:28+10:00" level=warning msg="scp: copyFrom: failed to connect to localhost: 'exit status 255 exit status 255': retrying connection"
time="2023-06-07T14:23:28+10:00" level=warning msg="scp: copyFrom: failed to connect to localhost: 'exit status 255 exit status 255': retrying connection"
time="2023-06-07T14:23:28+10:00" level=warning msg="scp: copyFrom: failed to connect to localhost: 'exit status 255 exit status 255': retrying connection"
time="2023-06-07T14:23:28+10:00" level=warning msg="scp: copyFrom: failed to connect to localhost: 'exit status 255 exit status 255': retrying connection"
time="2023-06-07T14:23:28+10:00" level=warning msg="scp: copyFrom: failed to connect to localhost: 'exit status 255 exit status 255': retrying connection"
time="2023-06-07T14:23:29+10:00" level=warning msg="scp: copyFrom: failed to connect to localhost: 'exit status 255 exit status 255': retrying connection"
time="2023-06-07T14:23:29+10:00" level=warning msg="scp: copyFrom: failed to connect to localhost: 'exit status 255 exit status 255': retrying connection"
time="2023-06-07T14:23:29+10:00" level=warning msg="scp: copyFrom: failed to connect to localhost: 'exit status 255 exit status 255': retrying connection"
time="2023-06-07T14:23:29+10:00" level=warning msg="scp: copyFrom: failed to connect to localhost: 'exit status 255 exit status 255': retrying connection"
time="2023-06-07T14:23:30+10:00" level=warning msg="scp: copyFrom: failed to connect to localhost: 'exit status 255 exit status 255': retrying connection"
time="2023-06-07T14:23:30+10:00" level=warning msg="scp: copyFrom: failed to connect to localhost: 'exit status 255 exit status 255': retrying connection"
time="2023-06-07T14:23:30+10:00" level=warning msg="scp: copyFrom: failed to connect to localhost: 'exit status 255 exit status 255': retrying connection"
time="2023-06-07T14:23:30+10:00" level=warning msg="scp: copyFrom: failed to connect to localhost: 'exit status 255 exit status 255': retrying connection"
time="2023-06-07T14:23:31+10:00" level=warning msg="scp: copyFrom: failed to connect to localhost: 'exit status 255 exit status 255': retrying connection"
time="2023-06-07T14:23:31+10:00" level=warning msg="scp: copyFrom: failed to connect to localhost: 'exit status 255 exit status 255': retrying connection"
time="2023-06-07T14:23:31+10:00" level=warning msg="scp: copyFrom: failed to connect to localhost: 'exit status 255 exit status 255': retrying connection"
time="2023-06-07T14:23:31+10:00" level=warning msg="scp: copyFrom: failed to connect to localhost: 'exit status 255 exit status 255': retrying connection"
time="2023-06-07T14:23:32+10:00" level=warning msg="scp: copyFrom: failed to connect to localhost: 'exit status 255 exit status 255': retrying connection"
time="2023-06-07T14:23:32+10:00" level=warning msg="scp: copyFrom: failed to connect to localhost: 'exit status 255 exit status 255': retrying connection"
time="2023-06-07T14:23:32+10:00" level=warning msg="scp: copyFrom: failed to connect to localhost: 'exit status 255 exit status 255': retrying connection"
time="2023-06-07T14:23:32+10:00" level=warning msg="scp: copyFrom: failed to connect to localhost: 'exit status 255 exit status 255': retrying connection"
time="2023-06-07T14:23:32+10:00" level=warning msg="scp: copyFrom: failed to connect to localhost: 'exit status 255 exit status 255': retrying connection"
time="2023-06-07T14:23:32+10:00" level=error msg="copy_from: failed to copyFrom bar/foo.txt: scp: copyFrom: failed after 30 attempt(s): timed out waiting for the condition"
    copy_from_test.go:273: scp: copyFrom: failed after 30 attempt(s): timed out waiting for the condition
=== RUN   TestCopyFromFuncSSHAll/copy_from_script_for_host_resources/resource_loop
time="2023-06-07T14:23:33+10:00" level=warning msg="scp: copyFrom: failed to connect to 127.0.0.1: 'exit status 255 exit status 255': retrying connection"
time="2023-06-07T14:23:33+10:00" level=warning msg="scp: copyFrom: failed to connect to 127.0.0.1: 'exit status 255 exit status 255': retrying connection"
time="2023-06-07T14:23:33+10:00" level=warning msg="scp: copyFrom: failed to connect to 127.0.0.1: 'exit status 255 exit status 255': retrying connection"
time="2023-06-07T14:23:33+10:00" level=warning msg="scp: copyFrom: failed to connect to 127.0.0.1: 'exit status 255 exit status 255': retrying connection"
time="2023-06-07T14:23:34+10:00" level=warning msg="scp: copyFrom: failed to connect to 127.0.0.1: 'exit status 255 exit status 255': retrying connection"
time="2023-06-07T14:23:34+10:00" level=warning msg="scp: copyFrom: failed to connect to 127.0.0.1: 'exit status 255 exit status 255': retrying connection"
time="2023-06-07T14:23:34+10:00" level=warning msg="scp: copyFrom: failed to connect to 127.0.0.1: 'exit status 255 exit status 255': retrying connection"
time="2023-06-07T14:23:34+10:00" level=warning msg="scp: copyFrom: failed to connect to 127.0.0.1: 'exit status 255 exit status 255': retrying connection"
time="2023-06-07T14:23:34+10:00" level=warning msg="scp: copyFrom: failed to connect to 127.0.0.1: 'exit status 255 exit status 255': retrying connection"
time="2023-06-07T14:23:35+10:00" level=warning msg="scp: copyFrom: failed to connect to 127.0.0.1: 'exit status 255 exit status 255': retrying connection"
time="2023-06-07T14:23:35+10:00" level=warning msg="scp: copyFrom: failed to connect to 127.0.0.1: 'exit status 255 exit status 255': retrying connection"
time="2023-06-07T14:23:35+10:00" level=warning msg="scp: copyFrom: failed to connect to 127.0.0.1: 'exit status 255 exit status 255': retrying connection"
time="2023-06-07T14:23:35+10:00" level=warning msg="scp: copyFrom: failed to connect to 127.0.0.1: 'exit status 255 exit status 255': retrying connection"
time="2023-06-07T14:23:36+10:00" level=warning msg="scp: copyFrom: failed to connect to 127.0.0.1: 'exit status 255 exit status 255': retrying connection"
time="2023-06-07T14:23:36+10:00" level=warning msg="scp: copyFrom: failed to connect to 127.0.0.1: 'exit status 255 exit status 255': retrying connection"
time="2023-06-07T14:23:36+10:00" level=warning msg="scp: copyFrom: failed to connect to 127.0.0.1: 'exit status 255 exit status 255': retrying connection"
time="2023-06-07T14:23:36+10:00" level=warning msg="scp: copyFrom: failed to connect to 127.0.0.1: 'exit status 255 exit status 255': retrying connection"
time="2023-06-07T14:23:36+10:00" level=warning msg="scp: copyFrom: failed to connect to 127.0.0.1: 'exit status 255 exit status 255': retrying connection"
time="2023-06-07T14:23:37+10:00" level=warning msg="scp: copyFrom: failed to connect to 127.0.0.1: 'exit status 255 exit status 255': retrying connection"
time="2023-06-07T14:23:37+10:00" level=warning msg="scp: copyFrom: failed to connect to 127.0.0.1: 'exit status 255 exit status 255': retrying connection"
time="2023-06-07T14:23:37+10:00" level=warning msg="scp: copyFrom: failed to connect to 127.0.0.1: 'exit status 255 exit status 255': retrying connection"
time="2023-06-07T14:23:37+10:00" level=warning msg="scp: copyFrom: failed to connect to 127.0.0.1: 'exit status 255 exit status 255': retrying connection"
time="2023-06-07T14:23:38+10:00" level=warning msg="scp: copyFrom: failed to connect to 127.0.0.1: 'exit status 255 exit status 255': retrying connection"
time="2023-06-07T14:23:38+10:00" level=warning msg="scp: copyFrom: failed to connect to 127.0.0.1: 'exit status 255 exit status 255': retrying connection"
time="2023-06-07T14:23:38+10:00" level=warning msg="scp: copyFrom: failed to connect to 127.0.0.1: 'exit status 255 exit status 255': retrying connection"
time="2023-06-07T14:23:38+10:00" level=warning msg="scp: copyFrom: failed to connect to 127.0.0.1: 'exit status 255 exit status 255': retrying connection"
time="2023-06-07T14:23:38+10:00" level=warning msg="scp: copyFrom: failed to connect to 127.0.0.1: 'exit status 255 exit status 255': retrying connection"
time="2023-06-07T14:23:39+10:00" level=warning msg="scp: copyFrom: failed to connect to 127.0.0.1: 'exit status 255 exit status 255': retrying connection"
time="2023-06-07T14:23:39+10:00" level=warning msg="scp: copyFrom: failed to connect to 127.0.0.1: 'exit status 255 exit status 255': retrying connection"
time="2023-06-07T14:23:39+10:00" level=warning msg="scp: copyFrom: failed to connect to 127.0.0.1: 'exit status 255 exit status 255': retrying connection"
time="2023-06-07T14:23:39+10:00" level=error msg="copy_from: failed to copyFrom bar/*.txt: scp: copyFrom: failed after 30 attempt(s): timed out waiting for the condition"
    copy_from_test.go:338: scp: copyFrom: failed after 30 attempt(s): timed out waiting for the condition
--- FAIL: TestCopyFromFuncSSHAll (59.95s)
    --- FAIL: TestCopyFromFuncSSHAll/copyFrom_func_for_host_resources (37.90s)
        --- FAIL: TestCopyFromFuncSSHAll/copyFrom_func_for_host_resources/single_machine_single_file (7.20s)
        --- FAIL: TestCopyFromFuncSSHAll/copyFrom_func_for_host_resources/multiple_machines_single_files (15.23s)
        --- FAIL: TestCopyFromFuncSSHAll/copyFrom_func_for_host_resources/multiple_machines_files_glob (15.47s)
    --- FAIL: TestCopyFromFuncSSHAll/copy_from_script_for_host_resources (22.05s)
        --- FAIL: TestCopyFromFuncSSHAll/copy_from_script_for_host_resources/multiple_machines_single_copyFrom (13.50s)
        --- FAIL: TestCopyFromFuncSSHAll/copy_from_script_for_host_resources/resource_loop (6.68s)
=== RUN   TestCopyToFuncSSHAll
=== RUN   TestCopyToFuncSSHAll/copyToFunc_for_host_resources
=== RUN   TestCopyToFuncSSHAll/copyToFunc_for_host_resources/single_machine_single_file
    test_support.go:16: creating local test dir: /Users/pegrant/.crashd-testing/crashd-test-cb814ebad5db05cb/tmp
    test_support.go:20: dir created: /Users/pegrant/.crashd-testing/crashd-test-cb814ebad5db05cb/tmp
    test_support.go:29: creating local test file: /Users/pegrant/.crashd-testing/crashd-test-cb814ebad5db05cb/tmp/foo.txt
    test_support.go:39: local test file created: /Users/pegrant/.crashd-testing/crashd-test-cb814ebad5db05cb/tmp/foo.txt
time="2023-06-07T14:23:39+10:00" level=warning msg="scp: failed to connect to 127.0.0.1: 'exit status 255 exit status 255': retrying connection"
time="2023-06-07T14:23:40+10:00" level=warning msg="scp: failed to connect to 127.0.0.1: 'exit status 255 exit status 255': retrying connection"
time="2023-06-07T14:23:40+10:00" level=warning msg="scp: failed to connect to 127.0.0.1: 'exit status 255 exit status 255': retrying connection"
time="2023-06-07T14:23:40+10:00" level=warning msg="scp: failed to connect to 127.0.0.1: 'exit status 255 exit status 255': retrying connection"
time="2023-06-07T14:23:40+10:00" level=warning msg="scp: failed to connect to 127.0.0.1: 'exit status 255 exit status 255': retrying connection"
time="2023-06-07T14:23:40+10:00" level=warning msg="scp: failed to connect to 127.0.0.1: 'exit status 255 exit status 255': retrying connection"
time="2023-06-07T14:23:41+10:00" level=warning msg="scp: failed to connect to 127.0.0.1: 'exit status 255 exit status 255': retrying connection"
time="2023-06-07T14:23:41+10:00" level=warning msg="scp: failed to connect to 127.0.0.1: 'exit status 255 exit status 255': retrying connection"
time="2023-06-07T14:23:41+10:00" level=warning msg="scp: failed to connect to 127.0.0.1: 'exit status 255 exit status 255': retrying connection"
time="2023-06-07T14:23:41+10:00" level=warning msg="scp: failed to connect to 127.0.0.1: 'exit status 255 exit status 255': retrying connection"
time="2023-06-07T14:23:42+10:00" level=warning msg="scp: failed to connect to 127.0.0.1: 'exit status 255 exit status 255': retrying connection"
time="2023-06-07T14:23:42+10:00" level=warning msg="scp: failed to connect to 127.0.0.1: 'exit status 255 exit status 255': retrying connection"
time="2023-06-07T14:23:42+10:00" level=warning msg="scp: failed to connect to 127.0.0.1: 'exit status 255 exit status 255': retrying connection"
time="2023-06-07T14:23:42+10:00" level=warning msg="scp: failed to connect to 127.0.0.1: 'exit status 255 exit status 255': retrying connection"
time="2023-06-07T14:23:42+10:00" level=warning msg="scp: failed to connect to 127.0.0.1: 'exit status 255 exit status 255': retrying connection"
time="2023-06-07T14:23:43+10:00" level=warning msg="scp: failed to connect to 127.0.0.1: 'exit status 255 exit status 255': retrying connection"
time="2023-06-07T14:23:43+10:00" level=warning msg="scp: failed to connect to 127.0.0.1: 'exit status 255 exit status 255': retrying connection"
time="2023-06-07T14:23:43+10:00" level=warning msg="scp: failed to connect to 127.0.0.1: 'exit status 255 exit status 255': retrying connection"
time="2023-06-07T14:23:43+10:00" level=warning msg="scp: failed to connect to 127.0.0.1: 'exit status 255 exit status 255': retrying connection"
time="2023-06-07T14:23:44+10:00" level=warning msg="scp: failed to connect to 127.0.0.1: 'exit status 255 exit status 255': retrying connection"
time="2023-06-07T14:23:44+10:00" level=warning msg="scp: failed to connect to 127.0.0.1: 'exit status 255 exit status 255': retrying connection"
time="2023-06-07T14:23:44+10:00" level=warning msg="scp: failed to connect to 127.0.0.1: 'exit status 255 exit status 255': retrying connection"
time="2023-06-07T14:23:44+10:00" level=warning msg="scp: failed to connect to 127.0.0.1: 'exit status 255 exit status 255': retrying connection"
time="2023-06-07T14:23:44+10:00" level=warning msg="scp: failed to connect to 127.0.0.1: 'exit status 255 exit status 255': retrying connection"
time="2023-06-07T14:23:45+10:00" level=warning msg="scp: failed to connect to 127.0.0.1: 'exit status 255 exit status 255': retrying connection"
time="2023-06-07T14:23:45+10:00" level=warning msg="scp: failed to connect to 127.0.0.1: 'exit status 255 exit status 255': retrying connection"
time="2023-06-07T14:23:45+10:00" level=warning msg="scp: failed to connect to 127.0.0.1: 'exit status 255 exit status 255': retrying connection"
time="2023-06-07T14:23:45+10:00" level=warning msg="scp: failed to connect to 127.0.0.1: 'exit status 255 exit status 255': retrying connection"
time="2023-06-07T14:23:46+10:00" level=warning msg="scp: failed to connect to 127.0.0.1: 'exit status 255 exit status 255': retrying connection"
time="2023-06-07T14:23:46+10:00" level=warning msg="scp: failed to connect to 127.0.0.1: 'exit status 255 exit status 255': retrying connection"
time="2023-06-07T14:23:46+10:00" level=error msg="copy_to: failed to copy to : /Users/pegrant/.crashd-testing/crashd-test-cb814ebad5db05cb/tmp/foo.txt: scp: copyTo: failed after 30 attempt(s): timed out waiting for the condition"
    copy_to_test.go:52:  starlarkstruct [&starlarkstruct.Struct{constructor:"command_result", entries:starlarkstruct.entries{starlarkstruct.entry{name:"err", value:"scp: copyTo: failed after 30 attempt(s): timed out waiting for the condition"}, starlarkstruct.entry{name:"resource", value:"127.0.0.1"}, starlarkstruct.entry{name:"result", value:"foo.txt"}}}]
    test_support.go:84: stat remote SSH test file: foo.txt
    copy_to_test.go:69: scp: copyTo: failed after 30 attempt(s): timed out waiting for the condition
    test_support.go:92: removing test file over SSH: foo.txt
    test_support.go:43: removing local test path: /Users/pegrant/.crashd-testing/crashd-test-cb814ebad5db05cb/tmp/foo.txt
=== RUN   TestCopyToFuncSSHAll/copyToFunc_for_host_resources/multiple_machines_single_files
    test_support.go:50: creating remote test dir over SSH: bar
    test_support.go:60: dir created: proc: out: failed to wait: exit status 255
    test_support.go:16: creating local test dir: /Users/pegrant/.crashd-testing/crashd-test-cb814ebad5db05cb/tmp/bar
    test_support.go:20: dir created: /Users/pegrant/.crashd-testing/crashd-test-cb814ebad5db05cb/tmp/bar
    test_support.go:29: creating local test file: /Users/pegrant/.crashd-testing/crashd-test-cb814ebad5db05cb/tmp/bar/bar.txt
    test_support.go:39: local test file created: /Users/pegrant/.crashd-testing/crashd-test-cb814ebad5db05cb/tmp/bar/bar.txt
    test_support.go:50: creating remote test dir over SSH: bar
    test_support.go:60: dir created: proc: out: failed to wait: exit status 255
    test_support.go:16: creating local test dir: /Users/pegrant/.crashd-testing/crashd-test-cb814ebad5db05cb/tmp/bar
    test_support.go:20: dir created: /Users/pegrant/.crashd-testing/crashd-test-cb814ebad5db05cb/tmp/bar
    test_support.go:29: creating local test file: /Users/pegrant/.crashd-testing/crashd-test-cb814ebad5db05cb/tmp/bar/foo.txt
    test_support.go:39: local test file created: /Users/pegrant/.crashd-testing/crashd-test-cb814ebad5db05cb/tmp/bar/foo.txt
    test_support.go:16: creating local test dir: /Users/pegrant/.crashd-testing/crashd-test-cb814ebad5db05cb/tmp
    test_support.go:20: dir created: /Users/pegrant/.crashd-testing/crashd-test-cb814ebad5db05cb/tmp
    test_support.go:29: creating local test file: /Users/pegrant/.crashd-testing/crashd-test-cb814ebad5db05cb/tmp/baz.txt
    test_support.go:39: local test file created: /Users/pegrant/.crashd-testing/crashd-test-cb814ebad5db05cb/tmp/baz.txt
time="2023-06-07T14:23:47+10:00" level=warning msg="scp: failed to connect to localhost: 'exit status 255 exit status 255': retrying connection"
time="2023-06-07T14:23:47+10:00" level=warning msg="scp: failed to connect to localhost: 'exit status 255 exit status 255': retrying connection"
time="2023-06-07T14:23:47+10:00" level=warning msg="scp: failed to connect to localhost: 'exit status 255 exit status 255': retrying connection"
time="2023-06-07T14:23:47+10:00" level=warning msg="scp: failed to connect to localhost: 'exit status 255 exit status 255': retrying connection"
time="2023-06-07T14:23:48+10:00" level=warning msg="scp: failed to connect to localhost: 'exit status 255 exit status 255': retrying connection"
time="2023-06-07T14:23:48+10:00" level=warning msg="scp: failed to connect to localhost: 'exit status 255 exit status 255': retrying connection"
time="2023-06-07T14:23:48+10:00" level=warning msg="scp: failed to connect to localhost: 'exit status 255 exit status 255': retrying connection"
time="2023-06-07T14:23:48+10:00" level=warning msg="scp: failed to connect to localhost: 'exit status 255 exit status 255': retrying connection"
time="2023-06-07T14:23:49+10:00" level=warning msg="scp: failed to connect to localhost: 'exit status 255 exit status 255': retrying connection"
time="2023-06-07T14:23:49+10:00" level=warning msg="scp: failed to connect to localhost: 'exit status 255 exit status 255': retrying connection"
time="2023-06-07T14:23:49+10:00" level=warning msg="scp: failed to connect to localhost: 'exit status 255 exit status 255': retrying connection"
time="2023-06-07T14:23:49+10:00" level=warning msg="scp: failed to connect to localhost: 'exit status 255 exit status 255': retrying connection"
time="2023-06-07T14:23:49+10:00" level=warning msg="scp: failed to connect to localhost: 'exit status 255 exit status 255': retrying connection"
time="2023-06-07T14:23:50+10:00" level=warning msg="scp: failed to connect to localhost: 'exit status 255 exit status 255': retrying connection"
time="2023-06-07T14:23:50+10:00" level=warning msg="scp: failed to connect to localhost: 'exit status 255 exit status 255': retrying connection"
time="2023-06-07T14:23:50+10:00" level=warning msg="scp: failed to connect to localhost: 'exit status 255 exit status 255': retrying connection"
time="2023-06-07T14:23:50+10:00" level=warning msg="scp: failed to connect to localhost: 'exit status 255 exit status 255': retrying connection"
time="2023-06-07T14:23:51+10:00" level=warning msg="scp: failed to connect to localhost: 'exit status 255 exit status 255': retrying connection"
time="2023-06-07T14:23:51+10:00" level=warning msg="scp: failed to connect to localhost: 'exit status 255 exit status 255': retrying connection"
time="2023-06-07T14:23:51+10:00" level=warning msg="scp: failed to connect to localhost: 'exit status 255 exit status 255': retrying connection"
time="2023-06-07T14:23:51+10:00" level=warning msg="scp: failed to connect to localhost: 'exit status 255 exit status 255': retrying connection"
time="2023-06-07T14:23:52+10:00" level=warning msg="scp: failed to connect to localhost: 'exit status 255 exit status 255': retrying connection"
time="2023-06-07T14:23:52+10:00" level=warning msg="scp: failed to connect to localhost: 'exit status 255 exit status 255': retrying connection"
time="2023-06-07T14:23:52+10:00" level=warning msg="scp: failed to connect to localhost: 'exit status 255 exit status 255': retrying connection"
time="2023-06-07T14:23:52+10:00" level=warning msg="scp: failed to connect to localhost: 'exit status 255 exit status 255': retrying connection"
time="2023-06-07T14:23:52+10:00" level=warning msg="scp: failed to connect to localhost: 'exit status 255 exit status 255': retrying connection"
time="2023-06-07T14:23:53+10:00" level=warning msg="scp: failed to connect to localhost: 'exit status 255 exit status 255': retrying connection"
time="2023-06-07T14:23:53+10:00" level=warning msg="scp: failed to connect to localhost: 'exit status 255 exit status 255': retrying connection"
time="2023-06-07T14:23:53+10:00" level=warning msg="scp: failed to connect to localhost: 'exit status 255 exit status 255': retrying connection"
time="2023-06-07T14:23:53+10:00" level=warning msg="scp: failed to connect to localhost: 'exit status 255 exit status 255': retrying connection"
time="2023-06-07T14:23:53+10:00" level=error msg="copy_to: failed to copy to : /Users/pegrant/.crashd-testing/crashd-test-cb814ebad5db05cb/tmp/bar/bar.txt: scp: copyTo: failed after 30 attempt(s): timed out waiting for the condition"
time="2023-06-07T14:23:54+10:00" level=warning msg="scp: failed to connect to 127.0.0.1: 'exit status 255 exit status 255': retrying connection"
time="2023-06-07T14:23:54+10:00" level=warning msg="scp: failed to connect to 127.0.0.1: 'exit status 255 exit status 255': retrying connection"
time="2023-06-07T14:23:54+10:00" level=warning msg="scp: failed to connect to 127.0.0.1: 'exit status 255 exit status 255': retrying connection"
time="2023-06-07T14:23:54+10:00" level=warning msg="scp: failed to connect to 127.0.0.1: 'exit status 255 exit status 255': retrying connection"
time="2023-06-07T14:23:54+10:00" level=warning msg="scp: failed to connect to 127.0.0.1: 'exit status 255 exit status 255': retrying connection"
time="2023-06-07T14:23:55+10:00" level=warning msg="scp: failed to connect to 127.0.0.1: 'exit status 255 exit status 255': retrying connection"
time="2023-06-07T14:23:55+10:00" level=warning msg="scp: failed to connect to 127.0.0.1: 'exit status 255 exit status 255': retrying connection"
time="2023-06-07T14:23:55+10:00" level=warning msg="scp: failed to connect to 127.0.0.1: 'exit status 255 exit status 255': retrying connection"
time="2023-06-07T14:23:55+10:00" level=warning msg="scp: failed to connect to 127.0.0.1: 'exit status 255 exit status 255': retrying connection"
time="2023-06-07T14:23:56+10:00" level=warning msg="scp: failed to connect to 127.0.0.1: 'exit status 255 exit status 255': retrying connection"
time="2023-06-07T14:23:56+10:00" level=warning msg="scp: failed to connect to 127.0.0.1: 'exit status 255 exit status 255': retrying connection"
time="2023-06-07T14:23:56+10:00" level=warning msg="scp: failed to connect to 127.0.0.1: 'exit status 255 exit status 255': retrying connection"
time="2023-06-07T14:23:56+10:00" level=warning msg="scp: failed to connect to 127.0.0.1: 'exit status 255 exit status 255': retrying connection"
time="2023-06-07T14:23:56+10:00" level=warning msg="scp: failed to connect to 127.0.0.1: 'exit status 255 exit status 255': retrying connection"
time="2023-06-07T14:23:57+10:00" level=warning msg="scp: failed to connect to 127.0.0.1: 'exit status 255 exit status 255': retrying connection"
time="2023-06-07T14:23:57+10:00" level=warning msg="scp: failed to connect to 127.0.0.1: 'exit status 255 exit status 255': retrying connection"
time="2023-06-07T14:23:57+10:00" level=warning msg="scp: failed to connect to 127.0.0.1: 'exit status 255 exit status 255': retrying connection"
time="2023-06-07T14:23:57+10:00" level=warning msg="scp: failed to connect to 127.0.0.1: 'exit status 255 exit status 255': retrying connection"
time="2023-06-07T14:23:58+10:00" level=warning msg="scp: failed to connect to 127.0.0.1: 'exit status 255 exit status 255': retrying connection"
time="2023-06-07T14:23:58+10:00" level=warning msg="scp: failed to connect to 127.0.0.1: 'exit status 255 exit status 255': retrying connection"
time="2023-06-07T14:23:58+10:00" level=warning msg="scp: failed to connect to 127.0.0.1: 'exit status 255 exit status 255': retrying connection"
time="2023-06-07T14:23:58+10:00" level=warning msg="scp: failed to connect to 127.0.0.1: 'exit status 255 exit status 255': retrying connection"
time="2023-06-07T14:23:58+10:00" level=warning msg="scp: failed to connect to 127.0.0.1: 'exit status 255 exit status 255': retrying connection"
time="2023-06-07T14:23:59+10:00" level=warning msg="scp: failed to connect to 127.0.0.1: 'exit status 255 exit status 255': retrying connection"
time="2023-06-07T14:23:59+10:00" level=warning msg="scp: failed to connect to 127.0.0.1: 'exit status 255 exit status 255': retrying connection"
time="2023-06-07T14:23:59+10:00" level=warning msg="scp: failed to connect to 127.0.0.1: 'exit status 255 exit status 255': retrying connection"
time="2023-06-07T14:23:59+10:00" level=warning msg="scp: failed to connect to 127.0.0.1: 'exit status 255 exit status 255': retrying connection"
time="2023-06-07T14:24:00+10:00" level=warning msg="scp: failed to connect to 127.0.0.1: 'exit status 255 exit status 255': retrying connection"
time="2023-06-07T14:24:00+10:00" level=warning msg="scp: failed to connect to 127.0.0.1: 'exit status 255 exit status 255': retrying connection"
time="2023-06-07T14:24:00+10:00" level=warning msg="scp: failed to connect to 127.0.0.1: 'exit status 255 exit status 255': retrying connection"
time="2023-06-07T14:24:00+10:00" level=error msg="copy_to: failed to copy to : /Users/pegrant/.crashd-testing/crashd-test-cb814ebad5db05cb/tmp/bar/bar.txt: scp: copyTo: failed after 30 attempt(s): timed out waiting for the condition"
    test_support.go:84: stat remote SSH test file: bar/bar.txt
    copy_to_test.go:124: scp: copyTo: failed after 30 attempt(s): timed out waiting for the condition
    test_support.go:92: removing test file over SSH: bar/bar.txt
    test_support.go:43: removing local test path: /Users/pegrant/.crashd-testing/crashd-test-cb814ebad5db05cb/tmp/bar/bar.txt
    test_support.go:92: removing test file over SSH: bar/foo.txt
    test_support.go:43: removing local test path: /Users/pegrant/.crashd-testing/crashd-test-cb814ebad5db05cb/tmp/bar/foo.txt
    test_support.go:92: removing test file over SSH: baz.txt
    test_support.go:43: removing local test path: /Users/pegrant/.crashd-testing/crashd-test-cb814ebad5db05cb/tmp/baz.txt
=== RUN   TestCopyToFuncSSHAll/copyToFunc_for_host_resources/multiple_machines_glob_path
    test_support.go:50: creating remote test dir over SSH: bar
    test_support.go:60: dir created: proc: out: failed to wait: exit status 255
    test_support.go:16: creating local test dir: /Users/pegrant/.crashd-testing/crashd-test-cb814ebad5db05cb/tmp/bar
    test_support.go:20: dir created: /Users/pegrant/.crashd-testing/crashd-test-cb814ebad5db05cb/tmp/bar
    test_support.go:29: creating local test file: /Users/pegrant/.crashd-testing/crashd-test-cb814ebad5db05cb/tmp/bar/bar.txt
    test_support.go:39: local test file created: /Users/pegrant/.crashd-testing/crashd-test-cb814ebad5db05cb/tmp/bar/bar.txt
    test_support.go:50: creating remote test dir over SSH: bar
    test_support.go:60: dir created: proc: out: failed to wait: exit status 255
    test_support.go:16: creating local test dir: /Users/pegrant/.crashd-testing/crashd-test-cb814ebad5db05cb/tmp/bar
    test_support.go:20: dir created: /Users/pegrant/.crashd-testing/crashd-test-cb814ebad5db05cb/tmp/bar
    test_support.go:29: creating local test file: /Users/pegrant/.crashd-testing/crashd-test-cb814ebad5db05cb/tmp/bar/foo.txt
    test_support.go:39: local test file created: /Users/pegrant/.crashd-testing/crashd-test-cb814ebad5db05cb/tmp/bar/foo.txt
    test_support.go:50: creating remote test dir over SSH: bar
    test_support.go:60: dir created: proc: out: failed to wait: exit status 255
    test_support.go:16: creating local test dir: /Users/pegrant/.crashd-testing/crashd-test-cb814ebad5db05cb/tmp/bar
    test_support.go:20: dir created: /Users/pegrant/.crashd-testing/crashd-test-cb814ebad5db05cb/tmp/bar
    test_support.go:29: creating local test file: /Users/pegrant/.crashd-testing/crashd-test-cb814ebad5db05cb/tmp/bar/baz.csv
    test_support.go:39: local test file created: /Users/pegrant/.crashd-testing/crashd-test-cb814ebad5db05cb/tmp/bar/baz.csv
time="2023-06-07T14:24:01+10:00" level=warning msg="scp: failed to connect to 127.0.0.1: 'exit status 255 exit status 255': retrying connection"
time="2023-06-07T14:24:02+10:00" level=warning msg="scp: failed to connect to 127.0.0.1: 'exit status 255 exit status 255': retrying connection"
time="2023-06-07T14:24:02+10:00" level=warning msg="scp: failed to connect to 127.0.0.1: 'exit status 255 exit status 255': retrying connection"
time="2023-06-07T14:24:02+10:00" level=warning msg="scp: failed to connect to 127.0.0.1: 'exit status 255 exit status 255': retrying connection"
time="2023-06-07T14:24:02+10:00" level=warning msg="scp: failed to connect to 127.0.0.1: 'exit status 255 exit status 255': retrying connection"
time="2023-06-07T14:24:03+10:00" level=warning msg="scp: failed to connect to 127.0.0.1: 'exit status 255 exit status 255': retrying connection"
time="2023-06-07T14:24:03+10:00" level=warning msg="scp: failed to connect to 127.0.0.1: 'exit status 255 exit status 255': retrying connection"
time="2023-06-07T14:24:03+10:00" level=warning msg="scp: failed to connect to 127.0.0.1: 'exit status 255 exit status 255': retrying connection"
time="2023-06-07T14:24:03+10:00" level=warning msg="scp: failed to connect to 127.0.0.1: 'exit status 255 exit status 255': retrying connection"
time="2023-06-07T14:24:04+10:00" level=warning msg="scp: failed to connect to 127.0.0.1: 'exit status 255 exit status 255': retrying connection"
time="2023-06-07T14:24:04+10:00" level=warning msg="scp: failed to connect to 127.0.0.1: 'exit status 255 exit status 255': retrying connection"
time="2023-06-07T14:24:04+10:00" level=warning msg="scp: failed to connect to 127.0.0.1: 'exit status 255 exit status 255': retrying connection"
time="2023-06-07T14:24:04+10:00" level=warning msg="scp: failed to connect to 127.0.0.1: 'exit status 255 exit status 255': retrying connection"
time="2023-06-07T14:24:04+10:00" level=warning msg="scp: failed to connect to 127.0.0.1: 'exit status 255 exit status 255': retrying connection"
time="2023-06-07T14:24:05+10:00" level=warning msg="scp: failed to connect to 127.0.0.1: 'exit status 255 exit status 255': retrying connection"
time="2023-06-07T14:24:05+10:00" level=warning msg="scp: failed to connect to 127.0.0.1: 'exit status 255 exit status 255': retrying connection"
time="2023-06-07T14:24:05+10:00" level=warning msg="scp: failed to connect to 127.0.0.1: 'exit status 255 exit status 255': retrying connection"
time="2023-06-07T14:24:05+10:00" level=warning msg="scp: failed to connect to 127.0.0.1: 'exit status 255 exit status 255': retrying connection"
time="2023-06-07T14:24:06+10:00" level=warning msg="scp: failed to connect to 127.0.0.1: 'exit status 255 exit status 255': retrying connection"
time="2023-06-07T14:24:06+10:00" level=warning msg="scp: failed to connect to 127.0.0.1: 'exit status 255 exit status 255': retrying connection"
time="2023-06-07T14:24:06+10:00" level=warning msg="scp: failed to connect to 127.0.0.1: 'exit status 255 exit status 255': retrying connection"
time="2023-06-07T14:24:06+10:00" level=warning msg="scp: failed to connect to 127.0.0.1: 'exit status 255 exit status 255': retrying connection"
time="2023-06-07T14:24:06+10:00" level=warning msg="scp: failed to connect to 127.0.0.1: 'exit status 255 exit status 255': retrying connection"
time="2023-06-07T14:24:07+10:00" level=warning msg="scp: failed to connect to 127.0.0.1: 'exit status 255 exit status 255': retrying connection"
time="2023-06-07T14:24:07+10:00" level=warning msg="scp: failed to connect to 127.0.0.1: 'exit status 255 exit status 255': retrying connection"
time="2023-06-07T14:24:07+10:00" level=warning msg="scp: failed to connect to 127.0.0.1: 'exit status 255 exit status 255': retrying connection"
time="2023-06-07T14:24:07+10:00" level=warning msg="scp: failed to connect to 127.0.0.1: 'exit status 255 exit status 255': retrying connection"
time="2023-06-07T14:24:08+10:00" level=warning msg="scp: failed to connect to 127.0.0.1: 'exit status 255 exit status 255': retrying connection"
time="2023-06-07T14:24:08+10:00" level=warning msg="scp: failed to connect to 127.0.0.1: 'exit status 255 exit status 255': retrying connection"
time="2023-06-07T14:24:08+10:00" level=warning msg="scp: failed to connect to 127.0.0.1: 'exit status 255 exit status 255': retrying connection"
time="2023-06-07T14:24:08+10:00" level=error msg="copy_to: failed to copy to : /Users/pegrant/.crashd-testing/crashd-test-cb814ebad5db05cb/tmp/bar/baz.csv: scp: copyTo: failed after 30 attempt(s): timed out waiting for the condition"
time="2023-06-07T14:24:08+10:00" level=warning msg="scp: failed to connect to localhost: 'exit status 255 exit status 255': retrying connection"
time="2023-06-07T14:24:08+10:00" level=warning msg="scp: failed to connect to localhost: 'exit status 255 exit status 255': retrying connection"
time="2023-06-07T14:24:09+10:00" level=warning msg="scp: failed to connect to localhost: 'exit status 255 exit status 255': retrying connection"
time="2023-06-07T14:24:09+10:00" level=warning msg="scp: failed to connect to localhost: 'exit status 255 exit status 255': retrying connection"
time="2023-06-07T14:24:09+10:00" level=warning msg="scp: failed to connect to localhost: 'exit status 255 exit status 255': retrying connection"
time="2023-06-07T14:24:09+10:00" level=warning msg="scp: failed to connect to localhost: 'exit status 255 exit status 255': retrying connection"
time="2023-06-07T14:24:10+10:00" level=warning msg="scp: failed to connect to localhost: 'exit status 255 exit status 255': retrying connection"
time="2023-06-07T14:24:10+10:00" level=warning msg="scp: failed to connect to localhost: 'exit status 255 exit status 255': retrying connection"
time="2023-06-07T14:24:10+10:00" level=warning msg="scp: failed to connect to localhost: 'exit status 255 exit status 255': retrying connection"
time="2023-06-07T14:24:10+10:00" level=warning msg="scp: failed to connect to localhost: 'exit status 255 exit status 255': retrying connection"
time="2023-06-07T14:24:10+10:00" level=warning msg="scp: failed to connect to localhost: 'exit status 255 exit status 255': retrying connection"
time="2023-06-07T14:24:11+10:00" level=warning msg="scp: failed to connect to localhost: 'exit status 255 exit status 255': retrying connection"
time="2023-06-07T14:24:11+10:00" level=warning msg="scp: failed to connect to localhost: 'exit status 255 exit status 255': retrying connection"
time="2023-06-07T14:24:11+10:00" level=warning msg="scp: failed to connect to localhost: 'exit status 255 exit status 255': retrying connection"
time="2023-06-07T14:24:11+10:00" level=warning msg="scp: failed to connect to localhost: 'exit status 255 exit status 255': retrying connection"
time="2023-06-07T14:24:12+10:00" level=warning msg="scp: failed to connect to localhost: 'exit status 255 exit status 255': retrying connection"
time="2023-06-07T14:24:12+10:00" level=warning msg="scp: failed to connect to localhost: 'exit status 255 exit status 255': retrying connection"
time="2023-06-07T14:24:12+10:00" level=warning msg="scp: failed to connect to localhost: 'exit status 255 exit status 255': retrying connection"
time="2023-06-07T14:24:12+10:00" level=warning msg="scp: failed to connect to localhost: 'exit status 255 exit status 255': retrying connection"
time="2023-06-07T14:24:13+10:00" level=warning msg="scp: failed to connect to localhost: 'exit status 255 exit status 255': retrying connection"
time="2023-06-07T14:24:13+10:00" level=warning msg="scp: failed to connect to localhost: 'exit status 255 exit status 255': retrying connection"
time="2023-06-07T14:24:13+10:00" level=warning msg="scp: failed to connect to localhost: 'exit status 255 exit status 255': retrying connection"
time="2023-06-07T14:24:13+10:00" level=warning msg="scp: failed to connect to localhost: 'exit status 255 exit status 255': retrying connection"
time="2023-06-07T14:24:13+10:00" level=warning msg="scp: failed to connect to localhost: 'exit status 255 exit status 255': retrying connection"
time="2023-06-07T14:24:14+10:00" level=warning msg="scp: failed to connect to localhost: 'exit status 255 exit status 255': retrying connection"
time="2023-06-07T14:24:14+10:00" level=warning msg="scp: failed to connect to localhost: 'exit status 255 exit status 255': retrying connection"
time="2023-06-07T14:24:14+10:00" level=warning msg="scp: failed to connect to localhost: 'exit status 255 exit status 255': retrying connection"
time="2023-06-07T14:24:14+10:00" level=warning msg="scp: failed to connect to localhost: 'exit status 255 exit status 255': retrying connection"
time="2023-06-07T14:24:15+10:00" level=warning msg="scp: failed to connect to localhost: 'exit status 255 exit status 255': retrying connection"
time="2023-06-07T14:24:15+10:00" level=warning msg="scp: failed to connect to localhost: 'exit status 255 exit status 255': retrying connection"
time="2023-06-07T14:24:15+10:00" level=error msg="copy_to: failed to copy to : /Users/pegrant/.crashd-testing/crashd-test-cb814ebad5db05cb/tmp/bar/baz.csv: scp: copyTo: failed after 30 attempt(s): timed out waiting for the condition"
    test_support.go:84: stat remote SSH test file: bar/baz.cvs
    copy_to_test.go:179: scp: copyTo: failed after 30 attempt(s): timed out waiting for the condition
    test_support.go:92: removing test file over SSH: bar/baz.csv
    test_support.go:43: removing local test path: /Users/pegrant/.crashd-testing/crashd-test-cb814ebad5db05cb/tmp/bar/baz.csv
    test_support.go:92: removing test file over SSH: bar/bar.txt
    test_support.go:43: removing local test path: /Users/pegrant/.crashd-testing/crashd-test-cb814ebad5db05cb/tmp/bar/bar.txt
    test_support.go:92: removing test file over SSH: bar/foo.txt
    test_support.go:43: removing local test path: /Users/pegrant/.crashd-testing/crashd-test-cb814ebad5db05cb/tmp/bar/foo.txt
=== RUN   TestCopyToFuncSSHAll/copy_from_script_for_host_resources
    test_support.go:16: creating local test dir: /Users/pegrant/.crashd-testing/crashd-test-cb814ebad5db05cb/tmp
    test_support.go:20: dir created: /Users/pegrant/.crashd-testing/crashd-test-cb814ebad5db05cb/tmp
    test_support.go:29: creating local test file: /Users/pegrant/.crashd-testing/crashd-test-cb814ebad5db05cb/tmp/foobar.c
    test_support.go:39: local test file created: /Users/pegrant/.crashd-testing/crashd-test-cb814ebad5db05cb/tmp/foobar.c
    test_support.go:50: creating remote test dir over SSH: bar
    test_support.go:60: dir created: proc: out: failed to wait: exit status 255
    test_support.go:16: creating local test dir: /Users/pegrant/.crashd-testing/crashd-test-cb814ebad5db05cb/tmp/bar
    test_support.go:20: dir created: /Users/pegrant/.crashd-testing/crashd-test-cb814ebad5db05cb/tmp/bar
    test_support.go:29: creating local test file: /Users/pegrant/.crashd-testing/crashd-test-cb814ebad5db05cb/tmp/bar/bar.txt
    test_support.go:39: local test file created: /Users/pegrant/.crashd-testing/crashd-test-cb814ebad5db05cb/tmp/bar/bar.txt
    test_support.go:50: creating remote test dir over SSH: bar
    test_support.go:60: dir created: proc: out: failed to wait: exit status 255
    test_support.go:16: creating local test dir: /Users/pegrant/.crashd-testing/crashd-test-cb814ebad5db05cb/tmp/bar
    test_support.go:20: dir created: /Users/pegrant/.crashd-testing/crashd-test-cb814ebad5db05cb/tmp/bar
    test_support.go:29: creating local test file: /Users/pegrant/.crashd-testing/crashd-test-cb814ebad5db05cb/tmp/bar/foo.txt
    test_support.go:39: local test file created: /Users/pegrant/.crashd-testing/crashd-test-cb814ebad5db05cb/tmp/bar/foo.txt
    test_support.go:50: creating remote test dir over SSH: bar
    test_support.go:60: dir created: proc: out: failed to wait: exit status 255
    test_support.go:16: creating local test dir: /Users/pegrant/.crashd-testing/crashd-test-cb814ebad5db05cb/tmp/bar
    test_support.go:20: dir created: /Users/pegrant/.crashd-testing/crashd-test-cb814ebad5db05cb/tmp/bar
    test_support.go:29: creating local test file: /Users/pegrant/.crashd-testing/crashd-test-cb814ebad5db05cb/tmp/bar/baz.csv
    test_support.go:39: local test file created: /Users/pegrant/.crashd-testing/crashd-test-cb814ebad5db05cb/tmp/bar/baz.csv
=== RUN   TestCopyToFuncSSHAll/copy_from_script_for_host_resources/multiple_machines_single_copyTo
time="2023-06-07T14:24:16+10:00" level=warning msg="scp: failed to connect to 127.0.0.1: 'exit status 255 exit status 255': retrying connection"
time="2023-06-07T14:24:17+10:00" level=warning msg="scp: failed to connect to 127.0.0.1: 'exit status 255 exit status 255': retrying connection"
time="2023-06-07T14:24:17+10:00" level=warning msg="scp: failed to connect to 127.0.0.1: 'exit status 255 exit status 255': retrying connection"
time="2023-06-07T14:24:17+10:00" level=warning msg="scp: failed to connect to 127.0.0.1: 'exit status 255 exit status 255': retrying connection"
time="2023-06-07T14:24:17+10:00" level=warning msg="scp: failed to connect to 127.0.0.1: 'exit status 255 exit status 255': retrying connection"
time="2023-06-07T14:24:17+10:00" level=warning msg="scp: failed to connect to 127.0.0.1: 'exit status 255 exit status 255': retrying connection"
time="2023-06-07T14:24:18+10:00" level=warning msg="scp: failed to connect to 127.0.0.1: 'exit status 255 exit status 255': retrying connection"
time="2023-06-07T14:24:18+10:00" level=warning msg="scp: failed to connect to 127.0.0.1: 'exit status 255 exit status 255': retrying connection"
time="2023-06-07T14:24:18+10:00" level=warning msg="scp: failed to connect to 127.0.0.1: 'exit status 255 exit status 255': retrying connection"
time="2023-06-07T14:24:18+10:00" level=warning msg="scp: failed to connect to 127.0.0.1: 'exit status 255 exit status 255': retrying connection"
time="2023-06-07T14:24:19+10:00" level=warning msg="scp: failed to connect to 127.0.0.1: 'exit status 255 exit status 255': retrying connection"
time="2023-06-07T14:24:19+10:00" level=warning msg="scp: failed to connect to 127.0.0.1: 'exit status 255 exit status 255': retrying connection"
time="2023-06-07T14:24:19+10:00" level=warning msg="scp: failed to connect to 127.0.0.1: 'exit status 255 exit status 255': retrying connection"
time="2023-06-07T14:24:19+10:00" level=warning msg="scp: failed to connect to 127.0.0.1: 'exit status 255 exit status 255': retrying connection"
time="2023-06-07T14:24:20+10:00" level=warning msg="scp: failed to connect to 127.0.0.1: 'exit status 255 exit status 255': retrying connection"
time="2023-06-07T14:24:20+10:00" level=warning msg="scp: failed to connect to 127.0.0.1: 'exit status 255 exit status 255': retrying connection"
time="2023-06-07T14:24:20+10:00" level=warning msg="scp: failed to connect to 127.0.0.1: 'exit status 255 exit status 255': retrying connection"
time="2023-06-07T14:24:20+10:00" level=warning msg="scp: failed to connect to 127.0.0.1: 'exit status 255 exit status 255': retrying connection"
time="2023-06-07T14:24:20+10:00" level=warning msg="scp: failed to connect to 127.0.0.1: 'exit status 255 exit status 255': retrying connection"
time="2023-06-07T14:24:21+10:00" level=warning msg="scp: failed to connect to 127.0.0.1: 'exit status 255 exit status 255': retrying connection"
time="2023-06-07T14:24:21+10:00" level=warning msg="scp: failed to connect to 127.0.0.1: 'exit status 255 exit status 255': retrying connection"
time="2023-06-07T14:24:21+10:00" level=warning msg="scp: failed to connect to 127.0.0.1: 'exit status 255 exit status 255': retrying connection"
time="2023-06-07T14:24:21+10:00" level=warning msg="scp: failed to connect to 127.0.0.1: 'exit status 255 exit status 255': retrying connection"
time="2023-06-07T14:24:22+10:00" level=warning msg="scp: failed to connect to 127.0.0.1: 'exit status 255 exit status 255': retrying connection"
time="2023-06-07T14:24:22+10:00" level=warning msg="scp: failed to connect to 127.0.0.1: 'exit status 255 exit status 255': retrying connection"
time="2023-06-07T14:24:22+10:00" level=warning msg="scp: failed to connect to 127.0.0.1: 'exit status 255 exit status 255': retrying connection"
time="2023-06-07T14:24:22+10:00" level=warning msg="scp: failed to connect to 127.0.0.1: 'exit status 255 exit status 255': retrying connection"
time="2023-06-07T14:24:22+10:00" level=warning msg="scp: failed to connect to 127.0.0.1: 'exit status 255 exit status 255': retrying connection"
time="2023-06-07T14:24:23+10:00" level=warning msg="scp: failed to connect to 127.0.0.1: 'exit status 255 exit status 255': retrying connection"
time="2023-06-07T14:24:23+10:00" level=warning msg="scp: failed to connect to 127.0.0.1: 'exit status 255 exit status 255': retrying connection"
time="2023-06-07T14:24:23+10:00" level=error msg="copy_to: failed to copy to : /Users/pegrant/.crashd-testing/crashd-test-cb814ebad5db05cb/tmp/bar/foo.txt: scp: copyTo: failed after 30 attempt(s): timed out waiting for the condition"
time="2023-06-07T14:24:23+10:00" level=warning msg="scp: failed to connect to localhost: 'exit status 255 exit status 255': retrying connection"
time="2023-06-07T14:24:23+10:00" level=warning msg="scp: failed to connect to localhost: 'exit status 255 exit status 255': retrying connection"
time="2023-06-07T14:24:24+10:00" level=warning msg="scp: failed to connect to localhost: 'exit status 255 exit status 255': retrying connection"
time="2023-06-07T14:24:24+10:00" level=warning msg="scp: failed to connect to localhost: 'exit status 255 exit status 255': retrying connection"
time="2023-06-07T14:24:24+10:00" level=warning msg="scp: failed to connect to localhost: 'exit status 255 exit status 255': retrying connection"
time="2023-06-07T14:24:24+10:00" level=warning msg="scp: failed to connect to localhost: 'exit status 255 exit status 255': retrying connection"
time="2023-06-07T14:24:24+10:00" level=warning msg="scp: failed to connect to localhost: 'exit status 255 exit status 255': retrying connection"
time="2023-06-07T14:24:25+10:00" level=warning msg="scp: failed to connect to localhost: 'exit status 255 exit status 255': retrying connection"
time="2023-06-07T14:24:25+10:00" level=warning msg="scp: failed to connect to localhost: 'exit status 255 exit status 255': retrying connection"
time="2023-06-07T14:24:25+10:00" level=warning msg="scp: failed to connect to localhost: 'exit status 255 exit status 255': retrying connection"
time="2023-06-07T14:24:25+10:00" level=warning msg="scp: failed to connect to localhost: 'exit status 255 exit status 255': retrying connection"
time="2023-06-07T14:24:26+10:00" level=warning msg="scp: failed to connect to localhost: 'exit status 255 exit status 255': retrying connection"
time="2023-06-07T14:24:26+10:00" level=warning msg="scp: failed to connect to localhost: 'exit status 255 exit status 255': retrying connection"
time="2023-06-07T14:24:26+10:00" level=warning msg="scp: failed to connect to localhost: 'exit status 255 exit status 255': retrying connection"
time="2023-06-07T14:24:26+10:00" level=warning msg="scp: failed to connect to localhost: 'exit status 255 exit status 255': retrying connection"
time="2023-06-07T14:24:26+10:00" level=warning msg="scp: failed to connect to localhost: 'exit status 255 exit status 255': retrying connection"
time="2023-06-07T14:24:27+10:00" level=warning msg="scp: failed to connect to localhost: 'exit status 255 exit status 255': retrying connection"
time="2023-06-07T14:24:27+10:00" level=warning msg="scp: failed to connect to localhost: 'exit status 255 exit status 255': retrying connection"
time="2023-06-07T14:24:27+10:00" level=warning msg="scp: failed to connect to localhost: 'exit status 255 exit status 255': retrying connection"
time="2023-06-07T14:24:27+10:00" level=warning msg="scp: failed to connect to localhost: 'exit status 255 exit status 255': retrying connection"
time="2023-06-07T14:24:28+10:00" level=warning msg="scp: failed to connect to localhost: 'exit status 255 exit status 255': retrying connection"
time="2023-06-07T14:24:28+10:00" level=warning msg="scp: failed to connect to localhost: 'exit status 255 exit status 255': retrying connection"
time="2023-06-07T14:24:28+10:00" level=warning msg="scp: failed to connect to localhost: 'exit status 255 exit status 255': retrying connection"
time="2023-06-07T14:24:28+10:00" level=warning msg="scp: failed to connect to localhost: 'exit status 255 exit status 255': retrying connection"
time="2023-06-07T14:24:29+10:00" level=warning msg="scp: failed to connect to localhost: 'exit status 255 exit status 255': retrying connection"
time="2023-06-07T14:24:29+10:00" level=warning msg="scp: failed to connect to localhost: 'exit status 255 exit status 255': retrying connection"
time="2023-06-07T14:24:29+10:00" level=warning msg="scp: failed to connect to localhost: 'exit status 255 exit status 255': retrying connection"
time="2023-06-07T14:24:29+10:00" level=warning msg="scp: failed to connect to localhost: 'exit status 255 exit status 255': retrying connection"
time="2023-06-07T14:24:29+10:00" level=warning msg="scp: failed to connect to localhost: 'exit status 255 exit status 255': retrying connection"
time="2023-06-07T14:24:30+10:00" level=warning msg="scp: failed to connect to localhost: 'exit status 255 exit status 255': retrying connection"
time="2023-06-07T14:24:30+10:00" level=error msg="copy_to: failed to copy to : /Users/pegrant/.crashd-testing/crashd-test-cb814ebad5db05cb/tmp/bar/foo.txt: scp: copyTo: failed after 30 attempt(s): timed out waiting for the condition"
    test_support.go:84: stat remote SSH test file: bar/foo.txt
    copy_to_test.go:256: scp: copyTo: failed after 30 attempt(s): timed out waiting for the condition
=== NAME  TestCopyToFuncSSHAll/copy_from_script_for_host_resources
    test_support.go:50: creating remote test dir over SSH: bar
    test_support.go:60: dir created: proc: out: failed to wait: exit status 255
    test_support.go:16: creating local test dir: /Users/pegrant/.crashd-testing/crashd-test-cb814ebad5db05cb/tmp/bar
    test_support.go:20: dir created: /Users/pegrant/.crashd-testing/crashd-test-cb814ebad5db05cb/tmp/bar
    test_support.go:29: creating local test file: /Users/pegrant/.crashd-testing/crashd-test-cb814ebad5db05cb/tmp/bar/foo.txt
    test_support.go:39: local test file created: /Users/pegrant/.crashd-testing/crashd-test-cb814ebad5db05cb/tmp/bar/foo.txt
    test_support.go:50: creating remote test dir over SSH: bar
    test_support.go:60: dir created: proc: out: failed to wait: exit status 255
    test_support.go:16: creating local test dir: /Users/pegrant/.crashd-testing/crashd-test-cb814ebad5db05cb/tmp/bar
    test_support.go:20: dir created: /Users/pegrant/.crashd-testing/crashd-test-cb814ebad5db05cb/tmp/bar
    test_support.go:29: creating local test file: /Users/pegrant/.crashd-testing/crashd-test-cb814ebad5db05cb/tmp/bar/baz.csv
    test_support.go:39: local test file created: /Users/pegrant/.crashd-testing/crashd-test-cb814ebad5db05cb/tmp/bar/baz.csv
    test_support.go:50: creating remote test dir over SSH: bar
    test_support.go:60: dir created: proc: out: failed to wait: exit status 255
    test_support.go:16: creating local test dir: /Users/pegrant/.crashd-testing/crashd-test-cb814ebad5db05cb/tmp/bar
    test_support.go:20: dir created: /Users/pegrant/.crashd-testing/crashd-test-cb814ebad5db05cb/tmp/bar
    test_support.go:29: creating local test file: /Users/pegrant/.crashd-testing/crashd-test-cb814ebad5db05cb/tmp/bar/bar.txt
    test_support.go:39: local test file created: /Users/pegrant/.crashd-testing/crashd-test-cb814ebad5db05cb/tmp/bar/bar.txt
=== RUN   TestCopyToFuncSSHAll/copy_from_script_for_host_resources/resource_loop
time="2023-06-07T14:24:31+10:00" level=warning msg="scp: failed to connect to 127.0.0.1: 'exit status 255 exit status 255': retrying connection"
time="2023-06-07T14:24:31+10:00" level=warning msg="scp: failed to connect to 127.0.0.1: 'exit status 255 exit status 255': retrying connection"
time="2023-06-07T14:24:31+10:00" level=warning msg="scp: failed to connect to 127.0.0.1: 'exit status 255 exit status 255': retrying connection"
time="2023-06-07T14:24:31+10:00" level=warning msg="scp: failed to connect to 127.0.0.1: 'exit status 255 exit status 255': retrying connection"
time="2023-06-07T14:24:32+10:00" level=warning msg="scp: failed to connect to 127.0.0.1: 'exit status 255 exit status 255': retrying connection"
time="2023-06-07T14:24:32+10:00" level=warning msg="scp: failed to connect to 127.0.0.1: 'exit status 255 exit status 255': retrying connection"
time="2023-06-07T14:24:32+10:00" level=warning msg="scp: failed to connect to 127.0.0.1: 'exit status 255 exit status 255': retrying connection"
time="2023-06-07T14:24:32+10:00" level=warning msg="scp: failed to connect to 127.0.0.1: 'exit status 255 exit status 255': retrying connection"
time="2023-06-07T14:24:33+10:00" level=warning msg="scp: failed to connect to 127.0.0.1: 'exit status 255 exit status 255': retrying connection"
time="2023-06-07T14:24:33+10:00" level=warning msg="scp: failed to connect to 127.0.0.1: 'exit status 255 exit status 255': retrying connection"
time="2023-06-07T14:24:33+10:00" level=warning msg="scp: failed to connect to 127.0.0.1: 'exit status 255 exit status 255': retrying connection"
time="2023-06-07T14:24:33+10:00" level=warning msg="scp: failed to connect to 127.0.0.1: 'exit status 255 exit status 255': retrying connection"
time="2023-06-07T14:24:34+10:00" level=warning msg="scp: failed to connect to 127.0.0.1: 'exit status 255 exit status 255': retrying connection"
time="2023-06-07T14:24:34+10:00" level=warning msg="scp: failed to connect to 127.0.0.1: 'exit status 255 exit status 255': retrying connection"
time="2023-06-07T14:24:34+10:00" level=warning msg="scp: failed to connect to 127.0.0.1: 'exit status 255 exit status 255': retrying connection"
time="2023-06-07T14:24:34+10:00" level=warning msg="scp: failed to connect to 127.0.0.1: 'exit status 255 exit status 255': retrying connection"
time="2023-06-07T14:24:34+10:00" level=warning msg="scp: failed to connect to 127.0.0.1: 'exit status 255 exit status 255': retrying connection"
time="2023-06-07T14:24:35+10:00" level=warning msg="scp: failed to connect to 127.0.0.1: 'exit status 255 exit status 255': retrying connection"
time="2023-06-07T14:24:35+10:00" level=warning msg="scp: failed to connect to 127.0.0.1: 'exit status 255 exit status 255': retrying connection"
time="2023-06-07T14:24:35+10:00" level=warning msg="scp: failed to connect to 127.0.0.1: 'exit status 255 exit status 255': retrying connection"
time="2023-06-07T14:24:35+10:00" level=warning msg="scp: failed to connect to 127.0.0.1: 'exit status 255 exit status 255': retrying connection"
time="2023-06-07T14:24:36+10:00" level=warning msg="scp: failed to connect to 127.0.0.1: 'exit status 255 exit status 255': retrying connection"
time="2023-06-07T14:24:36+10:00" level=warning msg="scp: failed to connect to 127.0.0.1: 'exit status 255 exit status 255': retrying connection"
time="2023-06-07T14:24:36+10:00" level=warning msg="scp: failed to connect to 127.0.0.1: 'exit status 255 exit status 255': retrying connection"
time="2023-06-07T14:24:36+10:00" level=warning msg="scp: failed to connect to 127.0.0.1: 'exit status 255 exit status 255': retrying connection"
time="2023-06-07T14:24:36+10:00" level=warning msg="scp: failed to connect to 127.0.0.1: 'exit status 255 exit status 255': retrying connection"
time="2023-06-07T14:24:37+10:00" level=warning msg="scp: failed to connect to 127.0.0.1: 'exit status 255 exit status 255': retrying connection"
time="2023-06-07T14:24:37+10:00" level=warning msg="scp: failed to connect to 127.0.0.1: 'exit status 255 exit status 255': retrying connection"
time="2023-06-07T14:24:37+10:00" level=warning msg="scp: failed to connect to 127.0.0.1: 'exit status 255 exit status 255': retrying connection"
time="2023-06-07T14:24:37+10:00" level=warning msg="scp: failed to connect to 127.0.0.1: 'exit status 255 exit status 255': retrying connection"
time="2023-06-07T14:24:37+10:00" level=error msg="copy_to: failed to copy to : /Users/pegrant/.crashd-testing/crashd-test-cb814ebad5db05cb/tmp/bar/foo.txt: scp: copyTo: failed after 30 attempt(s): timed out waiting for the condition"
time="2023-06-07T14:24:37+10:00" level=warning msg="scp: failed to connect to localhost: 'exit status 255 exit status 255': retrying connection"
time="2023-06-07T14:24:38+10:00" level=warning msg="scp: failed to connect to localhost: 'exit status 255 exit status 255': retrying connection"
time="2023-06-07T14:24:38+10:00" level=warning msg="scp: failed to connect to localhost: 'exit status 255 exit status 255': retrying connection"
time="2023-06-07T14:24:38+10:00" level=warning msg="scp: failed to connect to localhost: 'exit status 255 exit status 255': retrying connection"
time="2023-06-07T14:24:38+10:00" level=warning msg="scp: failed to connect to localhost: 'exit status 255 exit status 255': retrying connection"
time="2023-06-07T14:24:39+10:00" level=warning msg="scp: failed to connect to localhost: 'exit status 255 exit status 255': retrying connection"
time="2023-06-07T14:24:39+10:00" level=warning msg="scp: failed to connect to localhost: 'exit status 255 exit status 255': retrying connection"
time="2023-06-07T14:24:39+10:00" level=warning msg="scp: failed to connect to localhost: 'exit status 255 exit status 255': retrying connection"
time="2023-06-07T14:24:39+10:00" level=warning msg="scp: failed to connect to localhost: 'exit status 255 exit status 255': retrying connection"
time="2023-06-07T14:24:39+10:00" level=warning msg="scp: failed to connect to localhost: 'exit status 255 exit status 255': retrying connection"
time="2023-06-07T14:24:40+10:00" level=warning msg="scp: failed to connect to localhost: 'exit status 255 exit status 255': retrying connection"
time="2023-06-07T14:24:40+10:00" level=warning msg="scp: failed to connect to localhost: 'exit status 255 exit status 255': retrying connection"
time="2023-06-07T14:24:40+10:00" level=warning msg="scp: failed to connect to localhost: 'exit status 255 exit status 255': retrying connection"
time="2023-06-07T14:24:40+10:00" level=warning msg="scp: failed to connect to localhost: 'exit status 255 exit status 255': retrying connection"
time="2023-06-07T14:24:41+10:00" level=warning msg="scp: failed to connect to localhost: 'exit status 255 exit status 255': retrying connection"
time="2023-06-07T14:24:41+10:00" level=warning msg="scp: failed to connect to localhost: 'exit status 255 exit status 255': retrying connection"
time="2023-06-07T14:24:41+10:00" level=warning msg="scp: failed to connect to localhost: 'exit status 255 exit status 255': retrying connection"
time="2023-06-07T14:24:41+10:00" level=warning msg="scp: failed to connect to localhost: 'exit status 255 exit status 255': retrying connection"
time="2023-06-07T14:24:42+10:00" level=warning msg="scp: failed to connect to localhost: 'exit status 255 exit status 255': retrying connection"
time="2023-06-07T14:24:42+10:00" level=warning msg="scp: failed to connect to localhost: 'exit status 255 exit status 255': retrying connection"
time="2023-06-07T14:24:42+10:00" level=warning msg="scp: failed to connect to localhost: 'exit status 255 exit status 255': retrying connection"
time="2023-06-07T14:24:42+10:00" level=warning msg="scp: failed to connect to localhost: 'exit status 255 exit status 255': retrying connection"
time="2023-06-07T14:24:42+10:00" level=warning msg="scp: failed to connect to localhost: 'exit status 255 exit status 255': retrying connection"
time="2023-06-07T14:24:43+10:00" level=warning msg="scp: failed to connect to localhost: 'exit status 255 exit status 255': retrying connection"
time="2023-06-07T14:24:43+10:00" level=warning msg="scp: failed to connect to localhost: 'exit status 255 exit status 255': retrying connection"
time="2023-06-07T14:24:43+10:00" level=warning msg="scp: failed to connect to localhost: 'exit status 255 exit status 255': retrying connection"
time="2023-06-07T14:24:43+10:00" level=warning msg="scp: failed to connect to localhost: 'exit status 255 exit status 255': retrying connection"
time="2023-06-07T14:24:44+10:00" level=warning msg="scp: failed to connect to localhost: 'exit status 255 exit status 255': retrying connection"
time="2023-06-07T14:24:44+10:00" level=warning msg="scp: failed to connect to localhost: 'exit status 255 exit status 255': retrying connection"
time="2023-06-07T14:24:44+10:00" level=warning msg="scp: failed to connect to localhost: 'exit status 255 exit status 255': retrying connection"
time="2023-06-07T14:24:44+10:00" level=error msg="copy_to: failed to copy to : /Users/pegrant/.crashd-testing/crashd-test-cb814ebad5db05cb/tmp/bar/foo.txt: scp: copyTo: failed after 30 attempt(s): timed out waiting for the condition"
    test_support.go:84: stat remote SSH test file: bar
    copy_to_test.go:312: scp: copyTo: failed after 30 attempt(s): timed out waiting for the condition
=== NAME  TestCopyToFuncSSHAll/copy_from_script_for_host_resources
    test_support.go:92: removing test file over SSH: bar/foo.txt
    test_support.go:43: removing local test path: /Users/pegrant/.crashd-testing/crashd-test-cb814ebad5db05cb/tmp/bar/foo.txt
    test_support.go:92: removing test file over SSH: bar/baz.csv
    test_support.go:43: removing local test path: /Users/pegrant/.crashd-testing/crashd-test-cb814ebad5db05cb/tmp/bar/baz.csv
    test_support.go:92: removing test file over SSH: bar/bar.txt
    test_support.go:43: removing local test path: /Users/pegrant/.crashd-testing/crashd-test-cb814ebad5db05cb/tmp/bar/bar.txt
    test_support.go:92: removing test file over SSH: bar/bar.txt
    test_support.go:43: removing local test path: /Users/pegrant/.crashd-testing/crashd-test-cb814ebad5db05cb/tmp/bar/bar.txt
    test_support.go:92: removing test file over SSH: bar/foo.txt
    test_support.go:43: removing local test path: /Users/pegrant/.crashd-testing/crashd-test-cb814ebad5db05cb/tmp/bar/foo.txt
    test_support.go:92: removing test file over SSH: bar/baz.csv
    test_support.go:43: removing local test path: /Users/pegrant/.crashd-testing/crashd-test-cb814ebad5db05cb/tmp/bar/baz.csv
--- FAIL: TestCopyToFuncSSHAll (65.80s)
    --- FAIL: TestCopyToFuncSSHAll/copyToFunc_for_host_resources (36.26s)
        --- FAIL: TestCopyToFuncSSHAll/copyToFunc_for_host_resources/single_machine_single_file (6.90s)
        --- FAIL: TestCopyToFuncSSHAll/copyToFunc_for_host_resources/multiple_machines_single_files (14.46s)
        --- FAIL: TestCopyToFuncSSHAll/copyToFunc_for_host_resources/multiple_machines_glob_path (14.90s)
    --- FAIL: TestCopyToFuncSSHAll/copy_from_script_for_host_resources (29.54s)
        --- FAIL: TestCopyToFuncSSHAll/copy_from_script_for_host_resources/multiple_machines_single_copyTo (13.62s)
        --- FAIL: TestCopyToFuncSSHAll/copy_from_script_for_host_resources/resource_loop (13.54s)
=== RUN   TestCrashdCfgAll
=== RUN   TestCrashdCfgAll/testCrashdConfigNew
=== RUN   TestCrashdCfgAll/testCrashdConfigFunc
=== RUN   TestCrashdCfgAll/testCrashdConfigFunc/crash_config_saved_in_thread
=== RUN   TestCrashdCfgAll/testCrashdConfigFunc/crash_config_returned_value
=== RUN   TestCrashdCfgAll/testCrashdConfigFunc/crash_config_default
=== RUN   TestCrashdCfgAll/testCrashdConfigFunc/crash_config_with_use-ssh-agent
--- PASS: TestCrashdCfgAll (0.02s)
    --- PASS: TestCrashdCfgAll/testCrashdConfigNew (0.00s)
    --- PASS: TestCrashdCfgAll/testCrashdConfigFunc (0.02s)
        --- PASS: TestCrashdCfgAll/testCrashdConfigFunc/crash_config_saved_in_thread (0.00s)
        --- PASS: TestCrashdCfgAll/testCrashdConfigFunc/crash_config_returned_value (0.00s)
        --- PASS: TestCrashdCfgAll/testCrashdConfigFunc/crash_config_default (0.00s)
        --- PASS: TestCrashdCfgAll/testCrashdConfigFunc/crash_config_with_use-ssh-agent (0.02s)
=== RUN   TestGoValue_ToStringDict
=== RUN   TestGoValue_ToStringDict/map[string]string
=== RUN   TestGoValue_ToStringDict/map[string]int
=== RUN   TestGoValue_ToStringDict/map[string]bool
=== RUN   TestGoValue_ToStringDict/map[string][]string
--- PASS: TestGoValue_ToStringDict (0.00s)
    --- PASS: TestGoValue_ToStringDict/map[string]string (0.00s)
    --- PASS: TestGoValue_ToStringDict/map[string]int (0.00s)
    --- PASS: TestGoValue_ToStringDict/map[string]bool (0.00s)
    --- PASS: TestGoValue_ToStringDict/map[string][]string (0.00s)
=== RUN   TestGoValue_ToDict
=== RUN   TestGoValue_ToDict/map[string]string
=== RUN   TestGoValue_ToDict/map[int]int
=== RUN   TestGoValue_ToDict/map[bool][]string
--- PASS: TestGoValue_ToDict (0.00s)
    --- PASS: TestGoValue_ToDict/map[string]string (0.00s)
    --- PASS: TestGoValue_ToDict/map[int]int (0.00s)
    --- PASS: TestGoValue_ToDict/map[bool][]string (0.00s)
=== RUN   TestGoValue_ToStruct
=== RUN   TestGoValue_ToStruct/map[string]string
=== RUN   TestGoValue_ToStruct/struct{string;int;bool}
--- PASS: TestGoValue_ToStruct (0.00s)
    --- PASS: TestGoValue_ToStruct/map[string]string (0.00s)
    --- PASS: TestGoValue_ToStruct/struct{string;int;bool} (0.00s)
=== RUN   TestGoValue_ToTuple
=== RUN   TestGoValue_ToTuple/[]string
=== RUN   TestGoValue_ToTuple/[]bool
--- PASS: TestGoValue_ToTuple (0.00s)
    --- PASS: TestGoValue_ToTuple/[]string (0.00s)
    --- PASS: TestGoValue_ToTuple/[]bool (0.00s)
=== RUN   TestGoValue_ToList
=== RUN   TestGoValue_ToList/[]string
=== RUN   TestGoValue_ToList/[]bool
--- PASS: TestGoValue_ToList (0.00s)
    --- PASS: TestGoValue_ToList/[]string (0.00s)
    --- PASS: TestGoValue_ToList/[]bool (0.00s)
=== RUN   TestHostListProvider
=== RUN   TestHostListProvider/single_host
=== RUN   TestHostListProvider/multiple_hosts
--- PASS: TestHostListProvider (0.00s)
    --- PASS: TestHostListProvider/single_host (0.00s)
    --- PASS: TestHostListProvider/multiple_hosts (0.00s)
=== RUN   TestKubeCapture
=== RUN   TestKubeCapture/simple_test_with_namespaced_objects
=== RUN   TestKubeCapture/test_for_non-namespaced_objects
=== RUN   TestKubeCapture/simple_test_with_objects_in_categories
=== RUN   TestKubeCapture/search_for_all_logs_in_a_namespace
=== RUN   TestKubeCapture/search_for_logs_for_a_specific_container
--- PASS: TestKubeCapture (0.41s)
    --- PASS: TestKubeCapture/simple_test_with_namespaced_objects (0.06s)
    --- PASS: TestKubeCapture/test_for_non-namespaced_objects (0.05s)
    --- PASS: TestKubeCapture/simple_test_with_objects_in_categories (0.09s)
    --- PASS: TestKubeCapture/search_for_all_logs_in_a_namespace (0.15s)
    --- PASS: TestKubeCapture/search_for_logs_for_a_specific_container (0.05s)
=== RUN   TestKubeCaptureScript
=== RUN   TestKubeCaptureScript/simple_search_with_namespaced_objects_with_cluster_context
=== RUN   TestKubeCaptureScript/search_with_non-namespaced_objects
=== RUN   TestKubeCaptureScript/search_with_objects_in_categories
=== RUN   TestKubeCaptureScript/search_for_all_logs_in_a_namespace_with_cluster_context
=== RUN   TestKubeCaptureScript/search_for_logs_in_specific_container
--- PASS: TestKubeCaptureScript (0.40s)
    --- PASS: TestKubeCaptureScript/simple_search_with_namespaced_objects_with_cluster_context (0.05s)
    --- PASS: TestKubeCaptureScript/search_with_non-namespaced_objects (0.05s)
    --- PASS: TestKubeCaptureScript/search_with_objects_in_categories (0.08s)
    --- PASS: TestKubeCaptureScript/search_for_all_logs_in_a_namespace_with_cluster_context (0.16s)
    --- PASS: TestKubeCaptureScript/search_for_logs_in_specific_container (0.06s)
=== RUN   TestKubeCapture_WithBadKubeconfig
--- PASS: TestKubeCapture_WithBadKubeconfig (0.00s)
=== RUN   TestKubeGet
=== RUN   TestKubeGet/list_of_services_as_starlark_objects
=== RUN   TestKubeGet/list_of_nodes_as_starlark_objects
=== RUN   TestKubeGet/different_categories_of_objects_as_starlark_objects
W0607 14:24:46.476806   17927 warnings.go:70] autoscaling/v2beta2 HorizontalPodAutoscaler is deprecated in v1.23+, unavailable in v1.26+; use autoscaling/v2 HorizontalPodAutoscaler
W0607 14:24:46.480409   17927 warnings.go:70] autoscaling/v2beta2 HorizontalPodAutoscaler is deprecated in v1.23+, unavailable in v1.26+; use autoscaling/v2 HorizontalPodAutoscaler
W0607 14:24:46.483452   17927 warnings.go:70] autoscaling/v2beta2 HorizontalPodAutoscaler is deprecated in v1.23+, unavailable in v1.26+; use autoscaling/v2 HorizontalPodAutoscaler
W0607 14:24:46.486497   17927 warnings.go:70] autoscaling/v2beta2 HorizontalPodAutoscaler is deprecated in v1.23+, unavailable in v1.26+; use autoscaling/v2 HorizontalPodAutoscaler
W0607 14:24:46.657501   17927 warnings.go:70] autoscaling/v2beta2 HorizontalPodAutoscaler is deprecated in v1.23+, unavailable in v1.26+; use autoscaling/v2 HorizontalPodAutoscaler
--- PASS: TestKubeGet (10.38s)
    --- PASS: TestKubeGet/list_of_services_as_starlark_objects (0.04s)
    --- PASS: TestKubeGet/list_of_nodes_as_starlark_objects (0.05s)
    --- PASS: TestKubeGet/different_categories_of_objects_as_starlark_objects (10.29s)
=== RUN   TestKubeGetScript
=== RUN   TestKubeGetScript/namespaced_objects_as_starlark_objects_with_context
=== RUN   TestKubeGetScript/non-namespaced_objects_as_starlark_objects
=== RUN   TestKubeGetScript/different_categories_of_objects_as_starlark_objects_with_context
W0607 14:25:06.192035   17927 warnings.go:70] autoscaling/v2beta2 HorizontalPodAutoscaler is deprecated in v1.23+, unavailable in v1.26+; use autoscaling/v2 HorizontalPodAutoscaler
W0607 14:25:06.393690   17927 warnings.go:70] autoscaling/v2beta2 HorizontalPodAutoscaler is deprecated in v1.23+, unavailable in v1.26+; use autoscaling/v2 HorizontalPodAutoscaler
W0607 14:25:06.592560   17927 warnings.go:70] autoscaling/v2beta2 HorizontalPodAutoscaler is deprecated in v1.23+, unavailable in v1.26+; use autoscaling/v2 HorizontalPodAutoscaler
W0607 14:25:06.794730   17927 warnings.go:70] autoscaling/v2beta2 HorizontalPodAutoscaler is deprecated in v1.23+, unavailable in v1.26+; use autoscaling/v2 HorizontalPodAutoscaler
W0607 14:25:06.992126   17927 warnings.go:70] autoscaling/v2beta2 HorizontalPodAutoscaler is deprecated in v1.23+, unavailable in v1.26+; use autoscaling/v2 HorizontalPodAutoscaler
=== RUN   TestKubeGetScript/retrieve_containers_as_starlark_objects
--- PASS: TestKubeGetScript (10.43s)
    --- PASS: TestKubeGetScript/namespaced_objects_as_starlark_objects_with_context (0.03s)
    --- PASS: TestKubeGetScript/non-namespaced_objects_as_starlark_objects (0.03s)
    --- PASS: TestKubeGetScript/different_categories_of_objects_as_starlark_objects_with_context (10.27s)
    --- PASS: TestKubeGetScript/retrieve_containers_as_starlark_objects (0.09s)
=== RUN   TestLogFunc
=== RUN   TestLogFunc/logging_with_no_prefix
=== RUN   TestLogFunc/logging_with_prefix
--- PASS: TestLogFunc (0.00s)
    --- PASS: TestLogFunc/logging_with_no_prefix (0.00s)
    --- PASS: TestLogFunc/logging_with_prefix (0.00s)
=== RUN   TestLogFuncScript
=== RUN   TestLogFuncScript/logging_with_no__prefix
=== RUN   TestLogFuncScript/logging_with_prefix
--- PASS: TestLogFuncScript (0.00s)
    --- PASS: TestLogFuncScript/logging_with_no__prefix (0.00s)
    --- PASS: TestLogFuncScript/logging_with_prefix (0.00s)
=== RUN   TestProgAvailLocalScript
=== RUN   TestProgAvailLocalScript/prog_avail_local_checks_for_'go'_using_positional_args
=== RUN   TestProgAvailLocalScript/prog_avail_local_checks_for_'go'_using_keyword_args
=== RUN   TestProgAvailLocalScript/prog_avail_local_checks_for_'nonexistant'_using_positional_args
=== RUN   TestProgAvailLocalScript/prog_avail_local_checks_for_'nonexistant'_using_keyword_args
--- PASS: TestProgAvailLocalScript (0.00s)
    --- PASS: TestProgAvailLocalScript/prog_avail_local_checks_for_'go'_using_positional_args (0.00s)
    --- PASS: TestProgAvailLocalScript/prog_avail_local_checks_for_'go'_using_keyword_args (0.00s)
    --- PASS: TestProgAvailLocalScript/prog_avail_local_checks_for_'nonexistant'_using_positional_args (0.00s)
    --- PASS: TestProgAvailLocalScript/prog_avail_local_checks_for_'nonexistant'_using_keyword_args (0.00s)
=== RUN   TestResourcesFunc
=== RUN   TestResourcesFunc/empty_kwargs
=== RUN   TestResourcesFunc/bad_args
=== RUN   TestResourcesFunc/missing_ssh_config
=== RUN   TestResourcesFunc/host_only
=== RUN   TestResourcesFunc/provider_only
--- PASS: TestResourcesFunc (0.00s)
    --- PASS: TestResourcesFunc/empty_kwargs (0.00s)
    --- PASS: TestResourcesFunc/bad_args (0.00s)
    --- PASS: TestResourcesFunc/missing_ssh_config (0.00s)
    --- PASS: TestResourcesFunc/host_only (0.00s)
    --- PASS: TestResourcesFunc/provider_only (0.00s)
=== RUN   TestResourceScript
=== RUN   TestResourceScript/resources_assigned
--- PASS: TestResourceScript (0.00s)
    --- PASS: TestResourceScript/resources_assigned (0.00s)
=== RUN   TestRunLocalFunc
=== RUN   TestRunLocalFunc/simple_command
--- PASS: TestRunLocalFunc (0.01s)
    --- PASS: TestRunLocalFunc/simple_command (0.01s)
=== RUN   TestRunLocalScript
=== RUN   TestRunLocalScript/run_local
--- PASS: TestRunLocalScript (0.01s)
    --- PASS: TestRunLocalScript/run_local (0.01s)
=== RUN   TestRunFuncSSHAll
=== RUN   TestRunFuncSSHAll/testRunFuncWithHostResources
=== RUN   TestRunFuncSSHAll/testRunFuncWithHostResources/default_arg_single_machine
    run_test.go:45: runFunc returned unexpected value: proc: out: failed to wait: exit status 255
=== RUN   TestRunFuncSSHAll/testRunFuncWithHostResources/kwargs_single_machine
    run_test.go:76: runFunc returned unexpected value: proc: out: failed to wait: exit status 255
=== RUN   TestRunFuncSSHAll/testRunFuncWithHostResources/multiple_machines
    run_test.go:117: runFunc returned unexpected value: proc: out: failed to wait: exit status 255
=== RUN   TestRunFuncSSHAll/testRunFuncScriptWithHostResources
=== RUN   TestRunFuncSSHAll/testRunFuncScriptWithHostResources/default_cmd_multiple_machines
    run_test.go:169: run(): expecting Hello World!, got proc: out: failed to wait: exit status 255
    run_test.go:169: run(): expecting Hello World!, got proc: out: failed to wait: exit status 255
=== RUN   TestRunFuncSSHAll/testRunFuncScriptWithHostResources/resource_loop
    run_test.go:214: run(): expecting Hello World!, got proc: out: failed to wait: exit status 255
    run_test.go:214: run(): expecting Hello World!, got proc: out: failed to wait: exit status 255
--- FAIL: TestRunFuncSSHAll (1.10s)
    --- FAIL: TestRunFuncSSHAll/testRunFuncWithHostResources (0.56s)
        --- FAIL: TestRunFuncSSHAll/testRunFuncWithHostResources/default_arg_single_machine (0.13s)
        --- FAIL: TestRunFuncSSHAll/testRunFuncWithHostResources/kwargs_single_machine (0.15s)
        --- FAIL: TestRunFuncSSHAll/testRunFuncWithHostResources/multiple_machines (0.27s)
    --- FAIL: TestRunFuncSSHAll/testRunFuncScriptWithHostResources (0.55s)
        --- FAIL: TestRunFuncSSHAll/testRunFuncScriptWithHostResources/default_cmd_multiple_machines (0.26s)
        --- FAIL: TestRunFuncSSHAll/testRunFuncScriptWithHostResources/resource_loop (0.29s)
=== RUN   TestSSHConfigNew
--- PASS: TestSSHConfigNew (0.00s)
=== RUN   TestSSHConfigFunc
=== RUN   TestSSHConfigFunc/ssh_config_saved_in_thread
=== RUN   TestSSHConfigFunc/ssh_config_returned_value
=== RUN   TestSSHConfigFunc/crash_config_default
--- PASS: TestSSHConfigFunc (0.00s)
    --- PASS: TestSSHConfigFunc/ssh_config_saved_in_thread (0.00s)
    --- PASS: TestSSHConfigFunc/ssh_config_returned_value (0.00s)
    --- PASS: TestSSHConfigFunc/crash_config_default (0.00s)
=== RUN   TestExec
--- PASS: TestExec (0.00s)
=== RUN   TestStarlarkSuite
Running Suite: Starlark Suite
=============================
Random Seed: [1m1686111703[0m
Will run [1m20[0m of [1m20[0m specs

[32m•[0m[32m•[0m[32m•[0m[32m•[0m[32m•[0m[32m•[0m[32m•[0m[32m•[0m[32m•[0m[32m•[0m[32m•[0m[32m•[0m[32m•[0m[32m•[0m[32m•[0m[32m•[0m[32m•[0m[32m•[0m[32m•[0m[32m•[0m
[1m[32mRan 20 of 20 Specs in 0.215 seconds[0m
[1m[32mSUCCESS![0m -- [32m[1m20 Passed[0m | [91m[1m0 Failed[0m | [33m[1m0 Pending[0m | [36m[1m0 Skipped[0m
--- PASS: TestStarlarkSuite (0.22s)
FAIL
time="2023-06-07T14:25:08+10:00" level=info msg="Destroying kind cluster..."
time="2023-06-07T14:25:08+10:00" level=info msg="Destroying kind cluster crashd-test-cb814ebad5db05cb"
time="2023-06-07T14:25:09+10:00" level=info msg="Kind cluster destroyed"
time="2023-06-07T14:25:10+10:00" level=info msg="Available kind clusters: kind\nprod01\npsa-wo-cluster-pss\nsc\ntest"
time="2023-06-07T14:25:10+10:00" level=info msg="Stopping SSH server container...."
FAIL	github.com/vmware-tanzu/crash-diagnostics/starlark	212.365s
=== RUN   TestCreateKindCluster
time="2023-06-07T12:46:23+10:00" level=info msg="Creating kind cluster testing-test-cluster"
time="2023-06-07T12:46:24+10:00" level=info msg="launching: kind create cluster --config ./kind-cluster-docker.yaml --name testing-test-cluster"
time="2023-06-07T12:46:51+10:00" level=info msg="kind clusters available: kind\nprod01\npsa-wo-cluster-pss\nsc\ntest\ntesting-test-cluster"
time="2023-06-07T12:46:51+10:00" level=info msg="Creating kind cluster testing-test-cluster"
time="2023-06-07T12:46:51+10:00" level=info msg="Skipping KindCluster.Create: cluster already created: testing-test-cluster"
time="2023-06-07T12:46:51+10:00" level=info msg="Destroying kind cluster testing-test-cluster"
time="2023-06-07T12:46:53+10:00" level=info msg="Kind cluster destroyed"
time="2023-06-07T12:46:53+10:00" level=info msg="Available kind clusters: kind\nprod01\npsa-wo-cluster-pss\nsc\ntest"
--- PASS: TestCreateKindCluster (29.93s)
PASS
ok  	github.com/vmware-tanzu/crash-diagnostics/testing	(cached)
=== RUN   TestUtil
Running Suite: Util Suite
=========================
Random Seed: [1m1686105572[0m
Will run [1m8[0m of [1m8[0m specs

[32m•[0m[32m•[0m[32m•[0m[32m•[0m[32m•[0m[32m•[0m[32m•[0m[32m•[0m
[1m[32mRan 8 of 8 Specs in 0.004 seconds[0m
[1m[32mSUCCESS![0m -- [32m[1m8 Passed[0m | [91m[1m0 Failed[0m | [33m[1m0 Pending[0m | [36m[1m0 Skipped[0m
--- PASS: TestUtil (0.00s)
PASS
ok  	github.com/vmware-tanzu/crash-diagnostics/util	(cached)
FAIL
